

===== 2026-08-19T18:41:21 START C:\Users\sasit\AppData\Local\Programs\Python\Python310\pythonw.exe D:\kabu\main\1-スクリーニング自動化プログラム\main\株探ファンダ.py 3076,3174,3660,3856,4320,4415,4575,4776,5038,5247,6046,6094,6327,6501,7047,7063,7383,7532,7707,7744,7814,8084,8304,8343,8798,9887,5534,5251,7691 --force-refresh =====
[INFO] fetching finance data: https://kabutan.jp/stock/finance?code=7063
[INFO] fetching finance data: https://kabutan.jp/stock/finance?code=7691
[INFO] fetching finance data: https://kabutan.jp/stock/finance?code=5251
[INFO] fetching finance data: https://kabutan.jp/stock/finance?code=6046
[INFO] fetching finance data: https://kabutan.jp/stock/finance?code=4575
[INFO] fetching finance data: https://kabutan.jp/stock/finance?code=3856
[INFO] fetching finance data: https://kabutan.jp/stock/finance?code=5247
[ERROR] 7691: 404, message='Not Found', url='https://kabutan.jp/stock/'
[INFO] fetching finance data: https://kabutan.jp/stock/finance?code=6501
[PROG] 3856 label=26.01-03 key_q=None key_f=None cum_op=None full_op=None status=予想データ欠損 progress=None%
[OK] 3856 done. Score:0, Alpha:C
[INFO] fetching finance data: https://kabutan.jp/stock/finance?code=7707
[ERROR] 5251: 404, message='Not Found', url='https://kabutan.jp/stock/'
[INFO] fetching finance data: https://kabutan.jp/stock/finance?code=4320
[OK] 7063 done. Score:6, Alpha:A+
[PROG] 6046 label=連 26.04-06 key_q=2026.09 key_f=2026.09 cum_op=-21.0 full_op=2.0 status=予想データ欠損 progress=None%
[OK] 6046 done. Score:5, Alpha:A+
[PROG] 4575 label=26.04-06 key_q=None key_f=None cum_op=None full_op=None status=予想データ欠損 progress=None%
[OK] 4575 done. Score:0, Alpha:C
[OK] 5247 done. Score:3, Alpha:B
[INFO] fetching finance data: https://kabutan.jp/stock/finance?code=5534
[INFO] fetching finance data: https://kabutan.jp/stock/finance?code=4776
[INFO] fetching finance data: https://kabutan.jp/stock/finance?code=6327
[INFO] fetching finance data: https://kabutan.jp/stock/finance?code=8304
[OK] 6501 done. Score:4, Alpha:B
[INFO] fetching finance data: https://kabutan.jp/stock/finance?code=3174
[OK] 4320 done. Score:-1, Alpha:D-
[OK] 7707 done. Score:0, Alpha:C
[INFO] fetching finance data: https://kabutan.jp/stock/finance?code=4415
[INFO] fetching finance data: https://kabutan.jp/stock/finance?code=7814
[OK] 4776 done. Score:2, Alpha:B
[PROG] 8304 label=26.04-06 key_q=None key_f=None cum_op=None full_op=None status=予想データ欠損 progress=None%
[OK] 8304 done. Score:1, Alpha:C
[OK] 6327 done. Score:4, Alpha:B
[INFO] fetching finance data: https://kabutan.jp/stock/finance?code=3076
[INFO] fetching finance data: https://kabutan.jp/stock/finance?code=9887
[INFO] fetching finance data: https://kabutan.jp/stock/finance?code=7532
[PROG] 3174 label=連 26.03-05 key_q=2026.08 key_f=2026.08 cum_op=-256.0 full_op=-268.0 status=予想データ欠損 progress=None%
[OK] 3174 done. Score:4, Alpha:B
[INFO] fetching finance data: https://kabutan.jp/stock/finance?code=3660
[PROG] 4415 label=連 26.04-06 key_q=None key_f=None cum_op=None full_op=None status=予想データ欠損 progress=None%
[OK] 4415 done. Score:1, Alpha:C
[OK] 7814 done. Score:-3, Alpha:D-
[INFO] fetching finance data: https://kabutan.jp/stock/finance?code=7383
[INFO] fetching finance data: https://kabutan.jp/stock/finance?code=8084
[OK] 3076 done. Score:-2, Alpha:D-
[OK] 9887 done. Score:-1, Alpha:D-
[OK] 7532 done. Score:-2, Alpha:D-
[INFO] fetching finance data: https://kabutan.jp/stock/finance?code=8798
[INFO] fetching finance data: https://kabutan.jp/stock/finance?code=6094
[INFO] fetching finance data: https://kabutan.jp/stock/finance?code=7047
[ERROR] 5534: 404, message='Not Found', url='https://kabutan.jp/stock/'
[OK] 3660 done. Score:1, Alpha:C
[INFO] fetching finance data: https://kabutan.jp/stock/finance?code=8343
[INFO] fetching finance data: https://kabutan.jp/stock/finance?code=5038
[OK] 7383 done. Score:6, Alpha:A+
[OK] 8084 done. Score:5, Alpha:A+
[INFO] fetching finance data: https://kabutan.jp/stock/finance?code=7744
[OK] 8798 done. Score:6, Alpha:A+
[OK] 6094 done. Score:6, Alpha:A+
[OK] 7047 done. Score:6, Alpha:A+
[PROG] 8343 label=26.04-06 key_q=None key_f=None cum_op=None full_op=None status=予想データ欠損 progress=None%
[OK] 8343 done. Score:1, Alpha:C
[OK] 5038 done. Score:6, Alpha:A+
[OK] 7744 done. Score:4, Alpha:B
[REACTION] past_earnings_dates 再構成: 26/26銘柄
[QUARTERLY_HISTORY] 208行 UPSERT
[producer] 財務データ更新完了。Fair Value再計算は自動スクリーニング側へ委譲します。
[producer] summary OK=26 SKIP=0 ERROR=3
===== 2026-08-19T18:41:32 END status=partial rc=2 =====
