

===== 2026-08-19T18:40:00 START C:\Users\sasit\AppData\Local\Programs\Python\Python310\pythonw.exe D:\kabu\main\1-スクリーニング自動化プログラム\main\fetch_all.py =====
=== fetch_all: TDnetデータ収集開始 ===
[backfill][DOC CACHE HIT] 3557 2026-08-19 537文字 Ａ種優先株式に係る剰余金の配当（期中配当）に関するお知らせ
[backfill][DOC CACHE HIT] 7063 2026-08-19 1,444文字 （訂正）2026年６月期 決算短信〔日本基準〕（連結）の一部訂正について
[backfill][DOC CACHE HIT] 281A 2026-08-19 34,021文字 2026年12月期第２四半期決算説明資料
[backfill][DOC CACHE HIT] 3470 2026-08-19 62,871文字 2026年6月期　決算短信（ＲＥＩＴ）
[backfill][DOC CACHE HIT] 370A 2026-08-19 862文字 2026年６月期の個別業績の前期実績値との差異に関するお知らせ
[backfill][DOC CACHE HIT] 5247 2026-08-19 2,108文字 2027年３月期第１四半期決算質疑応答集
[backfill][DOC CACHE HIT] 231A 2026-08-19 2,990文字 2026年９月期第３四半期決算補足説明資料
[backfill][DOC CACHE HIT] 3076 2026-08-19 16,556文字 2026年6月期　決算短信〔日本基準〕（連結）
[backfill][DOC CACHE HIT] 421A 2026-08-19 18,387文字 2026年12月期 第２四半期決算説明会書き起こし
[backfill][DOC CACHE HIT] 4575 2026-08-19 7,554文字 2026年6月期 決算説明会資料
[backfill][DOC CACHE HIT] 4896 2026-08-19 17,989文字 2026年12月期　第2四半期（中間期）決算説明資料
[backfill][DOC CACHE HIT] 6501 2026-08-19 1,575文字 個別決算における投資有価証券売却益(特別利益)の計上に関するお知らせ
[backfill][DOC CACHE HIT] 7047 2026-08-19 5,277文字 2027年３月期第１四半期決算説明会Q&A
[backfill][DOC CACHE HIT] 7374 2026-08-19 2,935文字 当社グループ従業員等に対する譲渡制限付株式報酬制度及び業績連動型株式報酬制度の導
[backfill][DOC CACHE HIT] 7571 2026-08-19 10,709文字 2027年3月期 第１四半期 決算説明資料
[backfill][DOC CACHE HIT] 7744 2026-08-19 2,381文字 非上場の親会社等の決算に関するお知らせ
[backfill][DOC CACHE HIT] 9166 2026-08-19 2,715文字 GENDA売上進捗レポート発行に関するお知らせ【2026年８月】
[backfill][DOC CACHE HIT] 9361 2026-08-19 18,671文字 （訂正・数値データ訂正）「2026年６月期　決算短信〔日本基準〕（連結）」の一部
[backfill][DOC CACHE HIT] 1306 2026-08-19 144,808文字 NEXT FUNDS TOPIX連動型上場投信 決算短信
[backfill][DOC CACHE HIT] 1309 2026-08-19 12,368文字 NEXT FUNDS ChinaAMC・中国株式・上証50連動型上場投信 決算短
[backfill][DOC CACHE HIT] 1319 2026-08-19 27,094文字 NEXT FUNDS 日経300株価指数連動型上場投信 決算短信
[backfill][DOC CACHE HIT] 1321 2026-08-19 30,968文字 NEXT FUNDS 日経225連動型上場投信 決算短信
[backfill][DOC CACHE HIT] 1325 2026-08-19 19,661文字 NEXT FUNDS ブラジル株式指数・ボベスパ連動型上場投信 決算短信
[backfill][DOC CACHE HIT] 1328 2026-08-19 14,825文字 NEXT FUNDS 金価格連動型上場投信 決算短信
[backfill][DOC CACHE HIT] 294A 2026-08-19 16,675文字 NEXT FUNDS MSCIジャパン気候変動指数（セレクト）連動型上場投信 決
[backfill][DOC CACHE HIT] 8343 2026-08-19 840文字 2027年３月期　第１四半期末の自己資本比率について
[backfill][DOC CACHE HIT] 3856 2026-08-19 14,507文字 2026年３月期第３四半期決算短信〔日本基準〕(連結)
[backfill][DOC CACHE HIT] 3856 2026-08-19 24,199文字 2026年３月期決算短信〔日本基準〕(連結)
[backfill][DOC CACHE HIT] 3856 2026-08-19 3,702文字 2026年３月期第３四半期四半期連結財務諸表に対する期中レビュー報告書結論の不表
[backfill][DOC CACHE HIT] 4596 2026-08-19 14,919文字 2026年12月期 第2四半期決算説明資料
[backfill][DOC CACHE HIT] 3856 2026-08-19 18,418文字 (訂正・数値データ訂正)「2025年６月期第１四半期決算短信〔日本基準〕（連結）
[backfill][DOC CACHE HIT] 3856 2026-08-19 23,684文字 (訂正・数値データ訂正)「2025年３月期決算短信〔日本基準〕（連結）」の一部訂
[backfill][DOC CACHE HIT] 3856 2026-08-19 14,130文字 (訂正・数値データ訂正)「2026年３月期第１四半期決算短信〔日本基準〕（連結）
[backfill][DOC CACHE HIT] 3856 2026-08-19 17,421文字 (訂正・数値データ訂正)「2026年３月期第２四半期（中間期）決算短信〔日本基準
[backfill][DOC CACHE HIT] 3856 2026-08-19 2,759文字 過年度の有価証券報告書に係る監査報告書及び四半期レビュー報告書並びに期中レビュー
[backfill][DOC CACHE HIT] 5038 2026-08-19 5,972文字 2026年12月期第２四半期決算説明会 質疑応答（要旨）書き起こし
[backfill][DOC CACHE HIT] 1346 2026-08-19 9,567文字 ＭＡＸＩＳ 日経２２５上場投信 決算短信（2026年7月期）
[backfill][DOC CACHE HIT] 1348 2026-08-19 9,716文字 ＭＡＸＩＳ トピックス上場投信 決算短信（2026年7月期）
[backfill][DOC CACHE HIT] 1379 2026-08-19 11,574文字 2027年3月期第1四半期 決算説明資料
[backfill][DOC CACHE HIT] 1485 2026-08-19 6,940文字 ＭＡＸＩＳ ＪＡＰＡＮ 設備・人材積極投資企業２００上場投信 決算短信（2026
[backfill][DOC CACHE HIT] 1553 2026-08-19 6,255文字 ＭＡＸＩＳ Ｓ＆Ｐ東海上場投信 決算短信（2026年7月期）
[backfill][DOC CACHE HIT] 1593 2026-08-19 9,512文字 ＭＡＸＩＳ ＪＰＸ日経インデックス４００上場投信 決算短信（2026年7月期）
[backfill][DOC CACHE HIT] 2085 2026-08-19 6,885文字 ＭＡＸＩＳ高配当日本株アクティブ上場投信 決算短信（2026年7月期）
[backfill][DOC CACHE HIT] 2523 2026-08-19 6,254文字 ＭＡＸＩＳ トピックス（除く金融）上場投信 決算短信（2026年7月期）
[backfill][DOC CACHE HIT] 170A 2026-08-19 6,571文字 2026年7月期　決算短信（2026年1月12日～2026年7月11日）
[backfill][DOC CACHE HIT] 257A 2026-08-19 5,825文字 2026年7月期　決算短信（2026年1月12日～2026年7月11日）
[backfill][DOC CACHE HIT] 258A 2026-08-19 8,120文字 2026年7月期　決算短信（2026年1月12日～2026年7月11日）
[backfill][DOC CACHE HIT] 2642 2026-08-19 54,669文字 2026年7月期　決算短信（2026年1月12日～2026年7月11日）
[backfill][DOC CACHE HIT] 4413 2026-08-19 1,314文字 2027年２月期 期末配当予想の修正(無配)のお知らせ
[backfill][DOC CACHE HIT] 614A 2026-08-19 12,695文字 東京証券取引所 TOKYO PRO Market 上場に伴う当社決算情報等のお知
[backfill][DOC CACHE HIT] 3856 2026-08-18 10,804文字 過年度の有価証券報告書等の訂正報告書の提出及び過年度の決算短信の訂正に関するお知
[backfill][DOC CACHE HIT] 2796 2026-08-18 598文字 連結子会社からの配当金受領に関するお知らせ
[backfill][DOC CACHE HIT] 4415 2026-08-18 19,730文字 2026年12月期 第２四半期決算説明書き起こし
[backfill][DOC CACHE HIT] 471A 2026-08-18 485文字 （訂正）「2026年12月期第１四半期決算短信〔IFRS〕（連結）」の一部訂正に
[backfill][DOC CACHE HIT] 471A 2026-08-18 500文字 （訂正）「2026年12月期第２四半期（中間期）決算短信〔IFRS〕（連結）」の
[backfill][DOC CACHE HIT] 7707 2026-08-18 1,064文字 (訂正)「2026年６月期 決算短信〔日本基準〕（連結）」の一部訂正に関するお知
[backfill][DOC CACHE HIT] 7814 2026-08-18 17,220文字 2026年12月期　第２四半期（中間期）決算説明会資料
[backfill][DOC CACHE HIT] 3174 2026-08-18 1,914文字 2026年８月期通期連結・個別業績予想の修正に関するお知らせ
[backfill][DOC CACHE HIT] 6327 2026-08-18 11,715文字 2026年６月期 決算短信〔日本基準〕（連結）
[backfill][DOC CACHE HIT] 6327 2026-08-18 1,023文字 剰余金の配当に関するお知らせ
[backfill][DOC CACHE HIT] 1999 2026-08-18 21,424文字 2026年6月期　決算短信〔日本基準〕（連結）
[backfill][DOC CACHE HIT] 1999 2026-08-18 765文字 通期連結業績予想値と実績値との差異に関するお知らせ
[backfill][DOC CACHE HIT] 2160 2026-08-18 36,315文字 2026年12月期 第2四半期決算説明資料
[backfill][DOC CACHE HIT] 2735 2026-08-18 1,833文字 業績予想及び配当予想の修正に関するお知らせ
[backfill][DOC CACHE HIT] 3487 2026-08-18 46,065文字 2026年６月期 決算短信（REIT）
[backfill][DOC CACHE HIT] 3487 2026-08-18 54,901文字 2026年６月期 決算説明会資料
[backfill][DOC CACHE HIT] 4264 2026-08-18 7,102文字 業績目標コミットメント型ストック・オプション（有償ストック・オプション）の発行に
[backfill][DOC CACHE HIT] 4776 2026-08-18 501文字 （訂正）「2026年12月期 第２四半期決算補足資料」の一部訂正について
[backfill][DOC CACHE HIT] 598A 2026-08-18 35,052文字 「2026年6月期決算説明資料」に関する動画書き起こし
[backfill][DOC CACHE HIT] 6046 2026-08-18 1,294文字 2026年９月 期第３四半期 決算に関する質疑応答集
[backfill][DOC CACHE HIT] 6094 2026-08-18 2,329文字 2026年9月期 第3第四半期決算 質疑応答集
[backfill][DOC CACHE HIT] 7383 2026-08-18 2,633文字 [Q&A書き起こし]2027年３月期 第１四半期決算説明会
[backfill][DOC CACHE HIT] 7532 2026-08-18 39,379文字 2026年6月期決算短信〔日本基準〕（連結）
[backfill][DOC CACHE HIT] 7532 2026-08-18 1,771文字 2026年６月期剰余金の配当（増配）及び2027年６月期配当予想に関するお知らせ
[backfill][DOC CACHE HIT] 8798 2026-08-18 1,374文字 （訂正）「過年度の有価証券報告書等の訂正報告書の提出及び過年度の決算短信等の訂正
[backfill][DOC CACHE HIT] 8798 2026-08-18 742文字 （訂正）「2026年9月期第2四半期（2025年10月～2026年3月） 業績説
[backfill][DOC CACHE HIT] 9610 2026-08-18 11,407文字 2027年３月期第１四半期決算補足説明資料（動画）
[backfill][DOC CACHE HIT] 9887 2026-08-18 601文字 （訂正）「令和9年3月期第1四半期決算短信〔日本基準〕（連結）」の一部訂正に関す
[backfill][DOC CACHE HIT] 4826 2026-08-18 1,043文字 剰余金の配当に関するお知らせ
[backfill][DOC CACHE HIT] 6340 2026-08-18 25,533文字 2026年6月期　決算説明資料
[backfill][DOC CACHE HIT] 2083 2026-08-18 16,082文字 NEXT FUNDS 日本成長株アクティブ上場投信 決算短信
[backfill][DOC CACHE HIT] 2084 2026-08-18 19,835文字 NEXT FUNDS 日本高配当株アクティブ上場投信 決算短信
[backfill][DOC CACHE HIT] 6850 2026-08-18 8,579文字 2027年3月期 第1四半期 決算補足説明資料
[backfill][DOC CACHE HIT] 8084 2026-08-18 5,303文字 2027年３月期第1四半期　決算補足資料
[backfill][DOC CACHE HIT] 2681 2026-08-18 32,813文字 (訂正）「2027年３月期  第１四半期決算説明資料」の一部訂正について
[backfill][DOC CACHE HIT] 9941 2026-08-18 4,037文字 2026年９月期 ７月度　月次業績（売上高）速報
[backfill][DOC CACHE HIT] 4320 2026-08-18 3,984文字 （訂正）「2026年９月期第３四半期決算短信〔日本基準〕（連結）」の一部訂正につ
[backfill][DOC CACHE HIT] 8304 2026-08-18 1,262文字 2027年3月期 第1四半期 自己資本比率について
[backfill][DOC CACHE HIT] 8951 2026-08-18 31,497文字 2026年６月期（第50期）決算説明会資料
[backfill][DOC CACHE HIT] 3660 2026-08-18 5,402文字 2026年６月期通期 決算説明会における質疑応答
[backfill][XBRL TRY] 2083 https://www.release.tdnet.info/inbs/081220260818522160.zip
[backfill][XBRL TRY] 2083 https://www.release.tdnet.info/inbs/091220260818522160.zip
[backfill][XBRL TRY] 2083 https://www2.jpx.co.jp/disc/20830/081220260818522160.zip
[backfill][XBRL TRY] 2083 https://www2.jpx.co.jp/disc/20830/091220260818522160.zip
[backfill][XBRL TRY] 2084 https://www.release.tdnet.info/inbs/081220260818522182.zip
[backfill][XBRL TRY] 2084 https://www.release.tdnet.info/inbs/091220260818522182.zip
[backfill][XBRL TRY] 2084 https://www2.jpx.co.jp/disc/20840/081220260818522182.zip
[backfill][XBRL TRY] 2084 https://www2.jpx.co.jp/disc/20840/091220260818522182.zip
[backfill][XBRL TRY] 170A https://www.release.tdnet.info/inbs/081220260819522714.zip
[backfill][XBRL TRY] 170A https://www.release.tdnet.info/inbs/091220260819522714.zip
[backfill][XBRL TRY] 170A https://www2.jpx.co.jp/disc/170A0/081220260819522714.zip
[backfill][XBRL TRY] 170A https://www2.jpx.co.jp/disc/170A0/091220260819522714.zip
[backfill][XBRL TRY] 257A https://www.release.tdnet.info/inbs/081220260819522716.zip
[backfill][XBRL TRY] 257A https://www.release.tdnet.info/inbs/091220260819522716.zip
[backfill][XBRL TRY] 257A https://www2.jpx.co.jp/disc/257A0/081220260819522716.zip
[backfill][XBRL TRY] 257A https://www2.jpx.co.jp/disc/257A0/091220260819522716.zip
[backfill][XBRL TRY] 258A https://www.release.tdnet.info/inbs/081220260819522718.zip
[backfill][XBRL TRY] 258A https://www.release.tdnet.info/inbs/091220260819522718.zip
[backfill][XBRL TRY] 258A https://www2.jpx.co.jp/disc/258A0/081220260819522718.zip
[backfill][XBRL TRY] 258A https://www2.jpx.co.jp/disc/258A0/091220260819522718.zip
[backfill][XBRL TRY] 2642 https://www.release.tdnet.info/inbs/081220260819522710.zip
[backfill][XBRL TRY] 2642 https://www.release.tdnet.info/inbs/091220260819522710.zip
[backfill][XBRL TRY] 2642 https://www2.jpx.co.jp/disc/26420/081220260819522710.zip
[backfill][XBRL TRY] 2642 https://www2.jpx.co.jp/disc/26420/091220260819522710.zip
[backfill][XBRL TRY] 1346 https://www.release.tdnet.info/inbs/081220260819522756.zip
[backfill][XBRL TRY] 1346 https://www.release.tdnet.info/inbs/091220260819522756.zip
[backfill][XBRL TRY] 1346 https://www2.jpx.co.jp/disc/13460/081220260819522756.zip
[backfill][XBRL TRY] 1346 https://www2.jpx.co.jp/disc/13460/091220260819522756.zip
[backfill][XBRL TRY] 1348 https://www.release.tdnet.info/inbs/081220260819522752.zip
[backfill][XBRL TRY] 1348 https://www.release.tdnet.info/inbs/091220260819522752.zip
[backfill][XBRL TRY] 1348 https://www2.jpx.co.jp/disc/13480/081220260819522752.zip
[backfill][XBRL TRY] 1348 https://www2.jpx.co.jp/disc/13480/091220260819522752.zip
[backfill][XBRL TRY] 1485 https://www.release.tdnet.info/inbs/081220260819522747.zip
[backfill][XBRL TRY] 1485 https://www.release.tdnet.info/inbs/091220260819522747.zip
[backfill][XBRL TRY] 1485 https://www2.jpx.co.jp/disc/14850/081220260819522747.zip
[backfill][XBRL TRY] 1485 https://www2.jpx.co.jp/disc/14850/091220260819522747.zip
[backfill][XBRL TRY] 1553 https://www.release.tdnet.info/inbs/081220260819522776.zip
[backfill][XBRL TRY] 1553 https://www.release.tdnet.info/inbs/091220260819522776.zip
[backfill][XBRL TRY] 1553 https://www2.jpx.co.jp/disc/15530/081220260819522776.zip
[backfill][XBRL TRY] 1553 https://www2.jpx.co.jp/disc/15530/091220260819522776.zip
[backfill][XBRL TRY] 1593 https://www.release.tdnet.info/inbs/081220260819522773.zip
[backfill][XBRL TRY] 1593 https://www.release.tdnet.info/inbs/091220260819522773.zip
[backfill][XBRL TRY] 1593 https://www2.jpx.co.jp/disc/15930/081220260819522773.zip
[backfill][XBRL TRY] 1593 https://www2.jpx.co.jp/disc/15930/091220260819522773.zip
[backfill][XBRL TRY] 2085 https://www.release.tdnet.info/inbs/081220260819522763.zip
[backfill][XBRL TRY] 2085 https://www.release.tdnet.info/inbs/091220260819522763.zip
[backfill][XBRL TRY] 2085 https://www2.jpx.co.jp/disc/20850/081220260819522763.zip
[backfill][XBRL TRY] 2085 https://www2.jpx.co.jp/disc/20850/091220260819522763.zip
[backfill][XBRL TRY] 2523 https://www.release.tdnet.info/inbs/081220260819522769.zip
[backfill][XBRL TRY] 2523 https://www.release.tdnet.info/inbs/091220260819522769.zip
[backfill][XBRL TRY] 2523 https://www2.jpx.co.jp/disc/25230/081220260819522769.zip
[backfill][XBRL TRY] 2523 https://www2.jpx.co.jp/disc/25230/091220260819522769.zip
[backfill][XBRL TRY] 3856 https://webapi.yanoshin.jp/rd.php?https://www.release.tdnet.info/inbs/081220260819522973.zip
[backfill][XBRL ZIP OK] 3856 131,014 bytes
[backfill][XBRL TRY] 1306 https://www.release.tdnet.info/inbs/081220260819522819.zip
[backfill][XBRL TRY] 1306 https://www.release.tdnet.info/inbs/091220260819522819.zip
[backfill][XBRL TRY] 1306 https://www2.jpx.co.jp/disc/13060/081220260819522819.zip
[backfill][XBRL TRY] 1306 https://www2.jpx.co.jp/disc/13060/091220260819522819.zip
[backfill][XBRL TRY] 1309 https://www.release.tdnet.info/inbs/081220260819522806.zip
[backfill][XBRL TRY] 1309 https://www.release.tdnet.info/inbs/091220260819522806.zip
[backfill][XBRL TRY] 1309 https://www2.jpx.co.jp/disc/13090/081220260819522806.zip
[backfill][XBRL TRY] 1309 https://www2.jpx.co.jp/disc/13090/091220260819522806.zip
[backfill][XBRL TRY] 1319 https://www.release.tdnet.info/inbs/081220260819522821.zip
[backfill][XBRL TRY] 1319 https://www.release.tdnet.info/inbs/091220260819522821.zip
[backfill][XBRL TRY] 1319 https://www2.jpx.co.jp/disc/13190/081220260819522821.zip
[backfill][XBRL TRY] 1319 https://www2.jpx.co.jp/disc/13190/091220260819522821.zip
[backfill][XBRL TRY] 1321 https://www.release.tdnet.info/inbs/081220260819522808.zip
[backfill][XBRL TRY] 1321 https://www.release.tdnet.info/inbs/091220260819522808.zip
[backfill][XBRL TRY] 1321 https://www2.jpx.co.jp/disc/13210/081220260819522808.zip
[backfill][XBRL TRY] 1321 https://www2.jpx.co.jp/disc/13210/091220260819522808.zip
[backfill][XBRL TRY] 1325 https://www.release.tdnet.info/inbs/081220260819522810.zip
[backfill][XBRL TRY] 1325 https://www.release.tdnet.info/inbs/091220260819522810.zip
[backfill][XBRL TRY] 1325 https://www2.jpx.co.jp/disc/13250/081220260819522810.zip
[backfill][XBRL TRY] 1325 https://www2.jpx.co.jp/disc/13250/091220260819522810.zip
[backfill][XBRL TRY] 1328 https://www.release.tdnet.info/inbs/081220260819522812.zip
[backfill][XBRL TRY] 1328 https://www.release.tdnet.info/inbs/091220260819522812.zip
[backfill][XBRL TRY] 1328 https://www2.jpx.co.jp/disc/13280/081220260819522812.zip
[backfill][XBRL TRY] 1328 https://www2.jpx.co.jp/disc/13280/091220260819522812.zip
[backfill][XBRL TRY] 294A https://www.release.tdnet.info/inbs/081220260819522815.zip
[backfill][XBRL TRY] 294A https://www.release.tdnet.info/inbs/091220260819522815.zip
[backfill][XBRL TRY] 294A https://www2.jpx.co.jp/disc/294A0/081220260819522815.zip
[backfill][XBRL TRY] 294A https://www2.jpx.co.jp/disc/294A0/091220260819522815.zip
[forecast_history] 対象=29 initial=6 revision=2 achievement=1 unresolved=0
[OK] 決算:65件, 増資:23件, TOB:4件, 本文:90件, 予想初期:6件, 予想修正:2件, 達成履歴更新:1件 をDBに保存しました。
=== fetch_all: 完全成功 ===
===== 2026-08-19T18:41:20 END status=success rc=0 =====
