

===== 2026-08-18T18:00:00 START C:\Users\sasit\AppData\Local\Programs\Python\Python310\pythonw.exe D:\kabu\main\1-スクリーニング自動化プログラム\main\fetch_all.py =====
=== fetch_all: TDnetデータ収集開始 ===
[backfill][DOC CACHE HIT] 2796 2026-08-18 598文字 連結子会社からの配当金受領に関するお知らせ
[backfill][DOC CACHE HIT] 4415 2026-08-18 19,730文字 2026年12月期 第２四半期決算説明書き起こし
[backfill][DOC CACHE HIT] 471A 2026-08-18 485文字 （訂正）「2026年12月期第１四半期決算短信〔IFRS〕（連結）」の一部訂正に
[backfill][DOC CACHE HIT] 471A 2026-08-18 500文字 （訂正）「2026年12月期第２四半期（中間期）決算短信〔IFRS〕（連結）」の
[backfill][DOC CACHE HIT] 7707 2026-08-18 1,064文字 (訂正)「2026年６月期 決算短信〔日本基準〕（連結）」の一部訂正に関するお知
[backfill][DOC CACHE HIT] 7814 2026-08-18 17,220文字 2026年12月期　第２四半期（中間期）決算説明会資料
[backfill][DOC CACHE HIT] 3174 2026-08-18 1,914文字 2026年８月期通期連結・個別業績予想の修正に関するお知らせ
[backfill][DOC CACHE HIT] 6327 2026-08-18 11,715文字 2026年６月期 決算短信〔日本基準〕（連結）
[backfill][DOC CACHE HIT] 6327 2026-08-18 1,023文字 剰余金の配当に関するお知らせ
[backfill][DOC CACHE HIT] 1999 2026-08-18 21,424文字 2026年6月期　決算短信〔日本基準〕（連結）
[backfill][DOC CACHE HIT] 1999 2026-08-18 765文字 通期連結業績予想値と実績値との差異に関するお知らせ
[backfill][DOC CACHE HIT] 2160 2026-08-18 36,315文字 2026年12月期 第2四半期決算説明資料
[backfill][DOC CACHE HIT] 2735 2026-08-18 1,833文字 業績予想及び配当予想の修正に関するお知らせ
[backfill][DOC CACHE HIT] 3487 2026-08-18 46,065文字 2026年６月期 決算短信（REIT）
[backfill][DOC CACHE HIT] 3487 2026-08-18 54,901文字 2026年６月期 決算説明会資料
[backfill][DOC CACHE HIT] 4264 2026-08-18 7,102文字 業績目標コミットメント型ストック・オプション（有償ストック・オプション）の発行に
[backfill][DOC CACHE HIT] 4776 2026-08-18 501文字 （訂正）「2026年12月期 第２四半期決算補足資料」の一部訂正について
[backfill][DOC CACHE HIT] 598A 2026-08-18 35,052文字 「2026年6月期決算説明資料」に関する動画書き起こし
[backfill][DOC CACHE HIT] 6046 2026-08-18 1,294文字 2026年９月 期第３四半期 決算に関する質疑応答集
[backfill][DOC CACHE HIT] 6094 2026-08-18 2,329文字 2026年9月期 第3第四半期決算 質疑応答集
[backfill][DOC CACHE HIT] 7383 2026-08-18 2,633文字 [Q&A書き起こし]2027年３月期 第１四半期決算説明会
[backfill][DOC CACHE HIT] 7532 2026-08-18 39,379文字 2026年6月期決算短信〔日本基準〕（連結）
[backfill][DOC CACHE HIT] 7532 2026-08-18 1,771文字 2026年６月期剰余金の配当（増配）及び2027年６月期配当予想に関するお知らせ
[backfill][DOC CACHE HIT] 8798 2026-08-18 1,374文字 （訂正）「過年度の有価証券報告書等の訂正報告書の提出及び過年度の決算短信等の訂正
[backfill][DOC CACHE HIT] 8798 2026-08-18 742文字 （訂正）「2026年9月期第2四半期（2025年10月～2026年3月） 業績説
[backfill][DOC CACHE HIT] 9610 2026-08-18 11,407文字 2027年３月期第１四半期決算補足説明資料（動画）
[backfill][DOC CACHE HIT] 9887 2026-08-18 601文字 （訂正）「令和9年3月期第1四半期決算短信〔日本基準〕（連結）」の一部訂正に関す
[backfill][DOC CACHE HIT] 4826 2026-08-18 1,043文字 剰余金の配当に関するお知らせ
[backfill][DOC CACHE HIT] 6340 2026-08-18 25,533文字 2026年6月期　決算説明資料
[backfill][DOC CACHE HIT] 2083 2026-08-18 16,082文字 NEXT FUNDS 日本成長株アクティブ上場投信 決算短信
[backfill][DOC CACHE HIT] 2084 2026-08-18 19,835文字 NEXT FUNDS 日本高配当株アクティブ上場投信 決算短信
[backfill][DOC CACHE HIT] 6850 2026-08-18 8,579文字 2027年3月期 第1四半期 決算補足説明資料
[backfill][DOC CACHE HIT] 8084 2026-08-18 5,303文字 2027年３月期第1四半期　決算補足資料
[backfill][DOC CACHE HIT] 2681 2026-08-18 32,813文字 (訂正）「2027年３月期  第１四半期決算説明資料」の一部訂正について
[backfill][DOC CACHE HIT] 9941 2026-08-18 4,037文字 2026年９月期 ７月度　月次業績（売上高）速報
[backfill][DOC CACHE HIT] 4320 2026-08-18 3,984文字 （訂正）「2026年９月期第３四半期決算短信〔日本基準〕（連結）」の一部訂正につ
[backfill][DOC CACHE HIT] 8304 2026-08-18 1,262文字 2027年3月期 第1四半期 自己資本比率について
[backfill][DOC CACHE HIT] 8951 2026-08-18 31,497文字 2026年６月期（第50期）決算説明会資料
[backfill][DOC CACHE HIT] 3660 2026-08-18 5,402文字 2026年６月期通期 決算説明会における質疑応答
[backfill][DOC CACHE HIT] 482A 2026-08-17 1,051文字 「2026年8月期業績予想の修正に関するお知らせ」の再掲載について
[backfill][DOC CACHE HIT] 4019 2026-08-17 26,197文字 2026年12月期 第2四半期決算説明会書き起こし
[backfill][SOURCE 1/3] 2026-08-17 2026年8月期業績予想の修正に関するお知らせ
[backfill][TRY 1/3] 2026-08-17 2026年8月期業績予想の修正に関するお知らせ https://webapi.yanoshin.jp/rd.php?https://www.release.tdnet.info/inbs/140120260817521628.pdf
[backfill][UNUSABLE] 2026-08-17 2026年8月期業績予想の修正に関するお知らせ ctype=application/pdf bytes=100,551
[backfill][TRY 2/3] 2026-08-17 2026年8月期業績予想の修正に関するお知らせ http://webapi.yanoshin.jp/rd.php?https://www.release.tdnet.info/inbs/140120260817521628.pdf
[backfill][UNUSABLE] 2026-08-17 2026年8月期業績予想の修正に関するお知らせ ctype=application/pdf bytes=100,551
[backfill][TRY 3/3] 2026-08-17 2026年8月期業績予想の修正に関するお知らせ https://www.release.tdnet.info/inbs/140120260817521628.pdf
[backfill][UNUSABLE] 2026-08-17 2026年8月期業績予想の修正に関するお知らせ ctype=application/pdf bytes=100,551
[backfill][JPX FAST 2/3] 2026-08-17 2026年8月期業績予想の修正に関するお知らせ https://www2.jpx.co.jp/disc/482A0/140120260817521628.pdf
[backfill][TRY 1/1] 2026-08-17 2026年8月期業績予想の修正に関するお知らせ https://www2.jpx.co.jp/disc/482A0/140120260817521628.pdf
[backfill][HTTP 404] 2026-08-17 2026年8月期業績予想の修正に関するお知らせ
[backfill][SOURCE 3/3] 2026-08-17 2026年8月期業績予想の修正に関するお知らせ
[backfill][SKIP FAILCACHE] 2026-08-17 2026年8月期業績予想の修正に関するお知らせ https://www.release.tdnet.info/inbs/140120260817521628.pdf
[backfill][TRY 2/2] 2026-08-17 2026年8月期業績予想の修正に関するお知らせ http://www.release.tdnet.info/inbs/140120260817521628.pdf
[backfill][TIMEOUT 5s] 2026-08-17 2026年8月期業績予想の修正に関するお知らせ
[backfill][DOC EMPTY] 482A 2026-08-17 17:00:00 2026年8月期業績予想の修正に関するお知らせ raw=https://webapi.yanoshin.jp/rd.php?https://www.release.tdnet.info/inbs/140120260817521
[backfill][DOC CACHE HIT] 5534 2026-08-17 1,123文字 通期連結業績予想の修正に関するお知らせ
[backfill][DOC CACHE HIT] 6036 2026-08-17 28,949文字 （訂正）「2026年6月期第2四半期 決算説明会資料」の一部訂正について
[backfill][DOC CACHE HIT] 7044 2026-08-17 696文字 （訂正）「2026年12月期第２四半期（中間期）決算補足資料」の一部訂正について
[backfill][DOC CACHE HIT] 9439 2026-08-17 1,576文字 通期連結業績予想値と実績値との差異に関するお知らせ
[backfill][DOC CACHE HIT] 9439 2026-08-17 25,306文字 2026年6月期　決算短信〔日本基準〕（連結）
[backfill][DOC CACHE HIT] 9439 2026-08-17 1,166文字 剰余金の配当（無配）に関するお知らせ
[backfill][DOC CACHE HIT] 5251 2026-08-17 2,468文字 （再登録）「中間決算説明資料の開示に関するお知らせ」の再登録について
[backfill][DOC CACHE HIT] 6195 2026-08-17 31,592文字 （訂正・数値データ訂正）「2026年３月期　決算短信〔日本基準〕（連結）」の一部
[backfill][DOC CACHE HIT] 7042 2026-08-17 4,066文字 2027年３月期第１四半期決算説明資料
[backfill][DOC CACHE HIT] 8964 2026-08-17 37,819文字 2026年6月期　決算短信（ＲＥＩＴ）
[backfill][DOC CACHE HIT] 7177 2026-08-17 3,192文字 2026年７月の月次業績（速報）に関するお知らせ
[backfill][DOC CACHE HIT] 3168 2026-08-17 1,149文字 特別配当および期末配当予想の修正に関するお知らせ
[backfill][DOC CACHE HIT] 367A 2026-08-17 500文字 連結子会社からの剰余金の配当受領に関するお知らせ
[backfill][DOC CACHE HIT] 4484 2026-08-17 6,345文字 2027年３月期 第１四半期決算説明会レポート（書き起こし）
[backfill][DOC CACHE HIT] 4651 2026-08-17 9,960文字 2027年３月期　第１四半期決算短信〔日本基準〕（連結）
[backfill][DOC CACHE HIT] 4651 2026-08-17 21,202文字 2027年３月期　第１四半期決算説明資料
[backfill][DOC CACHE HIT] 5242 2026-08-17 1,063文字 2026年12月期第２四半期決算説明会 質疑応答（要旨）
[backfill][DOC CACHE HIT] 7069 2026-08-17 675文字 （訂正）「2026年9月期 第3四半期決算説明資料」の一部訂正について
[backfill][DOC CACHE HIT] 8951 2026-08-17 39,641文字 2026年６月期　決算短信（ＲＥＩＴ）
[backfill][DOC CACHE HIT] 8951 2026-08-17 9,069文字 2026年６月期_決算概要
[backfill][DOC CACHE HIT] 8955 2026-08-17 42,496文字 2026年6月期　決算短信（ＲＥＩＴ）
[backfill][DOC CACHE HIT] 8955 2026-08-17 48,751文字 2026年6月期（第49期）決算説明資料
[backfill][DOC CACHE HIT] 9284 2026-08-17 50,474文字 2026年６月期 決算短信（インフラファンド）
[backfill][DOC CACHE HIT] 2461 2026-08-17 3,208文字 2026年12月期7月度 月次業績速報のお知らせ
[backfill][DOC CACHE HIT] 264A 2026-08-17 891文字 （訂正）「2026年９月期第３四半期決算説明資料」の一部訂正について
[backfill][DOC CACHE HIT] 5632 2026-08-17 559文字 連結子会社からの配当金受領に関するお知らせ
[backfill][DOC CACHE HIT] 2927 2026-08-17 733文字 2026年8月期 期末配当予想の増配に関するお知らせ
[backfill][DOC CACHE HIT] 6061 2026-08-17 1,101文字 （訂正・数値データ訂正）「令和８年６月期　決算短信〔日本基準〕(連結)」の一部訂
[backfill][DOC CACHE HIT] 2991 2026-08-17 1,105文字 2026年７月度　月次業績速報
[backfill][DOC CACHE HIT] 4574 2026-08-17 11,096文字 2026年12月期(FY2026)第２四半期(中間期)連結決算報告
[backfill][DOC CACHE HIT] 4018 2026-08-17 510文字 （訂正）「2026年6月期　決算短信〔日本基準〕（非連結）」の一部訂正に関するお
[backfill][DOC CACHE HIT] 8705 2026-08-17 2,394文字 2026年７月の月次業績等（速報）に関するお知らせ
[backfill][DOC CACHE HIT] 8798 2026-08-17 18,713文字 （訂正・数値データ訂正）「2025年9月期 第1四半期決算短信〔日本基準〕（連結
[backfill][DOC CACHE HIT] 9162 2026-08-17 606文字 （訂正）「2026年６月期 通期連結決算説明資料」の一部訂正について
[backfill][DOC CACHE HIT] 3445 2026-08-17 15,223文字 2026年12月期第２四半期 決算説明会 書き起こし公開のお知らせ
[backfill][DOC CACHE HIT] 319A 2026-08-17 4,923文字 Q&A 2026年12月期第2四半期決算説明
[backfill][XBRL TRY] 9284 https://www.release.tdnet.info/inbs/081220260817521739.zip
[backfill][XBRL TRY] 9284 https://www.release.tdnet.info/inbs/091220260817521739.zip
[backfill][XBRL TRY] 9284 https://www2.jpx.co.jp/disc/92840/081220260817521739.zip
[backfill][XBRL TRY] 9284 https://www2.jpx.co.jp/disc/92840/091220260817521739.zip
[backfill][XBRL TRY] 482A https://www.release.tdnet.info/inbs/081220260817521628.zip
[backfill][XBRL TRY] 482A https://www.release.tdnet.info/inbs/091220260817521628.zip
[backfill][XBRL TRY] 482A https://www2.jpx.co.jp/disc/482A0/081220260817521628.zip
[backfill][XBRL TRY] 482A https://www2.jpx.co.jp/disc/482A0/091220260817521628.zip
[backfill][XBRL TRY] 5534 https://www.release.tdnet.info/inbs/081220260817521941.zip
[backfill][XBRL TRY] 5534 https://www.release.tdnet.info/inbs/091220260817521941.zip
[backfill][XBRL TRY] 5534 https://www2.jpx.co.jp/disc/55340/081220260817521941.zip
[backfill][XBRL TRY] 5534 https://www2.jpx.co.jp/disc/55340/091220260817521941.zip
[backfill][XBRL TRY] 482A https://www.release.tdnet.info/inbs/081220260817522088.zip
[backfill][XBRL TRY] 482A https://www.release.tdnet.info/inbs/091220260817522088.zip
[backfill][XBRL TRY] 482A https://www2.jpx.co.jp/disc/482A0/081220260817522088.zip
[backfill][XBRL TRY] 482A https://www2.jpx.co.jp/disc/482A0/091220260817522088.zip
[backfill][XBRL TRY] 2083 https://www.release.tdnet.info/inbs/081220260818522160.zip
[backfill][XBRL TRY] 2083 https://www.release.tdnet.info/inbs/091220260818522160.zip
[backfill][XBRL TRY] 2083 https://www2.jpx.co.jp/disc/20830/081220260818522160.zip
[backfill][XBRL TRY] 2083 https://www2.jpx.co.jp/disc/20830/091220260818522160.zip
[backfill][XBRL TRY] 2084 https://www.release.tdnet.info/inbs/081220260818522182.zip
[backfill][XBRL TRY] 2084 https://www.release.tdnet.info/inbs/091220260818522182.zip
[backfill][XBRL TRY] 2084 https://www2.jpx.co.jp/disc/20840/081220260818522182.zip
[backfill][XBRL TRY] 2084 https://www2.jpx.co.jp/disc/20840/091220260818522182.zip
[forecast_history] 対象=16 initial=8 revision=2 achievement=0 unresolved=6
[OK] 決算:46件, 増資:18件, TOB:4件, 本文:77件, 予想初期:8件, 予想修正:2件, 達成履歴更新:0件 をDBに保存しました。
=== fetch_all: 完全成功 ===
===== 2026-08-18T18:01:17 END status=success rc=0 =====


===== 2026-08-18T20:15:01 START C:\Users\sasit\AppData\Local\Programs\Python\Python310\pythonw.exe D:\kabu\main\1-スクリーニング自動化プログラム\main\fetch_all.py =====
=== fetch_all: TDnetデータ収集開始 ===
[backfill][DOC CACHE HIT] 3856 2026-08-18 10,804文字 過年度の有価証券報告書等の訂正報告書の提出及び過年度の決算短信の訂正に関するお知
[backfill][DOC CACHE HIT] 2796 2026-08-18 598文字 連結子会社からの配当金受領に関するお知らせ
[backfill][DOC CACHE HIT] 4415 2026-08-18 19,730文字 2026年12月期 第２四半期決算説明書き起こし
[backfill][DOC CACHE HIT] 471A 2026-08-18 485文字 （訂正）「2026年12月期第１四半期決算短信〔IFRS〕（連結）」の一部訂正に
[backfill][DOC CACHE HIT] 471A 2026-08-18 500文字 （訂正）「2026年12月期第２四半期（中間期）決算短信〔IFRS〕（連結）」の
[backfill][DOC CACHE HIT] 7707 2026-08-18 1,064文字 (訂正)「2026年６月期 決算短信〔日本基準〕（連結）」の一部訂正に関するお知
[backfill][DOC CACHE HIT] 7814 2026-08-18 17,220文字 2026年12月期　第２四半期（中間期）決算説明会資料
[backfill][DOC CACHE HIT] 3174 2026-08-18 1,914文字 2026年８月期通期連結・個別業績予想の修正に関するお知らせ
[backfill][DOC CACHE HIT] 6327 2026-08-18 11,715文字 2026年６月期 決算短信〔日本基準〕（連結）
[backfill][DOC CACHE HIT] 6327 2026-08-18 1,023文字 剰余金の配当に関するお知らせ
[backfill][DOC CACHE HIT] 1999 2026-08-18 21,424文字 2026年6月期　決算短信〔日本基準〕（連結）
[backfill][DOC CACHE HIT] 1999 2026-08-18 765文字 通期連結業績予想値と実績値との差異に関するお知らせ
[backfill][DOC CACHE HIT] 2160 2026-08-18 36,315文字 2026年12月期 第2四半期決算説明資料
[backfill][DOC CACHE HIT] 2735 2026-08-18 1,833文字 業績予想及び配当予想の修正に関するお知らせ
[backfill][DOC CACHE HIT] 3487 2026-08-18 46,065文字 2026年６月期 決算短信（REIT）
[backfill][DOC CACHE HIT] 3487 2026-08-18 54,901文字 2026年６月期 決算説明会資料
[backfill][DOC CACHE HIT] 4264 2026-08-18 7,102文字 業績目標コミットメント型ストック・オプション（有償ストック・オプション）の発行に
[backfill][DOC CACHE HIT] 4776 2026-08-18 501文字 （訂正）「2026年12月期 第２四半期決算補足資料」の一部訂正について
[backfill][DOC CACHE HIT] 598A 2026-08-18 35,052文字 「2026年6月期決算説明資料」に関する動画書き起こし
[backfill][DOC CACHE HIT] 6046 2026-08-18 1,294文字 2026年９月 期第３四半期 決算に関する質疑応答集
[backfill][DOC CACHE HIT] 6094 2026-08-18 2,329文字 2026年9月期 第3第四半期決算 質疑応答集
[backfill][DOC CACHE HIT] 7383 2026-08-18 2,633文字 [Q&A書き起こし]2027年３月期 第１四半期決算説明会
[backfill][DOC CACHE HIT] 7532 2026-08-18 39,379文字 2026年6月期決算短信〔日本基準〕（連結）
[backfill][DOC CACHE HIT] 7532 2026-08-18 1,771文字 2026年６月期剰余金の配当（増配）及び2027年６月期配当予想に関するお知らせ
[backfill][DOC CACHE HIT] 8798 2026-08-18 1,374文字 （訂正）「過年度の有価証券報告書等の訂正報告書の提出及び過年度の決算短信等の訂正
[backfill][DOC CACHE HIT] 8798 2026-08-18 742文字 （訂正）「2026年9月期第2四半期（2025年10月～2026年3月） 業績説
[backfill][DOC CACHE HIT] 9610 2026-08-18 11,407文字 2027年３月期第１四半期決算補足説明資料（動画）
[backfill][DOC CACHE HIT] 9887 2026-08-18 601文字 （訂正）「令和9年3月期第1四半期決算短信〔日本基準〕（連結）」の一部訂正に関す
[backfill][DOC CACHE HIT] 4826 2026-08-18 1,043文字 剰余金の配当に関するお知らせ
[backfill][DOC CACHE HIT] 6340 2026-08-18 25,533文字 2026年6月期　決算説明資料
[backfill][DOC CACHE HIT] 2083 2026-08-18 16,082文字 NEXT FUNDS 日本成長株アクティブ上場投信 決算短信
[backfill][DOC CACHE HIT] 2084 2026-08-18 19,835文字 NEXT FUNDS 日本高配当株アクティブ上場投信 決算短信
[backfill][DOC CACHE HIT] 6850 2026-08-18 8,579文字 2027年3月期 第1四半期 決算補足説明資料
[backfill][DOC CACHE HIT] 8084 2026-08-18 5,303文字 2027年３月期第1四半期　決算補足資料
[backfill][DOC CACHE HIT] 2681 2026-08-18 32,813文字 (訂正）「2027年３月期  第１四半期決算説明資料」の一部訂正について
[backfill][DOC CACHE HIT] 9941 2026-08-18 4,037文字 2026年９月期 ７月度　月次業績（売上高）速報
[backfill][DOC CACHE HIT] 4320 2026-08-18 3,984文字 （訂正）「2026年９月期第３四半期決算短信〔日本基準〕（連結）」の一部訂正につ
[backfill][DOC CACHE HIT] 8304 2026-08-18 1,262文字 2027年3月期 第1四半期 自己資本比率について
[backfill][DOC CACHE HIT] 8951 2026-08-18 31,497文字 2026年６月期（第50期）決算説明会資料
[backfill][DOC CACHE HIT] 3660 2026-08-18 5,402文字 2026年６月期通期 決算説明会における質疑応答
[backfill][DOC CACHE HIT] 482A 2026-08-17 1,051文字 「2026年8月期業績予想の修正に関するお知らせ」の再掲載について
[backfill][DOC CACHE HIT] 4019 2026-08-17 26,197文字 2026年12月期 第2四半期決算説明会書き起こし
[backfill][SOURCE 1/3] 2026-08-17 2026年8月期業績予想の修正に関するお知らせ
[backfill][TRY 1/3] 2026-08-17 2026年8月期業績予想の修正に関するお知らせ https://webapi.yanoshin.jp/rd.php?https://www.release.tdnet.info/inbs/140120260817521628.pdf
[backfill][UNUSABLE] 2026-08-17 2026年8月期業績予想の修正に関するお知らせ ctype=application/pdf bytes=100,551
[backfill][TRY 2/3] 2026-08-17 2026年8月期業績予想の修正に関するお知らせ http://webapi.yanoshin.jp/rd.php?https://www.release.tdnet.info/inbs/140120260817521628.pdf
[backfill][UNUSABLE] 2026-08-17 2026年8月期業績予想の修正に関するお知らせ ctype=application/pdf bytes=100,551
[backfill][TRY 3/3] 2026-08-17 2026年8月期業績予想の修正に関するお知らせ https://www.release.tdnet.info/inbs/140120260817521628.pdf
[backfill][UNUSABLE] 2026-08-17 2026年8月期業績予想の修正に関するお知らせ ctype=application/pdf bytes=100,551
[backfill][JPX FAST 2/3] 2026-08-17 2026年8月期業績予想の修正に関するお知らせ https://www2.jpx.co.jp/disc/482A0/140120260817521628.pdf
[backfill][TRY 1/1] 2026-08-17 2026年8月期業績予想の修正に関するお知らせ https://www2.jpx.co.jp/disc/482A0/140120260817521628.pdf
[backfill][HTTP 404] 2026-08-17 2026年8月期業績予想の修正に関するお知らせ
[backfill][SOURCE 3/3] 2026-08-17 2026年8月期業績予想の修正に関するお知らせ
[backfill][SKIP FAILCACHE] 2026-08-17 2026年8月期業績予想の修正に関するお知らせ https://www.release.tdnet.info/inbs/140120260817521628.pdf
[backfill][TRY 2/2] 2026-08-17 2026年8月期業績予想の修正に関するお知らせ http://www.release.tdnet.info/inbs/140120260817521628.pdf
[backfill][TIMEOUT 5s] 2026-08-17 2026年8月期業績予想の修正に関するお知らせ
[backfill][DOC EMPTY] 482A 2026-08-17 17:00:00 2026年8月期業績予想の修正に関するお知らせ raw=https://webapi.yanoshin.jp/rd.php?https://www.release.tdnet.info/inbs/140120260817521
[backfill][DOC CACHE HIT] 5534 2026-08-17 1,123文字 通期連結業績予想の修正に関するお知らせ
[backfill][DOC CACHE HIT] 6036 2026-08-17 28,949文字 （訂正）「2026年6月期第2四半期 決算説明会資料」の一部訂正について
[backfill][DOC CACHE HIT] 7044 2026-08-17 696文字 （訂正）「2026年12月期第２四半期（中間期）決算補足資料」の一部訂正について
[backfill][DOC CACHE HIT] 9439 2026-08-17 1,576文字 通期連結業績予想値と実績値との差異に関するお知らせ
[backfill][DOC CACHE HIT] 9439 2026-08-17 25,306文字 2026年6月期　決算短信〔日本基準〕（連結）
[backfill][DOC CACHE HIT] 9439 2026-08-17 1,166文字 剰余金の配当（無配）に関するお知らせ
[backfill][DOC CACHE HIT] 5251 2026-08-17 2,468文字 （再登録）「中間決算説明資料の開示に関するお知らせ」の再登録について
[backfill][DOC CACHE HIT] 6195 2026-08-17 31,592文字 （訂正・数値データ訂正）「2026年３月期　決算短信〔日本基準〕（連結）」の一部
[backfill][DOC CACHE HIT] 7042 2026-08-17 4,066文字 2027年３月期第１四半期決算説明資料
[backfill][DOC CACHE HIT] 8964 2026-08-17 37,819文字 2026年6月期　決算短信（ＲＥＩＴ）
[backfill][DOC CACHE HIT] 7177 2026-08-17 3,192文字 2026年７月の月次業績（速報）に関するお知らせ
[backfill][DOC CACHE HIT] 3168 2026-08-17 1,149文字 特別配当および期末配当予想の修正に関するお知らせ
[backfill][DOC CACHE HIT] 367A 2026-08-17 500文字 連結子会社からの剰余金の配当受領に関するお知らせ
[backfill][DOC CACHE HIT] 4484 2026-08-17 6,345文字 2027年３月期 第１四半期決算説明会レポート（書き起こし）
[backfill][DOC CACHE HIT] 4651 2026-08-17 9,960文字 2027年３月期　第１四半期決算短信〔日本基準〕（連結）
[backfill][DOC CACHE HIT] 4651 2026-08-17 21,202文字 2027年３月期　第１四半期決算説明資料
[backfill][DOC CACHE HIT] 5242 2026-08-17 1,063文字 2026年12月期第２四半期決算説明会 質疑応答（要旨）
[backfill][DOC CACHE HIT] 7069 2026-08-17 675文字 （訂正）「2026年9月期 第3四半期決算説明資料」の一部訂正について
[backfill][DOC CACHE HIT] 8951 2026-08-17 39,641文字 2026年６月期　決算短信（ＲＥＩＴ）
[backfill][DOC CACHE HIT] 8951 2026-08-17 9,069文字 2026年６月期_決算概要
[backfill][DOC CACHE HIT] 8955 2026-08-17 42,496文字 2026年6月期　決算短信（ＲＥＩＴ）
[backfill][DOC CACHE HIT] 8955 2026-08-17 48,751文字 2026年6月期（第49期）決算説明資料
[backfill][DOC CACHE HIT] 9284 2026-08-17 50,474文字 2026年６月期 決算短信（インフラファンド）
[backfill][DOC CACHE HIT] 2461 2026-08-17 3,208文字 2026年12月期7月度 月次業績速報のお知らせ
[backfill][DOC CACHE HIT] 264A 2026-08-17 891文字 （訂正）「2026年９月期第３四半期決算説明資料」の一部訂正について
[backfill][DOC CACHE HIT] 5632 2026-08-17 559文字 連結子会社からの配当金受領に関するお知らせ
[backfill][DOC CACHE HIT] 2927 2026-08-17 733文字 2026年8月期 期末配当予想の増配に関するお知らせ
[backfill][DOC CACHE HIT] 6061 2026-08-17 1,101文字 （訂正・数値データ訂正）「令和８年６月期　決算短信〔日本基準〕(連結)」の一部訂
[backfill][DOC CACHE HIT] 2991 2026-08-17 1,105文字 2026年７月度　月次業績速報
[backfill][DOC CACHE HIT] 4574 2026-08-17 11,096文字 2026年12月期(FY2026)第２四半期(中間期)連結決算報告
[backfill][DOC CACHE HIT] 4018 2026-08-17 510文字 （訂正）「2026年6月期　決算短信〔日本基準〕（非連結）」の一部訂正に関するお
[backfill][DOC CACHE HIT] 8705 2026-08-17 2,394文字 2026年７月の月次業績等（速報）に関するお知らせ
[backfill][DOC CACHE HIT] 8798 2026-08-17 18,713文字 （訂正・数値データ訂正）「2025年9月期 第1四半期決算短信〔日本基準〕（連結
[backfill][DOC CACHE HIT] 9162 2026-08-17 606文字 （訂正）「2026年６月期 通期連結決算説明資料」の一部訂正について
[backfill][DOC CACHE HIT] 3445 2026-08-17 15,223文字 2026年12月期第２四半期 決算説明会 書き起こし公開のお知らせ
[backfill][DOC CACHE HIT] 319A 2026-08-17 4,923文字 Q&A 2026年12月期第2四半期決算説明
[backfill][XBRL TRY] 9284 https://www.release.tdnet.info/inbs/081220260817521739.zip
[backfill][XBRL TRY] 9284 https://www.release.tdnet.info/inbs/091220260817521739.zip
[backfill][XBRL TRY] 9284 https://www2.jpx.co.jp/disc/92840/081220260817521739.zip
[backfill][XBRL TRY] 9284 https://www2.jpx.co.jp/disc/92840/091220260817521739.zip
[backfill][XBRL TRY] 482A https://www.release.tdnet.info/inbs/081220260817521628.zip
[backfill][XBRL TRY] 482A https://www.release.tdnet.info/inbs/091220260817521628.zip
[backfill][XBRL TRY] 482A https://www2.jpx.co.jp/disc/482A0/081220260817521628.zip
[backfill][XBRL TRY] 482A https://www2.jpx.co.jp/disc/482A0/091220260817521628.zip
[backfill][XBRL TRY] 5534 https://www.release.tdnet.info/inbs/081220260817521941.zip
[backfill][XBRL TRY] 5534 https://www.release.tdnet.info/inbs/091220260817521941.zip
[backfill][XBRL TRY] 5534 https://www2.jpx.co.jp/disc/55340/081220260817521941.zip
[backfill][XBRL TRY] 5534 https://www2.jpx.co.jp/disc/55340/091220260817521941.zip
[backfill][XBRL TRY] 482A https://www.release.tdnet.info/inbs/081220260817522088.zip
[backfill][XBRL TRY] 482A https://www.release.tdnet.info/inbs/091220260817522088.zip
[backfill][XBRL TRY] 482A https://www2.jpx.co.jp/disc/482A0/081220260817522088.zip
[backfill][XBRL TRY] 482A https://www2.jpx.co.jp/disc/482A0/091220260817522088.zip
[backfill][XBRL TRY] 2083 https://www.release.tdnet.info/inbs/081220260818522160.zip
[backfill][XBRL TRY] 2083 https://www.release.tdnet.info/inbs/091220260818522160.zip
[backfill][XBRL TRY] 2083 https://www2.jpx.co.jp/disc/20830/081220260818522160.zip
[backfill][XBRL TRY] 2083 https://www2.jpx.co.jp/disc/20830/091220260818522160.zip
[backfill][XBRL TRY] 2084 https://www.release.tdnet.info/inbs/081220260818522182.zip
[backfill][XBRL TRY] 2084 https://www.release.tdnet.info/inbs/091220260818522182.zip
[backfill][XBRL TRY] 2084 https://www2.jpx.co.jp/disc/20840/081220260818522182.zip
[backfill][XBRL TRY] 2084 https://www2.jpx.co.jp/disc/20840/091220260818522182.zip
[forecast_history] 対象=16 initial=8 revision=2 achievement=0 unresolved=6
[OK] 決算:47件, 増資:19件, TOB:4件, 本文:78件, 予想初期:8件, 予想修正:2件, 達成履歴更新:0件 をDBに保存しました。
=== fetch_all: 完全成功 ===
===== 2026-08-18T20:16:07 END status=success rc=0 =====
