

===== 2026-08-18T09:01:25 START C:\Users\sasit\AppData\Local\Programs\Python\Python310\pythonw.exe D:\kabu\main\1-スクリーニング自動化プログラム\main\fetch_all_kabutan_themes_shinyo.py --codes 3660 =====
[themes-shinyo] 差分 1 銘柄を開始
[1/1] 3660: theme=10 credit_rows=4 earnings=2026/08/13
[themes-shinyo] 完了 ok=1 fail=0 themes=10 credit_rows=4
===== 2026-08-18T09:01:28 END status=success rc=0 =====


===== 2026-08-18T09:11:05 START C:\Users\sasit\AppData\Local\Programs\Python\Python310\pythonw.exe D:\kabu\main\1-スクリーニング自動化プログラム\main\fetch_all_kabutan_themes_shinyo.py --codes 3660 =====
[themes-shinyo] 差分 1 銘柄を開始
[1/1] 3660: theme=10 credit_rows=4 earnings=2026/08/13
[themes-shinyo] 完了 ok=1 fail=0 themes=10 credit_rows=4
===== 2026-08-18T09:11:07 END status=success rc=0 =====


===== 2026-08-18T09:21:18 START C:\Users\sasit\AppData\Local\Programs\Python\Python310\pythonw.exe D:\kabu\main\1-スクリーニング自動化プログラム\main\fetch_all_kabutan_themes_shinyo.py --codes 3660 =====
[themes-shinyo] 差分 1 銘柄を開始
[1/1] 3660: theme=10 credit_rows=4 earnings=2026/08/13
[themes-shinyo] 完了 ok=1 fail=0 themes=10 credit_rows=4
===== 2026-08-18T09:21:21 END status=success rc=0 =====


===== 2026-08-18T09:31:20 START C:\Users\sasit\AppData\Local\Programs\Python\Python310\pythonw.exe D:\kabu\main\1-スクリーニング自動化プログラム\main\fetch_all_kabutan_themes_shinyo.py --codes 3660 =====
[themes-shinyo] 差分 1 銘柄を開始
[1/1] 3660: theme=10 credit_rows=4 earnings=2026/08/13
[themes-shinyo] 完了 ok=1 fail=0 themes=10 credit_rows=4
===== 2026-08-18T09:31:23 END status=success rc=0 =====


===== 2026-08-18T09:41:22 START C:\Users\sasit\AppData\Local\Programs\Python\Python310\pythonw.exe D:\kabu\main\1-スクリーニング自動化プログラム\main\fetch_all_kabutan_themes_shinyo.py --codes 3660 =====
[themes-shinyo] 差分 1 銘柄を開始
[1/1] 3660: theme=10 credit_rows=4 earnings=2026/08/13
[themes-shinyo] 完了 ok=1 fail=0 themes=10 credit_rows=4
===== 2026-08-18T09:41:25 END status=success rc=0 =====


===== 2026-08-18T09:51:17 START C:\Users\sasit\AppData\Local\Programs\Python\Python310\pythonw.exe D:\kabu\main\1-スクリーニング自動化プログラム\main\fetch_all_kabutan_themes_shinyo.py --codes 3660 =====
[themes-shinyo] 差分 1 銘柄を開始
[1/1] 3660: theme=10 credit_rows=4 earnings=2026/08/13
[themes-shinyo] 完了 ok=1 fail=0 themes=10 credit_rows=4
===== 2026-08-18T09:51:20 END status=success rc=0 =====


===== 2026-08-18T10:01:23 START C:\Users\sasit\AppData\Local\Programs\Python\Python310\pythonw.exe D:\kabu\main\1-スクリーニング自動化プログラム\main\fetch_all_kabutan_themes_shinyo.py --codes 3660 =====
[themes-shinyo] 差分 1 銘柄を開始
[1/1] 3660: theme=10 credit_rows=4 earnings=2026/08/13
[themes-shinyo] 完了 ok=1 fail=0 themes=10 credit_rows=4
===== 2026-08-18T10:01:26 END status=success rc=0 =====


===== 2026-08-18T12:01:07 START C:\Users\sasit\AppData\Local\Programs\Python\Python310\pythonw.exe D:\kabu\main\1-スクリーニング自動化プログラム\main\fetch_all_kabutan_themes_shinyo.py --codes 4320 8304 =====
[themes-shinyo] 差分 2 銘柄を開始
[1/2] 4320: theme=9 credit_rows=4 earnings=-
[2/2] 8304: theme=8 credit_rows=4 earnings=-
[themes-shinyo] 完了 ok=2 fail=0 themes=17 credit_rows=8
===== 2026-08-18T12:01:11 END status=success rc=0 =====


===== 2026-08-18T12:11:05 START C:\Users\sasit\AppData\Local\Programs\Python\Python310\pythonw.exe D:\kabu\main\1-スクリーニング自動化プログラム\main\fetch_all_kabutan_themes_shinyo.py --codes 4320 8304 =====
[themes-shinyo] 差分 2 銘柄を開始
[1/2] 4320: theme=9 credit_rows=4 earnings=-
[2/2] 8304: theme=8 credit_rows=4 earnings=-
[themes-shinyo] 完了 ok=2 fail=0 themes=17 credit_rows=8
===== 2026-08-18T12:11:09 END status=success rc=0 =====


===== 2026-08-18T12:21:00 START C:\Users\sasit\AppData\Local\Programs\Python\Python310\pythonw.exe D:\kabu\main\1-スクリーニング自動化プログラム\main\fetch_all_kabutan_themes_shinyo.py --codes 4320 8304 =====
[themes-shinyo] 差分 2 銘柄を開始
[1/2] 4320: theme=9 credit_rows=4 earnings=-
[2/2] 8304: theme=8 credit_rows=4 earnings=-
[themes-shinyo] 完了 ok=2 fail=0 themes=17 credit_rows=8
===== 2026-08-18T12:21:04 END status=success rc=0 =====


===== 2026-08-18T12:31:03 START C:\Users\sasit\AppData\Local\Programs\Python\Python310\pythonw.exe D:\kabu\main\1-スクリーニング自動化プログラム\main\fetch_all_kabutan_themes_shinyo.py --codes 4320 8304 =====
[themes-shinyo] 差分 2 銘柄を開始
[1/2] 4320: theme=9 credit_rows=4 earnings=-
[2/2] 8304: theme=8 credit_rows=4 earnings=-
[themes-shinyo] 完了 ok=2 fail=0 themes=17 credit_rows=8
===== 2026-08-18T12:31:07 END status=success rc=0 =====


===== 2026-08-18T12:41:04 START C:\Users\sasit\AppData\Local\Programs\Python\Python310\pythonw.exe D:\kabu\main\1-スクリーニング自動化プログラム\main\fetch_all_kabutan_themes_shinyo.py --codes 4320 8304 =====
[themes-shinyo] 差分 2 銘柄を開始
[1/2] 4320: theme=9 credit_rows=4 earnings=-
[2/2] 8304: theme=8 credit_rows=4 earnings=-
[themes-shinyo] 完了 ok=2 fail=0 themes=17 credit_rows=8
===== 2026-08-18T12:41:08 END status=success rc=0 =====


===== 2026-08-18T12:51:16 START C:\Users\sasit\AppData\Local\Programs\Python\Python310\pythonw.exe D:\kabu\main\1-スクリーニング自動化プログラム\main\fetch_all_kabutan_themes_shinyo.py --codes 4320 8304 =====
[themes-shinyo] 差分 2 銘柄を開始
[1/2] 4320: theme=9 credit_rows=4 earnings=-
[2/2] 8304: theme=8 credit_rows=4 earnings=-
[themes-shinyo] 完了 ok=2 fail=0 themes=17 credit_rows=8
===== 2026-08-18T12:51:20 END status=success rc=0 =====


===== 2026-08-18T13:01:15 START C:\Users\sasit\AppData\Local\Programs\Python\Python310\pythonw.exe D:\kabu\main\1-スクリーニング自動化プログラム\main\fetch_all_kabutan_themes_shinyo.py --codes 4320 8304 =====
[themes-shinyo] 差分 2 銘柄を開始
[1/2] 4320: theme=9 credit_rows=4 earnings=-
[2/2] 8304: theme=8 credit_rows=4 earnings=-
[themes-shinyo] 完了 ok=2 fail=0 themes=17 credit_rows=8
===== 2026-08-18T13:01:19 END status=success rc=0 =====


===== 2026-08-18T13:11:03 START C:\Users\sasit\AppData\Local\Programs\Python\Python310\pythonw.exe D:\kabu\main\1-スクリーニング自動化プログラム\main\fetch_all_kabutan_themes_shinyo.py --codes 4320 8304 =====
[themes-shinyo] 差分 2 銘柄を開始
[1/2] 4320: theme=9 credit_rows=4 earnings=-
[2/2] 8304: theme=8 credit_rows=4 earnings=-
[themes-shinyo] 完了 ok=2 fail=0 themes=17 credit_rows=8
===== 2026-08-18T13:11:07 END status=success rc=0 =====


===== 2026-08-18T13:21:16 START C:\Users\sasit\AppData\Local\Programs\Python\Python310\pythonw.exe D:\kabu\main\1-スクリーニング自動化プログラム\main\fetch_all_kabutan_themes_shinyo.py --codes 4320 8084 8304 =====
[themes-shinyo] 差分 3 銘柄を開始
[1/3] 4320: theme=9 credit_rows=4 earnings=-
[2/3] 8084: theme=10 credit_rows=4 earnings=-
[3/3] 8304: theme=8 credit_rows=4 earnings=-
[themes-shinyo] 完了 ok=3 fail=0 themes=27 credit_rows=12
===== 2026-08-18T13:21:22 END status=success rc=0 =====


===== 2026-08-18T13:31:09 START C:\Users\sasit\AppData\Local\Programs\Python\Python310\pythonw.exe D:\kabu\main\1-スクリーニング自動化プログラム\main\fetch_all_kabutan_themes_shinyo.py --codes 4320 8084 8304 =====
[themes-shinyo] 差分 3 銘柄を開始
[1/3] 4320: theme=9 credit_rows=4 earnings=-
[2/3] 8084: theme=10 credit_rows=4 earnings=-
[3/3] 8304: theme=8 credit_rows=4 earnings=-
[themes-shinyo] 完了 ok=3 fail=0 themes=27 credit_rows=12
===== 2026-08-18T13:31:15 END status=success rc=0 =====


===== 2026-08-18T13:41:06 START C:\Users\sasit\AppData\Local\Programs\Python\Python310\pythonw.exe D:\kabu\main\1-スクリーニング自動化プログラム\main\fetch_all_kabutan_themes_shinyo.py --codes 4320 8084 =====
[themes-shinyo] 差分 2 銘柄を開始
[1/2] 4320: theme=9 credit_rows=4 earnings=-
[2/2] 8084: theme=10 credit_rows=4 earnings=-
[themes-shinyo] 完了 ok=2 fail=0 themes=19 credit_rows=8
===== 2026-08-18T13:41:10 END status=success rc=0 =====


===== 2026-08-18T13:51:06 START C:\Users\sasit\AppData\Local\Programs\Python\Python310\pythonw.exe D:\kabu\main\1-スクリーニング自動化プログラム\main\fetch_all_kabutan_themes_shinyo.py --codes 8084 =====
[themes-shinyo] 差分 1 銘柄を開始
[1/1] 8084: theme=10 credit_rows=4 earnings=-
[themes-shinyo] 完了 ok=1 fail=0 themes=10 credit_rows=4
===== 2026-08-18T13:51:09 END status=success rc=0 =====


===== 2026-08-18T14:01:08 START C:\Users\sasit\AppData\Local\Programs\Python\Python310\pythonw.exe D:\kabu\main\1-スクリーニング自動化プログラム\main\fetch_all_kabutan_themes_shinyo.py --codes 8084 =====
[themes-shinyo] 差分 1 銘柄を開始
[1/1] 8084: theme=10 credit_rows=4 earnings=-
[themes-shinyo] 完了 ok=1 fail=0 themes=10 credit_rows=4
===== 2026-08-18T14:01:11 END status=success rc=0 =====


===== 2026-08-18T14:11:14 START C:\Users\sasit\AppData\Local\Programs\Python\Python310\pythonw.exe D:\kabu\main\1-スクリーニング自動化プログラム\main\fetch_all_kabutan_themes_shinyo.py --codes 8084 =====
[themes-shinyo] 差分 1 銘柄を開始
[1/1] 8084: theme=10 credit_rows=4 earnings=-
[themes-shinyo] 完了 ok=1 fail=0 themes=10 credit_rows=4
===== 2026-08-18T14:11:18 END status=success rc=0 =====


===== 2026-08-18T14:21:03 START C:\Users\sasit\AppData\Local\Programs\Python\Python310\pythonw.exe D:\kabu\main\1-スクリーニング自動化プログラム\main\fetch_all_kabutan_themes_shinyo.py --codes 8084 =====
[themes-shinyo] 差分 1 銘柄を開始
[1/1] 8084: theme=10 credit_rows=4 earnings=-
[themes-shinyo] 完了 ok=1 fail=0 themes=10 credit_rows=4
===== 2026-08-18T14:21:06 END status=success rc=0 =====


===== 2026-08-18T14:31:12 START C:\Users\sasit\AppData\Local\Programs\Python\Python310\pythonw.exe D:\kabu\main\1-スクリーニング自動化プログラム\main\fetch_all_kabutan_themes_shinyo.py --codes 8084 9887 =====
[themes-shinyo] 差分 2 銘柄を開始
[1/2] 8084: theme=10 credit_rows=4 earnings=-
[2/2] 9887: theme=9 credit_rows=4 earnings=2026/08/14
[themes-shinyo] 完了 ok=2 fail=0 themes=19 credit_rows=8
===== 2026-08-18T14:31:16 END status=success rc=0 =====


===== 2026-08-18T14:41:07 START C:\Users\sasit\AppData\Local\Programs\Python\Python310\pythonw.exe D:\kabu\main\1-スクリーニング自動化プログラム\main\fetch_all_kabutan_themes_shinyo.py --codes 8084 9887 =====
[themes-shinyo] 差分 2 銘柄を開始
[1/2] 8084: theme=10 credit_rows=4 earnings=-
[2/2] 9887: theme=9 credit_rows=4 earnings=2026/08/14
[themes-shinyo] 完了 ok=2 fail=0 themes=19 credit_rows=8
===== 2026-08-18T14:41:11 END status=success rc=0 =====


===== 2026-08-18T14:51:16 START C:\Users\sasit\AppData\Local\Programs\Python\Python310\pythonw.exe D:\kabu\main\1-スクリーニング自動化プログラム\main\fetch_all_kabutan_themes_shinyo.py --codes 8084 9887 =====
[themes-shinyo] 差分 2 銘柄を開始
[1/2] 8084: theme=10 credit_rows=4 earnings=-
[2/2] 9887: theme=9 credit_rows=4 earnings=2026/08/14
[themes-shinyo] 完了 ok=2 fail=0 themes=19 credit_rows=8
===== 2026-08-18T14:51:20 END status=success rc=0 =====


===== 2026-08-18T15:01:12 START C:\Users\sasit\AppData\Local\Programs\Python\Python310\pythonw.exe D:\kabu\main\1-スクリーニング自動化プログラム\main\fetch_all_kabutan_themes_shinyo.py --codes 8084 9887 =====
[themes-shinyo] 差分 2 銘柄を開始
[1/2] 8084: theme=10 credit_rows=4 earnings=-
[2/2] 9887: theme=9 credit_rows=4 earnings=2026/08/14
[themes-shinyo] 完了 ok=2 fail=0 themes=19 credit_rows=8
===== 2026-08-18T15:01:16 END status=success rc=0 =====


===== 2026-08-18T15:11:09 START C:\Users\sasit\AppData\Local\Programs\Python\Python310\pythonw.exe D:\kabu\main\1-スクリーニング自動化プログラム\main\fetch_all_kabutan_themes_shinyo.py --codes 9887 =====
[themes-shinyo] 差分 1 銘柄を開始
[1/1] 9887: theme=9 credit_rows=4 earnings=2026/08/14
[themes-shinyo] 完了 ok=1 fail=0 themes=9 credit_rows=4
===== 2026-08-18T15:11:12 END status=success rc=0 =====


===== 2026-08-18T15:21:20 START C:\Users\sasit\AppData\Local\Programs\Python\Python310\pythonw.exe D:\kabu\main\1-スクリーニング自動化プログラム\main\fetch_all_kabutan_themes_shinyo.py --codes 9887 =====
[themes-shinyo] 差分 1 銘柄を開始
[1/1] 9887: theme=9 credit_rows=4 earnings=2026/08/14
[themes-shinyo] 完了 ok=1 fail=0 themes=9 credit_rows=4
===== 2026-08-18T15:21:23 END status=success rc=0 =====


===== 2026-08-18T15:31:25 START C:\Users\sasit\AppData\Local\Programs\Python\Python310\pythonw.exe D:\kabu\main\1-スクリーニング自動化プログラム\main\fetch_all_kabutan_themes_shinyo.py --codes 9887 =====
[themes-shinyo] 差分 1 銘柄を開始
[1/1] 9887: theme=9 credit_rows=4 earnings=2026/08/14
[themes-shinyo] 完了 ok=1 fail=0 themes=9 credit_rows=4
===== 2026-08-18T15:31:28 END status=success rc=0 =====


===== 2026-08-18T16:01:55 START C:\Users\sasit\AppData\Local\Programs\Python\Python310\pythonw.exe D:\kabu\main\1-スクリーニング自動化プログラム\main\fetch_all_kabutan_themes_shinyo.py --codes 3174 4776 6046 6094 6327 7383 7532 8798 9887 =====
[themes-shinyo] 差分 9 銘柄を開始
[1/9] 3174: theme=8 credit_rows=4 earnings=-
[2/9] 4776: theme=18 credit_rows=4 earnings=2026/08/13
[3/9] 6046: theme=21 credit_rows=4 earnings=2026/08/14
[4/9] 6094: theme=17 credit_rows=4 earnings=2026/08/14
[5/9] 6327: theme=16 credit_rows=4 earnings=2026/08/18
[6/9] 7383: theme=13 credit_rows=4 earnings=2026/08/14
[7/9] 7532: theme=25 credit_rows=4 earnings=2026/08/18
[8/9] 8798: theme=8 credit_rows=4 earnings=2026/08/14
[9/9] 9887: theme=9 credit_rows=4 earnings=2026/08/14
[themes-shinyo] 完了 ok=9 fail=0 themes=135 credit_rows=36
===== 2026-08-18T16:02:11 END status=success rc=0 =====


===== 2026-08-18T16:21:16 START C:\Users\sasit\AppData\Local\Programs\Python\Python310\pythonw.exe D:\kabu\main\1-スクリーニング自動化プログラム\main\fetch_all_kabutan_themes_shinyo.py --codes 3174 4776 6046 6094 6327 7383 7532 7707 7814 8798 9887 =====
[themes-shinyo] 差分 11 銘柄を開始
[1/11] 3174: theme=8 credit_rows=4 earnings=-
[2/11] 4776: theme=18 credit_rows=4 earnings=2026/08/13
[3/11] 6046: theme=21 credit_rows=4 earnings=2026/08/14
[4/11] 6094: theme=17 credit_rows=4 earnings=2026/08/14
[5/11] 6327: theme=16 credit_rows=4 earnings=2026/08/18
[6/11] 7383: theme=13 credit_rows=4 earnings=2026/08/14
[7/11] 7532: theme=25 credit_rows=4 earnings=2026/08/18
[8/11] 7707: theme=15 credit_rows=4 earnings=2026/08/14
[9/11] 7814: theme=7 credit_rows=4 earnings=2026/08/13
[10/11] 8798: theme=8 credit_rows=4 earnings=2026/08/14
[11/11] 9887: theme=9 credit_rows=4 earnings=2026/08/14
[themes-shinyo] 完了 ok=11 fail=0 themes=157 credit_rows=44
===== 2026-08-18T16:21:35 END status=success rc=0 =====


===== 2026-08-18T16:41:27 START C:\Users\sasit\AppData\Local\Programs\Python\Python310\pythonw.exe D:\kabu\main\1-スクリーニング自動化プログラム\main\fetch_all_kabutan_themes_shinyo.py --codes 3174 4415 4776 6046 6094 6327 7383 7532 7707 7814 8798 =====
[themes-shinyo] 差分 11 銘柄を開始
[1/11] 3174: theme=8 credit_rows=4 earnings=-
[2/11] 4415: theme=11 credit_rows=4 earnings=2026/08/12
[3/11] 4776: theme=18 credit_rows=4 earnings=2026/08/13
[4/11] 6046: theme=21 credit_rows=4 earnings=2026/08/14
[5/11] 6094: theme=17 credit_rows=4 earnings=2026/08/14
[6/11] 6327: theme=16 credit_rows=4 earnings=2026/08/18
[7/11] 7383: theme=13 credit_rows=4 earnings=2026/08/14
[8/11] 7532: theme=25 credit_rows=4 earnings=2026/08/18
[9/11] 7707: theme=15 credit_rows=4 earnings=2026/08/14
[10/11] 7814: theme=7 credit_rows=4 earnings=2026/08/13
[11/11] 8798: theme=8 credit_rows=4 earnings=2026/08/14
[themes-shinyo] 完了 ok=11 fail=0 themes=159 credit_rows=44
===== 2026-08-18T16:41:47 END status=success rc=0 =====


===== 2026-08-18T17:01:36 START C:\Users\sasit\AppData\Local\Programs\Python\Python310\pythonw.exe D:\kabu\main\1-スクリーニング自動化プログラム\main\fetch_all_kabutan_themes_shinyo.py --codes 3174 4415 4776 6046 6094 6327 7383 7532 7707 7814 8798 =====
[themes-shinyo] 差分 11 銘柄を開始
[1/11] 3174: theme=8 credit_rows=4 earnings=-
[2/11] 4415: theme=11 credit_rows=4 earnings=2026/08/12
[3/11] 4776: theme=18 credit_rows=4 earnings=2026/08/13
[4/11] 6046: theme=21 credit_rows=4 earnings=2026/08/14
[5/11] 6094: theme=17 credit_rows=4 earnings=2026/08/14
[6/11] 6327: theme=16 credit_rows=4 earnings=2026/08/18
[7/11] 7383: theme=13 credit_rows=4 earnings=2026/08/14
[8/11] 7532: theme=25 credit_rows=4 earnings=2026/08/18
[9/11] 7707: theme=15 credit_rows=4 earnings=2026/08/14
[10/11] 7814: theme=7 credit_rows=4 earnings=2026/08/13
[11/11] 8798: theme=8 credit_rows=4 earnings=2026/08/14
[themes-shinyo] 完了 ok=11 fail=0 themes=159 credit_rows=44
===== 2026-08-18T17:01:55 END status=success rc=0 =====


===== 2026-08-18T17:11:17 START C:\Users\sasit\AppData\Local\Programs\Python\Python310\pythonw.exe D:\kabu\main\1-スクリーニング自動化プログラム\main\fetch_all_kabutan_themes_shinyo.py --codes 3174 4415 4776 6046 6094 6327 7383 7532 7707 7814 8798 =====
[themes-shinyo] 差分 11 銘柄を開始
[1/11] 3174: theme=8 credit_rows=4 earnings=-
[2/11] 4415: theme=11 credit_rows=4 earnings=2026/08/12
[3/11] 4776: theme=18 credit_rows=4 earnings=2026/08/13
[4/11] 6046: theme=21 credit_rows=4 earnings=2026/08/14
[5/11] 6094: theme=17 credit_rows=4 earnings=2026/08/14
[6/11] 6327: theme=16 credit_rows=4 earnings=2026/08/18
[7/11] 7383: theme=13 credit_rows=4 earnings=2026/08/14
[8/11] 7532: theme=25 credit_rows=4 earnings=2026/08/18
[9/11] 7707: theme=15 credit_rows=4 earnings=2026/08/14
[10/11] 7814: theme=7 credit_rows=4 earnings=2026/08/13
[11/11] 8798: theme=8 credit_rows=4 earnings=2026/08/14
[themes-shinyo] 完了 ok=11 fail=0 themes=159 credit_rows=44
===== 2026-08-18T17:11:36 END status=success rc=0 =====


===== 2026-08-18T17:21:17 START C:\Users\sasit\AppData\Local\Programs\Python\Python310\pythonw.exe D:\kabu\main\1-スクリーニング自動化プログラム\main\fetch_all_kabutan_themes_shinyo.py --codes 3174 4415 4776 6046 6094 6327 7383 7532 7707 7814 8798 =====
[themes-shinyo] 差分 11 銘柄を開始
[1/11] 3174: theme=8 credit_rows=4 earnings=-
[2/11] 4415: theme=11 credit_rows=4 earnings=2026/08/12
[3/11] 4776: theme=18 credit_rows=4 earnings=2026/08/13
[4/11] 6046: theme=21 credit_rows=4 earnings=2026/08/14
[5/11] 6094: theme=17 credit_rows=4 earnings=2026/08/14
[6/11] 6327: theme=16 credit_rows=4 earnings=2026/08/18
[7/11] 7383: theme=13 credit_rows=4 earnings=2026/08/14
[8/11] 7532: theme=25 credit_rows=4 earnings=2026/08/18
[9/11] 7707: theme=15 credit_rows=4 earnings=2026/08/14
[10/11] 7814: theme=7 credit_rows=4 earnings=2026/08/13
[11/11] 8798: theme=8 credit_rows=4 earnings=2026/08/14
[themes-shinyo] 完了 ok=11 fail=0 themes=159 credit_rows=44
===== 2026-08-18T17:21:36 END status=success rc=0 =====


===== 2026-08-18T17:31:22 START C:\Users\sasit\AppData\Local\Programs\Python\Python310\pythonw.exe D:\kabu\main\1-スクリーニング自動化プログラム\main\fetch_all_kabutan_themes_shinyo.py --codes 3174 4415 4776 6046 6094 6327 7383 7532 7707 7814 8798 =====
[themes-shinyo] 差分 11 銘柄を開始
[1/11] 3174: theme=8 credit_rows=4 earnings=-
[2/11] 4415: theme=11 credit_rows=4 earnings=2026/08/12
[3/11] 4776: theme=18 credit_rows=4 earnings=2026/08/13
[4/11] 6046: theme=21 credit_rows=4 earnings=2026/08/14
[5/11] 6094: theme=17 credit_rows=4 earnings=2026/08/14
[6/11] 6327: theme=16 credit_rows=4 earnings=2026/08/18
[7/11] 7383: theme=13 credit_rows=4 earnings=2026/08/14
[8/11] 7532: theme=25 credit_rows=4 earnings=2026/08/18
[9/11] 7707: theme=15 credit_rows=4 earnings=2026/08/14
[10/11] 7814: theme=7 credit_rows=4 earnings=2026/08/13
[11/11] 8798: theme=8 credit_rows=4 earnings=2026/08/14
[themes-shinyo] 完了 ok=11 fail=0 themes=159 credit_rows=44
===== 2026-08-18T17:31:41 END status=success rc=0 =====


===== 2026-08-18T17:41:26 START C:\Users\sasit\AppData\Local\Programs\Python\Python310\pythonw.exe D:\kabu\main\1-スクリーニング自動化プログラム\main\fetch_all_kabutan_themes_shinyo.py --codes 3174 4415 6327 7707 7814 =====
[themes-shinyo] 差分 5 銘柄を開始
[1/5] 3174: theme=8 credit_rows=4 earnings=-
[2/5] 4415: theme=11 credit_rows=4 earnings=2026/08/12
[3/5] 6327: theme=16 credit_rows=4 earnings=2026/08/18
[4/5] 7707: theme=15 credit_rows=4 earnings=2026/08/14
[5/5] 7814: theme=7 credit_rows=4 earnings=2026/08/13
[themes-shinyo] 完了 ok=5 fail=0 themes=57 credit_rows=20
===== 2026-08-18T17:41:35 END status=success rc=0 =====


===== 2026-08-18T17:51:15 START C:\Users\sasit\AppData\Local\Programs\Python\Python310\pythonw.exe D:\kabu\main\1-スクリーニング自動化プログラム\main\fetch_all_kabutan_themes_shinyo.py --codes 4415 7707 7814 =====
[themes-shinyo] 差分 3 銘柄を開始
[1/3] 4415: theme=11 credit_rows=4 earnings=2026/08/12
[2/3] 7707: theme=15 credit_rows=4 earnings=2026/08/14
[3/3] 7814: theme=7 credit_rows=4 earnings=2026/08/13
[themes-shinyo] 完了 ok=3 fail=0 themes=33 credit_rows=12
===== 2026-08-18T17:51:21 END status=success rc=0 =====


===== 2026-08-18T18:03:33 START C:\Users\sasit\AppData\Local\Programs\Python\Python310\pythonw.exe D:\kabu\main\1-スクリーニング自動化プログラム\main\fetch_all_kabutan_themes_shinyo.py --codes 4415 7707 7814 =====
[themes-shinyo] 差分 3 銘柄を開始
[1/3] 4415: theme=11 credit_rows=4 earnings=2026/08/12
[2/3] 7707: theme=15 credit_rows=4 earnings=2026/08/14
[3/3] 7814: theme=7 credit_rows=4 earnings=2026/08/13
[themes-shinyo] 完了 ok=3 fail=0 themes=33 credit_rows=12
===== 2026-08-18T18:03:39 END status=success rc=0 =====


===== 2026-08-18T18:11:13 START C:\Users\sasit\AppData\Local\Programs\Python\Python310\pythonw.exe D:\kabu\main\1-スクリーニング自動化プログラム\main\fetch_all_kabutan_themes_shinyo.py --codes 4415 =====
[themes-shinyo] 差分 1 銘柄を開始
[1/1] 4415: theme=11 credit_rows=4 earnings=2026/08/12
[themes-shinyo] 完了 ok=1 fail=0 themes=11 credit_rows=4
===== 2026-08-18T18:11:15 END status=success rc=0 =====


===== 2026-08-18T18:21:13 START C:\Users\sasit\AppData\Local\Programs\Python\Python310\pythonw.exe D:\kabu\main\1-スクリーニング自動化プログラム\main\fetch_all_kabutan_themes_shinyo.py --codes 4415 =====
[themes-shinyo] 差分 1 銘柄を開始
[1/1] 4415: theme=11 credit_rows=5 earnings=2026/08/12
[themes-shinyo] 完了 ok=1 fail=0 themes=11 credit_rows=5
===== 2026-08-18T18:21:15 END status=success rc=0 =====


===== 2026-08-18T18:31:36 START C:\Users\sasit\AppData\Local\Programs\Python\Python310\pythonw.exe D:\kabu\main\1-スクリーニング自動化プログラム\main\fetch_all_kabutan_themes_shinyo.py --codes 4415 =====
[themes-shinyo] 差分 1 銘柄を開始
[1/1] 4415: theme=11 credit_rows=5 earnings=2026/08/12
[themes-shinyo] 完了 ok=1 fail=0 themes=11 credit_rows=5
===== 2026-08-18T18:31:38 END status=success rc=0 =====


===== 2026-08-18T20:01:08 START C:\Users\sasit\AppData\Local\Programs\Python\Python310\pythonw.exe D:\kabu\main\1-スクリーニング自動化プログラム\main\fetch_all_kabutan_themes_shinyo.py --codes 3856 =====
[themes-shinyo] 差分 1 銘柄を開始
[1/1] 3856: theme=16 credit_rows=5 earnings=2026/08/21
[themes-shinyo] 完了 ok=1 fail=0 themes=16 credit_rows=5
===== 2026-08-18T20:01:10 END status=success rc=0 =====


===== 2026-08-18T23:31:11 START C:\Users\sasit\AppData\Local\Programs\Python\Python310\pythonw.exe D:\kabu\main\1-スクリーニング自動化プログラム\main\fetch_all_kabutan_themes_shinyo.py --codes 3856 =====
[themes-shinyo] 差分 1 銘柄を開始
[1/1] 3856: theme=16 credit_rows=5 earnings=2026/08/21
[themes-shinyo] 完了 ok=1 fail=0 themes=16 credit_rows=5
===== 2026-08-18T23:31:14 END status=success rc=0 =====
