

===== 2026-08-19T11:31:16 START C:\Users\sasit\AppData\Local\Programs\Python\Python310\pythonw.exe D:\kabu\main\1-スクリーニング自動化プログラム\main\fetch_all_kabutan_themes_shinyo.py --codes 3856 5038 =====
[themes-shinyo] 差分 2 銘柄を開始
[1/2] 3856: theme=16 credit_rows=5 earnings=2026/08/21
[2/2] 5038: theme=13 credit_rows=5 earnings=2026/08/14
[themes-shinyo] 完了 ok=2 fail=0 themes=29 credit_rows=10
===== 2026-08-19T11:31:20 END status=success rc=0 =====


===== 2026-08-19T11:41:05 START C:\Users\sasit\AppData\Local\Programs\Python\Python310\pythonw.exe D:\kabu\main\1-スクリーニング自動化プログラム\main\fetch_all_kabutan_themes_shinyo.py --codes 3856 5038 =====
[themes-shinyo] 差分 2 銘柄を開始
[1/2] 3856: theme=16 credit_rows=5 earnings=2026/08/21
[2/2] 5038: theme=13 credit_rows=5 earnings=2026/08/14
[themes-shinyo] 完了 ok=2 fail=0 themes=29 credit_rows=10
===== 2026-08-19T11:41:09 END status=success rc=0 =====


===== 2026-08-19T11:50:59 START C:\Users\sasit\AppData\Local\Programs\Python\Python310\pythonw.exe D:\kabu\main\1-スクリーニング自動化プログラム\main\fetch_all_kabutan_themes_shinyo.py --codes 3856 5038 =====
[themes-shinyo] 差分 2 銘柄を開始
[1/2] 3856: theme=16 credit_rows=5 earnings=2026/08/21
[2/2] 5038: theme=13 credit_rows=5 earnings=2026/08/14
[themes-shinyo] 完了 ok=2 fail=0 themes=29 credit_rows=10
===== 2026-08-19T11:51:03 END status=success rc=0 =====


===== 2026-08-19T12:01:06 START C:\Users\sasit\AppData\Local\Programs\Python\Python310\pythonw.exe D:\kabu\main\1-スクリーニング自動化プログラム\main\fetch_all_kabutan_themes_shinyo.py --codes 3856 5038 =====
[themes-shinyo] 差分 2 銘柄を開始
[1/2] 3856: theme=16 credit_rows=5 earnings=2026/08/21
[2/2] 5038: theme=13 credit_rows=5 earnings=2026/08/14
[themes-shinyo] 完了 ok=2 fail=0 themes=29 credit_rows=10
===== 2026-08-19T12:01:10 END status=success rc=0 =====


===== 2026-08-19T12:11:02 START C:\Users\sasit\AppData\Local\Programs\Python\Python310\pythonw.exe D:\kabu\main\1-スクリーニング自動化プログラム\main\fetch_all_kabutan_themes_shinyo.py --codes 3856 5038 =====
[themes-shinyo] 差分 2 銘柄を開始
[1/2] 3856: theme=16 credit_rows=5 earnings=2026/08/21
[2/2] 5038: theme=13 credit_rows=5 earnings=2026/08/14
[themes-shinyo] 完了 ok=2 fail=0 themes=29 credit_rows=10
===== 2026-08-19T12:11:06 END status=success rc=0 =====


===== 2026-08-19T12:20:58 START C:\Users\sasit\AppData\Local\Programs\Python\Python310\pythonw.exe D:\kabu\main\1-スクリーニング自動化プログラム\main\fetch_all_kabutan_themes_shinyo.py --codes 3856 5038 =====
[themes-shinyo] 差分 2 銘柄を開始
[1/2] 3856: theme=16 credit_rows=5 earnings=2026/08/21
[2/2] 5038: theme=13 credit_rows=5 earnings=2026/08/14
[themes-shinyo] 完了 ok=2 fail=0 themes=29 credit_rows=10
===== 2026-08-19T12:21:02 END status=success rc=0 =====


===== 2026-08-19T12:31:06 START C:\Users\sasit\AppData\Local\Programs\Python\Python310\pythonw.exe D:\kabu\main\1-スクリーニング自動化プログラム\main\fetch_all_kabutan_themes_shinyo.py --codes 3856 5038 =====
[themes-shinyo] 差分 2 銘柄を開始
[1/2] 3856: theme=16 credit_rows=5 earnings=2026/08/19
[2/2] 5038: theme=13 credit_rows=5 earnings=2026/08/14
[themes-shinyo] 完了 ok=2 fail=0 themes=29 credit_rows=10
===== 2026-08-19T12:31:10 END status=success rc=0 =====


===== 2026-08-19T12:41:12 START C:\Users\sasit\AppData\Local\Programs\Python\Python310\pythonw.exe D:\kabu\main\1-スクリーニング自動化プログラム\main\fetch_all_kabutan_themes_shinyo.py --codes 3856 5038 =====
[themes-shinyo] 差分 2 銘柄を開始
[1/2] 3856: theme=16 credit_rows=5 earnings=2026/08/19
[2/2] 5038: theme=13 credit_rows=5 earnings=2026/08/14
[themes-shinyo] 完了 ok=2 fail=0 themes=29 credit_rows=10
===== 2026-08-19T12:41:16 END status=success rc=0 =====


===== 2026-08-19T12:51:07 START C:\Users\sasit\AppData\Local\Programs\Python\Python310\pythonw.exe D:\kabu\main\1-スクリーニング自動化プログラム\main\fetch_all_kabutan_themes_shinyo.py --codes 3856 5038 =====
[themes-shinyo] 差分 2 銘柄を開始
[1/2] 3856: theme=16 credit_rows=5 earnings=2026/08/19
[2/2] 5038: theme=13 credit_rows=5 earnings=2026/08/14
[themes-shinyo] 完了 ok=2 fail=0 themes=29 credit_rows=10
===== 2026-08-19T12:51:11 END status=success rc=0 =====


===== 2026-08-19T13:01:16 START C:\Users\sasit\AppData\Local\Programs\Python\Python310\pythonw.exe D:\kabu\main\1-スクリーニング自動化プログラム\main\fetch_all_kabutan_themes_shinyo.py --codes 3856 5038 =====
[themes-shinyo] 差分 2 銘柄を開始
[1/2] 3856: theme=16 credit_rows=5 earnings=2026/08/19
[2/2] 5038: theme=13 credit_rows=5 earnings=2026/08/14
[themes-shinyo] 完了 ok=2 fail=0 themes=29 credit_rows=10
===== 2026-08-19T13:01:20 END status=success rc=0 =====


===== 2026-08-19T13:21:07 START C:\Users\sasit\AppData\Local\Programs\Python\Python310\pythonw.exe D:\kabu\main\1-スクリーニング自動化プログラム\main\fetch_all_kabutan_themes_shinyo.py --codes 3856 =====
[themes-shinyo] 差分 1 銘柄を開始
[1/1] 3856: theme=16 credit_rows=5 earnings=2026/08/19
[themes-shinyo] 完了 ok=1 fail=0 themes=16 credit_rows=5
===== 2026-08-19T13:21:10 END status=success rc=0 =====


===== 2026-08-19T13:31:56 START C:\Users\sasit\AppData\Local\Programs\Python\Python310\pythonw.exe D:\kabu\main\1-スクリーニング自動化プログラム\main\fetch_all_kabutan_themes_shinyo.py --codes 3856 8343 =====
[themes-shinyo] 差分 2 銘柄を開始
[1/2] 3856: theme=16 credit_rows=5 earnings=2026/08/19
[2/2] 8343: theme=6 credit_rows=5 earnings=-
[themes-shinyo] 完了 ok=2 fail=0 themes=22 credit_rows=10
===== 2026-08-19T13:32:00 END status=success rc=0 =====


===== 2026-08-19T13:41:26 START C:\Users\sasit\AppData\Local\Programs\Python\Python310\pythonw.exe D:\kabu\main\1-スクリーニング自動化プログラム\main\fetch_all_kabutan_themes_shinyo.py --codes 3856 8343 =====
[themes-shinyo] 差分 2 銘柄を開始
[1/2] 3856: theme=16 credit_rows=5 earnings=2026/08/19
[2/2] 8343: theme=6 credit_rows=5 earnings=-
[themes-shinyo] 完了 ok=2 fail=0 themes=22 credit_rows=10
===== 2026-08-19T13:41:30 END status=success rc=0 =====


===== 2026-08-19T14:01:26 START C:\Users\sasit\AppData\Local\Programs\Python\Python310\pythonw.exe D:\kabu\main\1-スクリーニング自動化プログラム\main\fetch_all_kabutan_themes_shinyo.py --codes 3856 8343 =====
[themes-shinyo] 差分 2 銘柄を開始
[1/2] 3856: theme=16 credit_rows=5 earnings=2026/08/19
[2/2] 8343: theme=6 credit_rows=5 earnings=-
[themes-shinyo] 完了 ok=2 fail=0 themes=22 credit_rows=10
===== 2026-08-19T14:01:30 END status=success rc=0 =====


===== 2026-08-19T14:11:23 START C:\Users\sasit\AppData\Local\Programs\Python\Python310\pythonw.exe D:\kabu\main\1-スクリーニング自動化プログラム\main\fetch_all_kabutan_themes_shinyo.py --codes 3856 8343 =====
[themes-shinyo] 差分 2 銘柄を開始
[1/2] 3856: theme=16 credit_rows=5 earnings=2026/08/19
[2/2] 8343: theme=6 credit_rows=5 earnings=-
[themes-shinyo] 完了 ok=2 fail=0 themes=22 credit_rows=10
===== 2026-08-19T14:11:27 END status=success rc=0 =====


===== 2026-08-19T14:21:24 START C:\Users\sasit\AppData\Local\Programs\Python\Python310\pythonw.exe D:\kabu\main\1-スクリーニング自動化プログラム\main\fetch_all_kabutan_themes_shinyo.py --codes 3856 8343 =====
[themes-shinyo] 差分 2 銘柄を開始
[1/2] 3856: theme=16 credit_rows=5 earnings=2026/08/19
[2/2] 8343: theme=6 credit_rows=5 earnings=-
[themes-shinyo] 完了 ok=2 fail=0 themes=22 credit_rows=10
===== 2026-08-19T14:21:28 END status=success rc=0 =====


===== 2026-08-19T14:41:27 START C:\Users\sasit\AppData\Local\Programs\Python\Python310\pythonw.exe D:\kabu\main\1-スクリーニング自動化プログラム\main\fetch_all_kabutan_themes_shinyo.py --codes 3856 8343 =====
[themes-shinyo] 差分 2 銘柄を開始
[1/2] 3856: theme=16 credit_rows=5 earnings=2026/08/19
[2/2] 8343: theme=6 credit_rows=5 earnings=-
[themes-shinyo] 完了 ok=2 fail=0 themes=22 credit_rows=10
===== 2026-08-19T14:41:31 END status=success rc=0 =====


===== 2026-08-19T14:51:25 START C:\Users\sasit\AppData\Local\Programs\Python\Python310\pythonw.exe D:\kabu\main\1-スクリーニング自動化プログラム\main\fetch_all_kabutan_themes_shinyo.py --codes 8343 =====
[themes-shinyo] 差分 1 銘柄を開始
[1/1] 8343: theme=6 credit_rows=5 earnings=-
[themes-shinyo] 完了 ok=1 fail=0 themes=6 credit_rows=5
===== 2026-08-19T14:51:28 END status=success rc=0 =====


===== 2026-08-19T15:01:29 START C:\Users\sasit\AppData\Local\Programs\Python\Python310\pythonw.exe D:\kabu\main\1-スクリーニング自動化プログラム\main\fetch_all_kabutan_themes_shinyo.py --codes 8343 =====
[themes-shinyo] 差分 1 銘柄を開始
[1/1] 8343: theme=6 credit_rows=5 earnings=-
[themes-shinyo] 完了 ok=1 fail=0 themes=6 credit_rows=5
===== 2026-08-19T15:01:32 END status=success rc=0 =====


===== 2026-08-19T16:01:46 START C:\Users\sasit\AppData\Local\Programs\Python\Python310\pythonw.exe D:\kabu\main\1-スクリーニング自動化プログラム\main\fetch_all_kabutan_themes_shinyo.py --codes 3076 4575 6501 7047 7744 =====
[themes-shinyo] 差分 5 銘柄を開始
[1/5] 3076: theme=28 credit_rows=5 earnings=2026/08/19
[2/5] 4575: theme=10 credit_rows=5 earnings=2026/08/12
[3/5] 6501: theme=149 credit_rows=5 earnings=-
[4/5] 7047: theme=29 credit_rows=5 earnings=2026/08/12
[5/5] 7744: theme=7 credit_rows=5 earnings=2026/08/14
[themes-shinyo] 完了 ok=5 fail=0 themes=223 credit_rows=25
===== 2026-08-19T16:01:55 END status=success rc=0 =====


===== 2026-08-19T16:21:38 START C:\Users\sasit\AppData\Local\Programs\Python\Python310\pythonw.exe D:\kabu\main\1-スクリーニング自動化プログラム\main\fetch_all_kabutan_themes_shinyo.py --codes 3076 4575 5247 6501 7047 7744 =====
[themes-shinyo] 差分 6 銘柄を開始
[1/6] 3076: theme=28 credit_rows=5 earnings=2026/08/19
[2/6] 4575: theme=10 credit_rows=5 earnings=2026/08/12
[3/6] 5247: theme=12 credit_rows=5 earnings=2026/08/14
[4/6] 6501: theme=149 credit_rows=5 earnings=-
[5/6] 7047: theme=29 credit_rows=5 earnings=2026/08/12
[6/6] 7744: theme=7 credit_rows=5 earnings=2026/08/14
[themes-shinyo] 完了 ok=6 fail=0 themes=235 credit_rows=30
===== 2026-08-19T16:21:49 END status=success rc=0 =====


===== 2026-08-19T16:41:30 START C:\Users\sasit\AppData\Local\Programs\Python\Python310\pythonw.exe D:\kabu\main\1-スクリーニング自動化プログラム\main\fetch_all_kabutan_themes_shinyo.py --codes 3076 4575 5247 6501 7047 7744 =====
[themes-shinyo] 差分 6 銘柄を開始
[1/6] 3076: theme=28 credit_rows=5 earnings=2026/08/19
[2/6] 4575: theme=10 credit_rows=5 earnings=2026/08/12
[3/6] 5247: theme=12 credit_rows=5 earnings=2026/08/14
[4/6] 6501: theme=149 credit_rows=5 earnings=-
[5/6] 7047: theme=29 credit_rows=5 earnings=2026/08/12
[6/6] 7744: theme=7 credit_rows=5 earnings=2026/08/14
[themes-shinyo] 完了 ok=6 fail=0 themes=235 credit_rows=30
===== 2026-08-19T16:41:41 END status=success rc=0 =====


===== 2026-08-19T16:51:38 START C:\Users\sasit\AppData\Local\Programs\Python\Python310\pythonw.exe D:\kabu\main\1-スクリーニング自動化プログラム\main\fetch_all_kabutan_themes_shinyo.py --codes 3076 4575 5247 6501 7047 7744 =====
[themes-shinyo] 差分 6 銘柄を開始
[1/6] 3076: theme=28 credit_rows=5 earnings=2026/08/19
[2/6] 4575: theme=10 credit_rows=5 earnings=2026/08/12
[3/6] 5247: theme=12 credit_rows=5 earnings=2026/08/14
[4/6] 6501: theme=149 credit_rows=5 earnings=-
[5/6] 7047: theme=29 credit_rows=5 earnings=2026/08/12
[6/6] 7744: theme=7 credit_rows=5 earnings=2026/08/14
[themes-shinyo] 完了 ok=6 fail=0 themes=235 credit_rows=30
===== 2026-08-19T16:51:49 END status=success rc=0 =====


===== 2026-08-19T17:01:39 START C:\Users\sasit\AppData\Local\Programs\Python\Python310\pythonw.exe D:\kabu\main\1-スクリーニング自動化プログラム\main\fetch_all_kabutan_themes_shinyo.py --codes 3076 4575 5247 6501 7047 7744 =====
[themes-shinyo] 差分 6 銘柄を開始
[1/6] 3076: theme=28 credit_rows=5 earnings=2026/08/19
[2/6] 4575: theme=10 credit_rows=5 earnings=2026/08/12
[3/6] 5247: theme=12 credit_rows=5 earnings=2026/08/14
[4/6] 6501: theme=149 credit_rows=5 earnings=-
[5/6] 7047: theme=29 credit_rows=5 earnings=2026/08/12
[6/6] 7744: theme=7 credit_rows=5 earnings=2026/08/14
[themes-shinyo] 完了 ok=6 fail=0 themes=235 credit_rows=30
===== 2026-08-19T17:01:50 END status=success rc=0 =====


===== 2026-08-19T17:11:35 START C:\Users\sasit\AppData\Local\Programs\Python\Python310\pythonw.exe D:\kabu\main\1-スクリーニング自動化プログラム\main\fetch_all_kabutan_themes_shinyo.py --codes 3076 4575 5247 6501 7047 7744 =====
[themes-shinyo] 差分 6 銘柄を開始
[1/6] 3076: theme=28 credit_rows=5 earnings=2026/08/19
[2/6] 4575: theme=10 credit_rows=5 earnings=2026/08/12
[3/6] 5247: theme=12 credit_rows=5 earnings=2026/08/14
[4/6] 6501: theme=149 credit_rows=5 earnings=-
[5/6] 7047: theme=29 credit_rows=5 earnings=2026/08/12
[6/6] 7744: theme=7 credit_rows=5 earnings=2026/08/14
[themes-shinyo] 完了 ok=6 fail=0 themes=235 credit_rows=30
===== 2026-08-19T17:11:46 END status=success rc=0 =====


===== 2026-08-19T17:21:34 START C:\Users\sasit\AppData\Local\Programs\Python\Python310\pythonw.exe D:\kabu\main\1-スクリーニング自動化プログラム\main\fetch_all_kabutan_themes_shinyo.py --codes 3076 4575 5247 6501 7047 7063 7744 =====
[themes-shinyo] 差分 7 銘柄を開始
[1/7] 3076: theme=28 credit_rows=5 earnings=2026/08/19
[2/7] 4575: theme=10 credit_rows=5 earnings=2026/08/12
[3/7] 5247: theme=12 credit_rows=5 earnings=2026/08/14
[4/7] 6501: theme=149 credit_rows=5 earnings=-
[5/7] 7047: theme=29 credit_rows=5 earnings=2026/08/12
[6/7] 7063: theme=15 credit_rows=5 earnings=2026/08/14
[7/7] 7744: theme=7 credit_rows=5 earnings=2026/08/14
[themes-shinyo] 完了 ok=7 fail=0 themes=250 credit_rows=35
===== 2026-08-19T17:21:46 END status=success rc=0 =====


===== 2026-08-19T17:31:37 START C:\Users\sasit\AppData\Local\Programs\Python\Python310\pythonw.exe D:\kabu\main\1-スクリーニング自動化プログラム\main\fetch_all_kabutan_themes_shinyo.py --codes 3076 4575 5247 6501 7047 7063 7744 =====
[themes-shinyo] 差分 7 銘柄を開始
[1/7] 3076: theme=28 credit_rows=5 earnings=2026/08/19
[2/7] 4575: theme=10 credit_rows=5 earnings=2026/08/12
[3/7] 5247: theme=12 credit_rows=5 earnings=2026/08/14
[4/7] 6501: theme=149 credit_rows=5 earnings=-
[5/7] 7047: theme=29 credit_rows=5 earnings=2026/08/12
[6/7] 7063: theme=15 credit_rows=5 earnings=2026/08/14
[7/7] 7744: theme=7 credit_rows=5 earnings=2026/08/14
[themes-shinyo] 完了 ok=7 fail=0 themes=250 credit_rows=35
===== 2026-08-19T17:31:49 END status=success rc=0 =====


===== 2026-08-19T17:59:46 START C:\Users\sasit\AppData\Local\Programs\Python\Python310\python.exe D:\kabu\main\1-スクリーニング自動化プログラム\main\fetch_all_kabutan_themes_shinyo.py --codes 5247 7063 =====
[themes-shinyo] 差分 2 銘柄を開始
[1/2] 5247: theme=12 credit_rows=5 earnings=2026/08/14
[2/2] 7063: theme=15 credit_rows=5 earnings=2026/08/14
[themes-shinyo] 完了 ok=2 fail=0 themes=27 credit_rows=10
===== 2026-08-19T17:59:50 END status=success rc=0 =====


===== 2026-08-19T18:43:10 START C:\Users\sasit\AppData\Local\Programs\Python\Python310\pythonw.exe D:\kabu\main\1-スクリーニング自動化プログラム\main\fetch_all_kabutan_themes_shinyo.py --codes 5247 7063 =====
[themes-shinyo] 差分 2 銘柄を開始
[1/2] 5247: theme=12 credit_rows=5 earnings=2026/08/14
[2/2] 7063: theme=15 credit_rows=5 earnings=2026/08/14
[themes-shinyo] 完了 ok=2 fail=0 themes=27 credit_rows=10
===== 2026-08-19T18:43:14 END status=success rc=0 =====


===== 2026-08-19T18:51:23 START C:\Users\sasit\AppData\Local\Programs\Python\Python310\pythonw.exe D:\kabu\main\1-スクリーニング自動化プログラム\main\fetch_all_kabutan_themes_shinyo.py --codes 7063 =====
[themes-shinyo] 差分 1 銘柄を開始
[1/1] 7063: theme=15 credit_rows=5 earnings=2026/08/14
[themes-shinyo] 完了 ok=1 fail=0 themes=15 credit_rows=5
===== 2026-08-19T18:51:25 END status=success rc=0 =====
