

===== 2026-08-18T09:01:22 START C:\Users\sasit\AppData\Local\Programs\Python\Python310\pythonw.exe D:\kabu\main\1-スクリーニング自動化プログラム\main\株探ファンダ.py 3660 --force-refresh =====
[INFO] fetching finance data: https://kabutan.jp/stock/finance?code=3660
[OK] 3660 done. Score:1, Alpha:C
[REACTION] past_earnings_dates 再構成: 1/1銘柄
[QUARTERLY_HISTORY] 8行 UPSERT
[producer] 財務データ更新完了。Fair Value再計算は自動スクリーニング側へ委譲します。
[producer] summary OK=1 SKIP=0 ERROR=0
===== 2026-08-18T09:01:25 END status=success rc=0 =====


===== 2026-08-18T09:11:02 START C:\Users\sasit\AppData\Local\Programs\Python\Python310\pythonw.exe D:\kabu\main\1-スクリーニング自動化プログラム\main\株探ファンダ.py 3660 --force-refresh =====
[INFO] fetching finance data: https://kabutan.jp/stock/finance?code=3660
[OK] 3660 done. Score:1, Alpha:C
[REACTION] past_earnings_dates 再構成: 1/1銘柄
[QUARTERLY_HISTORY] 8行 UPSERT
[producer] 財務データ更新完了。Fair Value再計算は自動スクリーニング側へ委譲します。
[producer] summary OK=1 SKIP=0 ERROR=0
===== 2026-08-18T09:11:05 END status=success rc=0 =====


===== 2026-08-18T09:21:15 START C:\Users\sasit\AppData\Local\Programs\Python\Python310\pythonw.exe D:\kabu\main\1-スクリーニング自動化プログラム\main\株探ファンダ.py 3660 --force-refresh =====
[INFO] fetching finance data: https://kabutan.jp/stock/finance?code=3660
[OK] 3660 done. Score:1, Alpha:C
[REACTION] past_earnings_dates 再構成: 1/1銘柄
[QUARTERLY_HISTORY] 8行 UPSERT
[producer] 財務データ更新完了。Fair Value再計算は自動スクリーニング側へ委譲します。
[producer] summary OK=1 SKIP=0 ERROR=0
===== 2026-08-18T09:21:18 END status=success rc=0 =====


===== 2026-08-18T09:31:17 START C:\Users\sasit\AppData\Local\Programs\Python\Python310\pythonw.exe D:\kabu\main\1-スクリーニング自動化プログラム\main\株探ファンダ.py 3660 --force-refresh =====
[INFO] fetching finance data: https://kabutan.jp/stock/finance?code=3660
[OK] 3660 done. Score:1, Alpha:C
[REACTION] past_earnings_dates 再構成: 1/1銘柄
[QUARTERLY_HISTORY] 8行 UPSERT
[producer] 財務データ更新完了。Fair Value再計算は自動スクリーニング側へ委譲します。
[producer] summary OK=1 SKIP=0 ERROR=0
===== 2026-08-18T09:31:20 END status=success rc=0 =====


===== 2026-08-18T09:41:19 START C:\Users\sasit\AppData\Local\Programs\Python\Python310\pythonw.exe D:\kabu\main\1-スクリーニング自動化プログラム\main\株探ファンダ.py 3660 --force-refresh =====
[INFO] fetching finance data: https://kabutan.jp/stock/finance?code=3660
[OK] 3660 done. Score:1, Alpha:C
[REACTION] past_earnings_dates 再構成: 1/1銘柄
[QUARTERLY_HISTORY] 8行 UPSERT
[producer] 財務データ更新完了。Fair Value再計算は自動スクリーニング側へ委譲します。
[producer] summary OK=1 SKIP=0 ERROR=0
===== 2026-08-18T09:41:22 END status=success rc=0 =====


===== 2026-08-18T09:51:14 START C:\Users\sasit\AppData\Local\Programs\Python\Python310\pythonw.exe D:\kabu\main\1-スクリーニング自動化プログラム\main\株探ファンダ.py 3660 --force-refresh =====
[INFO] fetching finance data: https://kabutan.jp/stock/finance?code=3660
[OK] 3660 done. Score:1, Alpha:C
[REACTION] past_earnings_dates 再構成: 1/1銘柄
[QUARTERLY_HISTORY] 8行 UPSERT
[producer] 財務データ更新完了。Fair Value再計算は自動スクリーニング側へ委譲します。
[producer] summary OK=1 SKIP=0 ERROR=0
===== 2026-08-18T09:51:17 END status=success rc=0 =====


===== 2026-08-18T10:01:20 START C:\Users\sasit\AppData\Local\Programs\Python\Python310\pythonw.exe D:\kabu\main\1-スクリーニング自動化プログラム\main\株探ファンダ.py 3660 --force-refresh =====
[INFO] fetching finance data: https://kabutan.jp/stock/finance?code=3660
[OK] 3660 done. Score:1, Alpha:C
[REACTION] past_earnings_dates 再構成: 1/1銘柄
[QUARTERLY_HISTORY] 8行 UPSERT
[producer] 財務データ更新完了。Fair Value再計算は自動スクリーニング側へ委譲します。
[producer] summary OK=1 SKIP=0 ERROR=0
===== 2026-08-18T10:01:23 END status=success rc=0 =====


===== 2026-08-18T12:01:04 START C:\Users\sasit\AppData\Local\Programs\Python\Python310\pythonw.exe D:\kabu\main\1-スクリーニング自動化プログラム\main\株探ファンダ.py 4320,8304 --force-refresh =====
[INFO] fetching finance data: https://kabutan.jp/stock/finance?code=8304
[INFO] fetching finance data: https://kabutan.jp/stock/finance?code=4320
[OK] 4320 done. Score:-1, Alpha:D-
[PROG] 8304 label=26.04-06 key_q=None key_f=None cum_op=None full_op=None status=予想データ欠損 progress=None%
[OK] 8304 done. Score:1, Alpha:C
[REACTION] past_earnings_dates 再構成: 2/2銘柄
[QUARTERLY_HISTORY] 16行 UPSERT
[producer] 財務データ更新完了。Fair Value再計算は自動スクリーニング側へ委譲します。
[producer] summary OK=2 SKIP=0 ERROR=0
===== 2026-08-18T12:01:07 END status=success rc=0 =====


===== 2026-08-18T12:11:02 START C:\Users\sasit\AppData\Local\Programs\Python\Python310\pythonw.exe D:\kabu\main\1-スクリーニング自動化プログラム\main\株探ファンダ.py 4320,8304 --force-refresh =====
[INFO] fetching finance data: https://kabutan.jp/stock/finance?code=8304
[INFO] fetching finance data: https://kabutan.jp/stock/finance?code=4320
[PROG] 8304 label=26.04-06 key_q=None key_f=None cum_op=None full_op=None status=予想データ欠損 progress=None%
[OK] 8304 done. Score:1, Alpha:C
[OK] 4320 done. Score:-1, Alpha:D-
[REACTION] past_earnings_dates 再構成: 2/2銘柄
[QUARTERLY_HISTORY] 16行 UPSERT
[producer] 財務データ更新完了。Fair Value再計算は自動スクリーニング側へ委譲します。
[producer] summary OK=2 SKIP=0 ERROR=0
===== 2026-08-18T12:11:05 END status=success rc=0 =====


===== 2026-08-18T12:20:56 START C:\Users\sasit\AppData\Local\Programs\Python\Python310\pythonw.exe D:\kabu\main\1-スクリーニング自動化プログラム\main\株探ファンダ.py 4320,8304 --force-refresh =====
[INFO] fetching finance data: https://kabutan.jp/stock/finance?code=4320
[INFO] fetching finance data: https://kabutan.jp/stock/finance?code=8304
[PROG] 8304 label=26.04-06 key_q=None key_f=None cum_op=None full_op=None status=予想データ欠損 progress=None%
[OK] 8304 done. Score:1, Alpha:C
[OK] 4320 done. Score:-1, Alpha:D-
[REACTION] past_earnings_dates 再構成: 2/2銘柄
[QUARTERLY_HISTORY] 16行 UPSERT
[producer] 財務データ更新完了。Fair Value再計算は自動スクリーニング側へ委譲します。
[producer] summary OK=2 SKIP=0 ERROR=0
===== 2026-08-18T12:21:00 END status=success rc=0 =====


===== 2026-08-18T12:31:00 START C:\Users\sasit\AppData\Local\Programs\Python\Python310\pythonw.exe D:\kabu\main\1-スクリーニング自動化プログラム\main\株探ファンダ.py 4320,8304 --force-refresh =====
[INFO] fetching finance data: https://kabutan.jp/stock/finance?code=4320
[INFO] fetching finance data: https://kabutan.jp/stock/finance?code=8304
[PROG] 8304 label=26.04-06 key_q=None key_f=None cum_op=None full_op=None status=予想データ欠損 progress=None%
[OK] 8304 done. Score:1, Alpha:C
[OK] 4320 done. Score:-1, Alpha:D-
[REACTION] past_earnings_dates 再構成: 2/2銘柄
[QUARTERLY_HISTORY] 16行 UPSERT
[producer] 財務データ更新完了。Fair Value再計算は自動スクリーニング側へ委譲します。
[producer] summary OK=2 SKIP=0 ERROR=0
===== 2026-08-18T12:31:03 END status=success rc=0 =====


===== 2026-08-18T12:41:00 START C:\Users\sasit\AppData\Local\Programs\Python\Python310\pythonw.exe D:\kabu\main\1-スクリーニング自動化プログラム\main\株探ファンダ.py 4320,8304 --force-refresh =====
[INFO] fetching finance data: https://kabutan.jp/stock/finance?code=4320
[INFO] fetching finance data: https://kabutan.jp/stock/finance?code=8304
[PROG] 8304 label=26.04-06 key_q=None key_f=None cum_op=None full_op=None status=予想データ欠損 progress=None%
[OK] 8304 done. Score:1, Alpha:C
[OK] 4320 done. Score:-1, Alpha:D-
[REACTION] past_earnings_dates 再構成: 2/2銘柄
[QUARTERLY_HISTORY] 16行 UPSERT
[producer] 財務データ更新完了。Fair Value再計算は自動スクリーニング側へ委譲します。
[producer] summary OK=2 SKIP=0 ERROR=0
===== 2026-08-18T12:41:04 END status=success rc=0 =====


===== 2026-08-18T12:51:13 START C:\Users\sasit\AppData\Local\Programs\Python\Python310\pythonw.exe D:\kabu\main\1-スクリーニング自動化プログラム\main\株探ファンダ.py 4320,8304 --force-refresh =====
[INFO] fetching finance data: https://kabutan.jp/stock/finance?code=4320
[INFO] fetching finance data: https://kabutan.jp/stock/finance?code=8304
[PROG] 8304 label=26.04-06 key_q=None key_f=None cum_op=None full_op=None status=予想データ欠損 progress=None%
[OK] 8304 done. Score:1, Alpha:C
[OK] 4320 done. Score:-1, Alpha:D-
[REACTION] past_earnings_dates 再構成: 2/2銘柄
[QUARTERLY_HISTORY] 16行 UPSERT
[producer] 財務データ更新完了。Fair Value再計算は自動スクリーニング側へ委譲します。
[producer] summary OK=2 SKIP=0 ERROR=0
===== 2026-08-18T12:51:16 END status=success rc=0 =====


===== 2026-08-18T13:01:12 START C:\Users\sasit\AppData\Local\Programs\Python\Python310\pythonw.exe D:\kabu\main\1-スクリーニング自動化プログラム\main\株探ファンダ.py 4320,8304 --force-refresh =====
[INFO] fetching finance data: https://kabutan.jp/stock/finance?code=4320
[INFO] fetching finance data: https://kabutan.jp/stock/finance?code=8304
[PROG] 8304 label=26.04-06 key_q=None key_f=None cum_op=None full_op=None status=予想データ欠損 progress=None%
[OK] 8304 done. Score:1, Alpha:C
[OK] 4320 done. Score:-1, Alpha:D-
[REACTION] past_earnings_dates 再構成: 2/2銘柄
[QUARTERLY_HISTORY] 16行 UPSERT
[producer] 財務データ更新完了。Fair Value再計算は自動スクリーニング側へ委譲します。
[producer] summary OK=2 SKIP=0 ERROR=0
===== 2026-08-18T13:01:15 END status=success rc=0 =====


===== 2026-08-18T13:11:00 START C:\Users\sasit\AppData\Local\Programs\Python\Python310\pythonw.exe D:\kabu\main\1-スクリーニング自動化プログラム\main\株探ファンダ.py 4320,8304 --force-refresh =====
[INFO] fetching finance data: https://kabutan.jp/stock/finance?code=8304
[INFO] fetching finance data: https://kabutan.jp/stock/finance?code=4320
[PROG] 8304 label=26.04-06 key_q=None key_f=None cum_op=None full_op=None status=予想データ欠損 progress=None%
[OK] 8304 done. Score:1, Alpha:C
[OK] 4320 done. Score:-1, Alpha:D-
[REACTION] past_earnings_dates 再構成: 2/2銘柄
[QUARTERLY_HISTORY] 16行 UPSERT
[producer] 財務データ更新完了。Fair Value再計算は自動スクリーニング側へ委譲します。
[producer] summary OK=2 SKIP=0 ERROR=0
===== 2026-08-18T13:11:03 END status=success rc=0 =====


===== 2026-08-18T13:21:13 START C:\Users\sasit\AppData\Local\Programs\Python\Python310\pythonw.exe D:\kabu\main\1-スクリーニング自動化プログラム\main\株探ファンダ.py 4320,8084,8304 --force-refresh =====
[INFO] fetching finance data: https://kabutan.jp/stock/finance?code=4320
[INFO] fetching finance data: https://kabutan.jp/stock/finance?code=8084
[INFO] fetching finance data: https://kabutan.jp/stock/finance?code=8304
[OK] 8084 done. Score:5, Alpha:A+
[PROG] 8304 label=26.04-06 key_q=None key_f=None cum_op=None full_op=None status=予想データ欠損 progress=None%
[OK] 8304 done. Score:1, Alpha:C
[OK] 4320 done. Score:-1, Alpha:D-
[REACTION] past_earnings_dates 再構成: 3/3銘柄
[QUARTERLY_HISTORY] 24行 UPSERT
[producer] 財務データ更新完了。Fair Value再計算は自動スクリーニング側へ委譲します。
[producer] summary OK=3 SKIP=0 ERROR=0
===== 2026-08-18T13:21:16 END status=success rc=0 =====


===== 2026-08-18T13:31:06 START C:\Users\sasit\AppData\Local\Programs\Python\Python310\pythonw.exe D:\kabu\main\1-スクリーニング自動化プログラム\main\株探ファンダ.py 4320,8084,8304 --force-refresh =====
[INFO] fetching finance data: https://kabutan.jp/stock/finance?code=8304
[INFO] fetching finance data: https://kabutan.jp/stock/finance?code=4320
[INFO] fetching finance data: https://kabutan.jp/stock/finance?code=8084
[OK] 8084 done. Score:5, Alpha:A+
[PROG] 8304 label=26.04-06 key_q=None key_f=None cum_op=None full_op=None status=予想データ欠損 progress=None%
[OK] 8304 done. Score:1, Alpha:C
[OK] 4320 done. Score:-1, Alpha:D-
[REACTION] past_earnings_dates 再構成: 3/3銘柄
[QUARTERLY_HISTORY] 24行 UPSERT
[producer] 財務データ更新完了。Fair Value再計算は自動スクリーニング側へ委譲します。
[producer] summary OK=3 SKIP=0 ERROR=0
===== 2026-08-18T13:31:09 END status=success rc=0 =====


===== 2026-08-18T13:41:03 START C:\Users\sasit\AppData\Local\Programs\Python\Python310\pythonw.exe D:\kabu\main\1-スクリーニング自動化プログラム\main\株探ファンダ.py 4320,8084 --force-refresh =====
[INFO] fetching finance data: https://kabutan.jp/stock/finance?code=8084
[INFO] fetching finance data: https://kabutan.jp/stock/finance?code=4320
[OK] 4320 done. Score:-1, Alpha:D-
[OK] 8084 done. Score:5, Alpha:A+
[REACTION] past_earnings_dates 再構成: 2/2銘柄
[QUARTERLY_HISTORY] 16行 UPSERT
[producer] 財務データ更新完了。Fair Value再計算は自動スクリーニング側へ委譲します。
[producer] summary OK=2 SKIP=0 ERROR=0
===== 2026-08-18T13:41:06 END status=success rc=0 =====


===== 2026-08-18T13:51:03 START C:\Users\sasit\AppData\Local\Programs\Python\Python310\pythonw.exe D:\kabu\main\1-スクリーニング自動化プログラム\main\株探ファンダ.py 8084 --force-refresh =====
[INFO] fetching finance data: https://kabutan.jp/stock/finance?code=8084
[OK] 8084 done. Score:5, Alpha:A+
[REACTION] past_earnings_dates 再構成: 1/1銘柄
[QUARTERLY_HISTORY] 8行 UPSERT
[producer] 財務データ更新完了。Fair Value再計算は自動スクリーニング側へ委譲します。
[producer] summary OK=1 SKIP=0 ERROR=0
===== 2026-08-18T13:51:06 END status=success rc=0 =====


===== 2026-08-18T14:01:05 START C:\Users\sasit\AppData\Local\Programs\Python\Python310\pythonw.exe D:\kabu\main\1-スクリーニング自動化プログラム\main\株探ファンダ.py 8084 --force-refresh =====
[INFO] fetching finance data: https://kabutan.jp/stock/finance?code=8084
[OK] 8084 done. Score:5, Alpha:A+
[REACTION] past_earnings_dates 再構成: 1/1銘柄
[QUARTERLY_HISTORY] 8行 UPSERT
[producer] 財務データ更新完了。Fair Value再計算は自動スクリーニング側へ委譲します。
[producer] summary OK=1 SKIP=0 ERROR=0
===== 2026-08-18T14:01:08 END status=success rc=0 =====


===== 2026-08-18T14:11:04 START C:\Users\sasit\AppData\Local\Programs\Python\Python310\pythonw.exe D:\kabu\main\1-スクリーニング自動化プログラム\main\株探ファンダ.py 8084 --force-refresh =====
[INFO] fetching finance data: https://kabutan.jp/stock/finance?code=8084
[OK] 8084 done. Score:5, Alpha:A+
[REACTION] past_earnings_dates 再構成: 1/1銘柄
[QUARTERLY_HISTORY] 8行 UPSERT
[producer] 財務データ更新完了。Fair Value再計算は自動スクリーニング側へ委譲します。
[producer] summary OK=1 SKIP=0 ERROR=0
===== 2026-08-18T14:11:14 END status=success rc=0 =====


===== 2026-08-18T14:21:00 START C:\Users\sasit\AppData\Local\Programs\Python\Python310\pythonw.exe D:\kabu\main\1-スクリーニング自動化プログラム\main\株探ファンダ.py 8084 --force-refresh =====
[INFO] fetching finance data: https://kabutan.jp/stock/finance?code=8084
[OK] 8084 done. Score:5, Alpha:A+
[REACTION] past_earnings_dates 再構成: 1/1銘柄
[QUARTERLY_HISTORY] 8行 UPSERT
[producer] 財務データ更新完了。Fair Value再計算は自動スクリーニング側へ委譲します。
[producer] summary OK=1 SKIP=0 ERROR=0
===== 2026-08-18T14:21:03 END status=success rc=0 =====


===== 2026-08-18T14:31:09 START C:\Users\sasit\AppData\Local\Programs\Python\Python310\pythonw.exe D:\kabu\main\1-スクリーニング自動化プログラム\main\株探ファンダ.py 8084,9887 --force-refresh =====
[INFO] fetching finance data: https://kabutan.jp/stock/finance?code=8084
[INFO] fetching finance data: https://kabutan.jp/stock/finance?code=9887
[OK] 8084 done. Score:5, Alpha:A+
[OK] 9887 done. Score:-1, Alpha:D-
[REACTION] past_earnings_dates 再構成: 2/2銘柄
[QUARTERLY_HISTORY] 16行 UPSERT
[producer] 財務データ更新完了。Fair Value再計算は自動スクリーニング側へ委譲します。
[producer] summary OK=2 SKIP=0 ERROR=0
===== 2026-08-18T14:31:12 END status=success rc=0 =====


===== 2026-08-18T14:41:04 START C:\Users\sasit\AppData\Local\Programs\Python\Python310\pythonw.exe D:\kabu\main\1-スクリーニング自動化プログラム\main\株探ファンダ.py 8084,9887 --force-refresh =====
[INFO] fetching finance data: https://kabutan.jp/stock/finance?code=8084
[INFO] fetching finance data: https://kabutan.jp/stock/finance?code=9887
[OK] 8084 done. Score:5, Alpha:A+
[OK] 9887 done. Score:-1, Alpha:D-
[REACTION] past_earnings_dates 再構成: 2/2銘柄
[QUARTERLY_HISTORY] 16行 UPSERT
[producer] 財務データ更新完了。Fair Value再計算は自動スクリーニング側へ委譲します。
[producer] summary OK=2 SKIP=0 ERROR=0
===== 2026-08-18T14:41:07 END status=success rc=0 =====


===== 2026-08-18T14:51:06 START C:\Users\sasit\AppData\Local\Programs\Python\Python310\pythonw.exe D:\kabu\main\1-スクリーニング自動化プログラム\main\株探ファンダ.py 8084,9887 --force-refresh =====
[INFO] fetching finance data: https://kabutan.jp/stock/finance?code=8084
[INFO] fetching finance data: https://kabutan.jp/stock/finance?code=9887
[OK] 8084 done. Score:5, Alpha:A+
[OK] 9887 done. Score:-1, Alpha:D-
[REACTION] past_earnings_dates 再構成: 2/2銘柄
[QUARTERLY_HISTORY] 16行 UPSERT
[producer] 財務データ更新完了。Fair Value再計算は自動スクリーニング側へ委譲します。
[producer] summary OK=2 SKIP=0 ERROR=0
===== 2026-08-18T14:51:16 END status=success rc=0 =====


===== 2026-08-18T15:01:09 START C:\Users\sasit\AppData\Local\Programs\Python\Python310\pythonw.exe D:\kabu\main\1-スクリーニング自動化プログラム\main\株探ファンダ.py 8084,9887 --force-refresh =====
[INFO] fetching finance data: https://kabutan.jp/stock/finance?code=9887
[INFO] fetching finance data: https://kabutan.jp/stock/finance?code=8084
[OK] 9887 done. Score:-1, Alpha:D-
[OK] 8084 done. Score:5, Alpha:A+
[REACTION] past_earnings_dates 再構成: 2/2銘柄
[QUARTERLY_HISTORY] 16行 UPSERT
[producer] 財務データ更新完了。Fair Value再計算は自動スクリーニング側へ委譲します。
[producer] summary OK=2 SKIP=0 ERROR=0
===== 2026-08-18T15:01:12 END status=success rc=0 =====


===== 2026-08-18T15:11:06 START C:\Users\sasit\AppData\Local\Programs\Python\Python310\pythonw.exe D:\kabu\main\1-スクリーニング自動化プログラム\main\株探ファンダ.py 9887 --force-refresh =====
[INFO] fetching finance data: https://kabutan.jp/stock/finance?code=9887
[OK] 9887 done. Score:-1, Alpha:D-
[REACTION] past_earnings_dates 再構成: 1/1銘柄
[QUARTERLY_HISTORY] 8行 UPSERT
[producer] 財務データ更新完了。Fair Value再計算は自動スクリーニング側へ委譲します。
[producer] summary OK=1 SKIP=0 ERROR=0
===== 2026-08-18T15:11:09 END status=success rc=0 =====


===== 2026-08-18T15:21:17 START C:\Users\sasit\AppData\Local\Programs\Python\Python310\pythonw.exe D:\kabu\main\1-スクリーニング自動化プログラム\main\株探ファンダ.py 9887 --force-refresh =====
[INFO] fetching finance data: https://kabutan.jp/stock/finance?code=9887
[OK] 9887 done. Score:-1, Alpha:D-
[REACTION] past_earnings_dates 再構成: 1/1銘柄
[QUARTERLY_HISTORY] 8行 UPSERT
[producer] 財務データ更新完了。Fair Value再計算は自動スクリーニング側へ委譲します。
[producer] summary OK=1 SKIP=0 ERROR=0
===== 2026-08-18T15:21:20 END status=success rc=0 =====


===== 2026-08-18T15:31:22 START C:\Users\sasit\AppData\Local\Programs\Python\Python310\pythonw.exe D:\kabu\main\1-スクリーニング自動化プログラム\main\株探ファンダ.py 9887 --force-refresh =====
[INFO] fetching finance data: https://kabutan.jp/stock/finance?code=9887
[OK] 9887 done. Score:-1, Alpha:D-
[REACTION] past_earnings_dates 再構成: 1/1銘柄
[QUARTERLY_HISTORY] 8行 UPSERT
[producer] 財務データ更新完了。Fair Value再計算は自動スクリーニング側へ委譲します。
[producer] summary OK=1 SKIP=0 ERROR=0
===== 2026-08-18T15:31:25 END status=success rc=0 =====


===== 2026-08-18T16:01:51 START C:\Users\sasit\AppData\Local\Programs\Python\Python310\pythonw.exe D:\kabu\main\1-スクリーニング自動化プログラム\main\株探ファンダ.py 3174,4776,6046,6094,6327,7383,7532,8798,9887 --force-refresh =====
[INFO] fetching finance data: https://kabutan.jp/stock/finance?code=7383
[INFO] fetching finance data: https://kabutan.jp/stock/finance?code=4776
[INFO] fetching finance data: https://kabutan.jp/stock/finance?code=3174
[INFO] fetching finance data: https://kabutan.jp/stock/finance?code=7532
[INFO] fetching finance data: https://kabutan.jp/stock/finance?code=9887
[INFO] fetching finance data: https://kabutan.jp/stock/finance?code=6327
[INFO] fetching finance data: https://kabutan.jp/stock/finance?code=8798
[OK] 6327 done. Score:4, Alpha:B
[INFO] fetching finance data: https://kabutan.jp/stock/finance?code=6094
[OK] 7532 done. Score:-2, Alpha:D-
[OK] 7383 done. Score:6, Alpha:A+
[OK] 8798 done. Score:6, Alpha:A+
[OK] 9887 done. Score:-1, Alpha:D-
[OK] 4776 done. Score:2, Alpha:B
[PROG] 3174 label=連 26.03-05 key_q=2026.08 key_f=2026.08 cum_op=-256.0 full_op=-268.0 status=予想データ欠損 progress=None%
[OK] 3174 done. Score:4, Alpha:B
[INFO] fetching finance data: https://kabutan.jp/stock/finance?code=6046
[OK] 6094 done. Score:6, Alpha:A+
[PROG] 6046 label=連 26.04-06 key_q=2026.09 key_f=2026.09 cum_op=-21.0 full_op=2.0 status=予想データ欠損 progress=None%
[OK] 6046 done. Score:5, Alpha:A+
[REACTION] past_earnings_dates 再構成: 9/9銘柄
[QUARTERLY_HISTORY] 72行 UPSERT
[producer] 財務データ更新完了。Fair Value再計算は自動スクリーニング側へ委譲します。
[producer] summary OK=9 SKIP=0 ERROR=0
===== 2026-08-18T16:01:55 END status=success rc=0 =====


===== 2026-08-18T16:21:11 START C:\Users\sasit\AppData\Local\Programs\Python\Python310\pythonw.exe D:\kabu\main\1-スクリーニング自動化プログラム\main\株探ファンダ.py 3174,4776,6046,6094,6327,7383,7532,7707,7814,8798,9887 --force-refresh =====
[INFO] fetching finance data: https://kabutan.jp/stock/finance?code=6327
[INFO] fetching finance data: https://kabutan.jp/stock/finance?code=7814
[INFO] fetching finance data: https://kabutan.jp/stock/finance?code=7532
[INFO] fetching finance data: https://kabutan.jp/stock/finance?code=3174
[INFO] fetching finance data: https://kabutan.jp/stock/finance?code=9887
[INFO] fetching finance data: https://kabutan.jp/stock/finance?code=8798
[INFO] fetching finance data: https://kabutan.jp/stock/finance?code=7383
[OK] 7383 done. Score:6, Alpha:A+
[INFO] fetching finance data: https://kabutan.jp/stock/finance?code=4776
[PROG] 3174 label=連 26.03-05 key_q=2026.08 key_f=2026.08 cum_op=-256.0 full_op=-268.0 status=予想データ欠損 progress=None%
[OK] 3174 done. Score:4, Alpha:B
[OK] 9887 done. Score:-1, Alpha:D-
[OK] 7532 done. Score:-2, Alpha:D-
[OK] 8798 done. Score:6, Alpha:A+
[OK] 7814 done. Score:-3, Alpha:D-
[OK] 6327 done. Score:4, Alpha:B
[INFO] fetching finance data: https://kabutan.jp/stock/finance?code=6046
[INFO] fetching finance data: https://kabutan.jp/stock/finance?code=7707
[INFO] fetching finance data: https://kabutan.jp/stock/finance?code=6094
[OK] 4776 done. Score:2, Alpha:B
[OK] 7707 done. Score:0, Alpha:C
[PROG] 6046 label=連 26.04-06 key_q=2026.09 key_f=2026.09 cum_op=-21.0 full_op=2.0 status=予想データ欠損 progress=None%
[OK] 6046 done. Score:5, Alpha:A+
[OK] 6094 done. Score:6, Alpha:A+
[REACTION] past_earnings_dates 再構成: 11/11銘柄
[QUARTERLY_HISTORY] 88行 UPSERT
[producer] 財務データ更新完了。Fair Value再計算は自動スクリーニング側へ委譲します。
[producer] summary OK=11 SKIP=0 ERROR=0
===== 2026-08-18T16:21:16 END status=success rc=0 =====


===== 2026-08-18T16:41:15 START C:\Users\sasit\AppData\Local\Programs\Python\Python310\pythonw.exe D:\kabu\main\1-スクリーニング自動化プログラム\main\株探ファンダ.py 3174,4415,4776,6046,6094,6327,7383,7532,7707,7814,8798 --force-refresh =====
[INFO] fetching finance data: https://kabutan.jp/stock/finance?code=4415
[INFO] fetching finance data: https://kabutan.jp/stock/finance?code=6327
[INFO] fetching finance data: https://kabutan.jp/stock/finance?code=8798
[INFO] fetching finance data: https://kabutan.jp/stock/finance?code=6046
[INFO] fetching finance data: https://kabutan.jp/stock/finance?code=3174
[INFO] fetching finance data: https://kabutan.jp/stock/finance?code=7814
[INFO] fetching finance data: https://kabutan.jp/stock/finance?code=4776
[PROG] 4415 label=連 26.04-06 key_q=None key_f=None cum_op=None full_op=None status=予想データ欠損 progress=None%
[OK] 4415 done. Score:1, Alpha:C
[INFO] fetching finance data: https://kabutan.jp/stock/finance?code=7532
[OK] 4776 done. Score:2, Alpha:B
[OK] 6327 done. Score:4, Alpha:B
[PROG] 6046 label=連 26.04-06 key_q=2026.09 key_f=2026.09 cum_op=-21.0 full_op=2.0 status=予想データ欠損 progress=None%
[OK] 6046 done. Score:5, Alpha:A+
[OK] 8798 done. Score:6, Alpha:A+
[OK] 7814 done. Score:-3, Alpha:D-
[PROG] 3174 label=連 26.03-05 key_q=2026.08 key_f=2026.08 cum_op=-256.0 full_op=-268.0 status=予想データ欠損 progress=None%
[OK] 3174 done. Score:4, Alpha:B
[INFO] fetching finance data: https://kabutan.jp/stock/finance?code=6094
[INFO] fetching finance data: https://kabutan.jp/stock/finance?code=7383
[INFO] fetching finance data: https://kabutan.jp/stock/finance?code=7707
[OK] 7383 done. Score:6, Alpha:A+
[OK] 6094 done. Score:6, Alpha:A+
[OK] 7707 done. Score:0, Alpha:C
[OK] 7532 done. Score:-2, Alpha:D-
[REACTION] past_earnings_dates 再構成: 11/11銘柄
[QUARTERLY_HISTORY] 88行 UPSERT
[producer] 財務データ更新完了。Fair Value再計算は自動スクリーニング側へ委譲します。
[producer] summary OK=11 SKIP=0 ERROR=0
===== 2026-08-18T16:41:27 END status=success rc=0 =====


===== 2026-08-18T17:01:31 START C:\Users\sasit\AppData\Local\Programs\Python\Python310\pythonw.exe D:\kabu\main\1-スクリーニング自動化プログラム\main\株探ファンダ.py 3174,4415,4776,6046,6094,6327,7383,7532,7707,7814,8798 --force-refresh =====
[INFO] fetching finance data: https://kabutan.jp/stock/finance?code=6327
[INFO] fetching finance data: https://kabutan.jp/stock/finance?code=4415
[INFO] fetching finance data: https://kabutan.jp/stock/finance?code=4776
[INFO] fetching finance data: https://kabutan.jp/stock/finance?code=3174
[INFO] fetching finance data: https://kabutan.jp/stock/finance?code=6094
[INFO] fetching finance data: https://kabutan.jp/stock/finance?code=7383
[INFO] fetching finance data: https://kabutan.jp/stock/finance?code=8798
[PROG] 4415 label=連 26.04-06 key_q=None key_f=None cum_op=None full_op=None status=予想データ欠損 progress=None%
[OK] 4415 done. Score:1, Alpha:C
[INFO] fetching finance data: https://kabutan.jp/stock/finance?code=7707
[OK] 6094 done. Score:6, Alpha:A+
[OK] 4776 done. Score:2, Alpha:B
[OK] 7383 done. Score:6, Alpha:A+
[PROG] 3174 label=連 26.03-05 key_q=2026.08 key_f=2026.08 cum_op=-256.0 full_op=-268.0 status=予想データ欠損 progress=None%
[OK] 3174 done. Score:4, Alpha:B
[OK] 6327 done. Score:4, Alpha:B
[OK] 8798 done. Score:6, Alpha:A+
[INFO] fetching finance data: https://kabutan.jp/stock/finance?code=7814
[INFO] fetching finance data: https://kabutan.jp/stock/finance?code=7532
[INFO] fetching finance data: https://kabutan.jp/stock/finance?code=6046
[OK] 7532 done. Score:-2, Alpha:D-
[OK] 7814 done. Score:-3, Alpha:D-
[OK] 7707 done. Score:0, Alpha:C
[PROG] 6046 label=連 26.04-06 key_q=2026.09 key_f=2026.09 cum_op=-21.0 full_op=2.0 status=予想データ欠損 progress=None%
[OK] 6046 done. Score:5, Alpha:A+
[REACTION] past_earnings_dates 再構成: 11/11銘柄
[QUARTERLY_HISTORY] 88行 UPSERT
[producer] 財務データ更新完了。Fair Value再計算は自動スクリーニング側へ委譲します。
[producer] summary OK=11 SKIP=0 ERROR=0
===== 2026-08-18T17:01:36 END status=success rc=0 =====


===== 2026-08-18T17:11:12 START C:\Users\sasit\AppData\Local\Programs\Python\Python310\pythonw.exe D:\kabu\main\1-スクリーニング自動化プログラム\main\株探ファンダ.py 3174,4415,4776,6046,6094,6327,7383,7532,7707,7814,8798 --force-refresh =====
[INFO] fetching finance data: https://kabutan.jp/stock/finance?code=6046
[INFO] fetching finance data: https://kabutan.jp/stock/finance?code=4415
[INFO] fetching finance data: https://kabutan.jp/stock/finance?code=7532
[INFO] fetching finance data: https://kabutan.jp/stock/finance?code=7383
[INFO] fetching finance data: https://kabutan.jp/stock/finance?code=4776
[INFO] fetching finance data: https://kabutan.jp/stock/finance?code=6327
[INFO] fetching finance data: https://kabutan.jp/stock/finance?code=7707
[OK] 7532 done. Score:-2, Alpha:D-
[INFO] fetching finance data: https://kabutan.jp/stock/finance?code=6094
[OK] 7383 done. Score:6, Alpha:A+
[OK] 6327 done. Score:4, Alpha:B
[OK] 7707 done. Score:0, Alpha:C
[PROG] 6046 label=連 26.04-06 key_q=2026.09 key_f=2026.09 cum_op=-21.0 full_op=2.0 status=予想データ欠損 progress=None%
[OK] 6046 done. Score:5, Alpha:A+
[OK] 4776 done. Score:2, Alpha:B
[PROG] 4415 label=連 26.04-06 key_q=None key_f=None cum_op=None full_op=None status=予想データ欠損 progress=None%
[OK] 4415 done. Score:1, Alpha:C
[INFO] fetching finance data: https://kabutan.jp/stock/finance?code=3174
[INFO] fetching finance data: https://kabutan.jp/stock/finance?code=8798
[INFO] fetching finance data: https://kabutan.jp/stock/finance?code=7814
[PROG] 3174 label=連 26.03-05 key_q=2026.08 key_f=2026.08 cum_op=-256.0 full_op=-268.0 status=予想データ欠損 progress=None%
[OK] 3174 done. Score:4, Alpha:B
[OK] 6094 done. Score:6, Alpha:A+
[OK] 8798 done. Score:6, Alpha:A+
[OK] 7814 done. Score:-3, Alpha:D-
[REACTION] past_earnings_dates 再構成: 11/11銘柄
[QUARTERLY_HISTORY] 88行 UPSERT
[producer] 財務データ更新完了。Fair Value再計算は自動スクリーニング側へ委譲します。
[producer] summary OK=11 SKIP=0 ERROR=0
===== 2026-08-18T17:11:17 END status=success rc=0 =====


===== 2026-08-18T17:21:12 START C:\Users\sasit\AppData\Local\Programs\Python\Python310\pythonw.exe D:\kabu\main\1-スクリーニング自動化プログラム\main\株探ファンダ.py 3174,4415,4776,6046,6094,6327,7383,7532,7707,7814,8798 --force-refresh =====
[INFO] fetching finance data: https://kabutan.jp/stock/finance?code=4776
[INFO] fetching finance data: https://kabutan.jp/stock/finance?code=4415
[INFO] fetching finance data: https://kabutan.jp/stock/finance?code=7707
[INFO] fetching finance data: https://kabutan.jp/stock/finance?code=6046
[INFO] fetching finance data: https://kabutan.jp/stock/finance?code=6327
[INFO] fetching finance data: https://kabutan.jp/stock/finance?code=7532
[INFO] fetching finance data: https://kabutan.jp/stock/finance?code=6094
[OK] 6094 done. Score:6, Alpha:A+
[INFO] fetching finance data: https://kabutan.jp/stock/finance?code=8798
[OK] 4776 done. Score:2, Alpha:B
[PROG] 6046 label=連 26.04-06 key_q=2026.09 key_f=2026.09 cum_op=-21.0 full_op=2.0 status=予想データ欠損 progress=None%
[OK] 6046 done. Score:5, Alpha:A+
[PROG] 4415 label=連 26.04-06 key_q=None key_f=None cum_op=None full_op=None status=予想データ欠損 progress=None%
[OK] 4415 done. Score:1, Alpha:C
[OK] 6327 done. Score:4, Alpha:B
[OK] 7707 done. Score:0, Alpha:C
[OK] 7532 done. Score:-2, Alpha:D-
[INFO] fetching finance data: https://kabutan.jp/stock/finance?code=3174
[INFO] fetching finance data: https://kabutan.jp/stock/finance?code=7814
[INFO] fetching finance data: https://kabutan.jp/stock/finance?code=7383
[OK] 7814 done. Score:-3, Alpha:D-
[PROG] 3174 label=連 26.03-05 key_q=2026.08 key_f=2026.08 cum_op=-256.0 full_op=-268.0 status=予想データ欠損 progress=None%
[OK] 3174 done. Score:4, Alpha:B
[OK] 8798 done. Score:6, Alpha:A+
[OK] 7383 done. Score:6, Alpha:A+
[REACTION] past_earnings_dates 再構成: 11/11銘柄
[QUARTERLY_HISTORY] 88行 UPSERT
[producer] 財務データ更新完了。Fair Value再計算は自動スクリーニング側へ委譲します。
[producer] summary OK=11 SKIP=0 ERROR=0
===== 2026-08-18T17:21:17 END status=success rc=0 =====


===== 2026-08-18T17:31:17 START C:\Users\sasit\AppData\Local\Programs\Python\Python310\pythonw.exe D:\kabu\main\1-スクリーニング自動化プログラム\main\株探ファンダ.py 3174,4415,4776,6046,6094,6327,7383,7532,7707,7814,8798 --force-refresh =====
[INFO] fetching finance data: https://kabutan.jp/stock/finance?code=7532
[INFO] fetching finance data: https://kabutan.jp/stock/finance?code=8798
[INFO] fetching finance data: https://kabutan.jp/stock/finance?code=3174
[INFO] fetching finance data: https://kabutan.jp/stock/finance?code=7383
[INFO] fetching finance data: https://kabutan.jp/stock/finance?code=4415
[INFO] fetching finance data: https://kabutan.jp/stock/finance?code=6046
[INFO] fetching finance data: https://kabutan.jp/stock/finance?code=7814
[PROG] 4415 label=連 26.04-06 key_q=None key_f=None cum_op=None full_op=None status=予想データ欠損 progress=None%
[OK] 4415 done. Score:1, Alpha:C
[INFO] fetching finance data: https://kabutan.jp/stock/finance?code=6327
[OK] 7383 done. Score:6, Alpha:A+
[OK] 7532 done. Score:-2, Alpha:D-
[PROG] 6046 label=連 26.04-06 key_q=2026.09 key_f=2026.09 cum_op=-21.0 full_op=2.0 status=予想データ欠損 progress=None%
[OK] 6046 done. Score:5, Alpha:A+
[OK] 7814 done. Score:-3, Alpha:D-
[OK] 8798 done. Score:6, Alpha:A+
[PROG] 3174 label=連 26.03-05 key_q=2026.08 key_f=2026.08 cum_op=-256.0 full_op=-268.0 status=予想データ欠損 progress=None%
[OK] 3174 done. Score:4, Alpha:B
[INFO] fetching finance data: https://kabutan.jp/stock/finance?code=6094
[INFO] fetching finance data: https://kabutan.jp/stock/finance?code=7707
[INFO] fetching finance data: https://kabutan.jp/stock/finance?code=4776
[OK] 6327 done. Score:4, Alpha:B
[OK] 6094 done. Score:6, Alpha:A+
[OK] 4776 done. Score:2, Alpha:B
[OK] 7707 done. Score:0, Alpha:C
[REACTION] past_earnings_dates 再構成: 11/11銘柄
[QUARTERLY_HISTORY] 88行 UPSERT
[producer] 財務データ更新完了。Fair Value再計算は自動スクリーニング側へ委譲します。
[producer] summary OK=11 SKIP=0 ERROR=0
===== 2026-08-18T17:31:22 END status=success rc=0 =====


===== 2026-08-18T17:41:14 START C:\Users\sasit\AppData\Local\Programs\Python\Python310\pythonw.exe D:\kabu\main\1-スクリーニング自動化プログラム\main\株探ファンダ.py 3174,4415,6327,7707,7814 --force-refresh =====
[INFO] fetching finance data: https://kabutan.jp/stock/finance?code=4415
[INFO] fetching finance data: https://kabutan.jp/stock/finance?code=6327
[INFO] fetching finance data: https://kabutan.jp/stock/finance?code=7814
[INFO] fetching finance data: https://kabutan.jp/stock/finance?code=3174
[INFO] fetching finance data: https://kabutan.jp/stock/finance?code=7707
[OK] 6327 done. Score:4, Alpha:B
[PROG] 3174 label=連 26.03-05 key_q=2026.08 key_f=2026.08 cum_op=-256.0 full_op=-268.0 status=予想データ欠損 progress=None%
[OK] 3174 done. Score:4, Alpha:B
[OK] 7707 done. Score:0, Alpha:C
[PROG] 4415 label=連 26.04-06 key_q=None key_f=None cum_op=None full_op=None status=予想データ欠損 progress=None%
[OK] 4415 done. Score:1, Alpha:C
[OK] 7814 done. Score:-3, Alpha:D-
[REACTION] past_earnings_dates 再構成: 5/5銘柄
[QUARTERLY_HISTORY] 40行 UPSERT
[producer] 財務データ更新完了。Fair Value再計算は自動スクリーニング側へ委譲します。
[producer] summary OK=5 SKIP=0 ERROR=0
===== 2026-08-18T17:41:26 END status=success rc=0 =====


===== 2026-08-18T17:51:12 START C:\Users\sasit\AppData\Local\Programs\Python\Python310\pythonw.exe D:\kabu\main\1-スクリーニング自動化プログラム\main\株探ファンダ.py 4415,7707,7814 --force-refresh =====
[INFO] fetching finance data: https://kabutan.jp/stock/finance?code=7707
[INFO] fetching finance data: https://kabutan.jp/stock/finance?code=4415
[INFO] fetching finance data: https://kabutan.jp/stock/finance?code=7814
[OK] 7707 done. Score:0, Alpha:C
[OK] 7814 done. Score:-3, Alpha:D-
[PROG] 4415 label=連 26.04-06 key_q=None key_f=None cum_op=None full_op=None status=予想データ欠損 progress=None%
[OK] 4415 done. Score:1, Alpha:C
[REACTION] past_earnings_dates 再構成: 3/3銘柄
[QUARTERLY_HISTORY] 24行 UPSERT
[producer] 財務データ更新完了。Fair Value再計算は自動スクリーニング側へ委譲します。
[producer] summary OK=3 SKIP=0 ERROR=0
===== 2026-08-18T17:51:15 END status=success rc=0 =====


===== 2026-08-18T18:03:30 START C:\Users\sasit\AppData\Local\Programs\Python\Python310\pythonw.exe D:\kabu\main\1-スクリーニング自動化プログラム\main\株探ファンダ.py 4415,7707,7814 --force-refresh =====
[INFO] fetching finance data: https://kabutan.jp/stock/finance?code=4415
[INFO] fetching finance data: https://kabutan.jp/stock/finance?code=7707
[INFO] fetching finance data: https://kabutan.jp/stock/finance?code=7814
[PROG] 4415 label=連 26.04-06 key_q=None key_f=None cum_op=None full_op=None status=予想データ欠損 progress=None%
[OK] 4415 done. Score:1, Alpha:C
[OK] 7814 done. Score:-3, Alpha:D-
[OK] 7707 done. Score:0, Alpha:C
[REACTION] past_earnings_dates 再構成: 3/3銘柄
[QUARTERLY_HISTORY] 24行 UPSERT
[producer] 財務データ更新完了。Fair Value再計算は自動スクリーニング側へ委譲します。
[producer] summary OK=3 SKIP=0 ERROR=0
===== 2026-08-18T18:03:33 END status=success rc=0 =====


===== 2026-08-18T18:11:10 START C:\Users\sasit\AppData\Local\Programs\Python\Python310\pythonw.exe D:\kabu\main\1-スクリーニング自動化プログラム\main\株探ファンダ.py 4415 --force-refresh =====
[INFO] fetching finance data: https://kabutan.jp/stock/finance?code=4415
[PROG] 4415 label=連 26.04-06 key_q=None key_f=None cum_op=None full_op=None status=予想データ欠損 progress=None%
[OK] 4415 done. Score:1, Alpha:C
[REACTION] past_earnings_dates 再構成: 1/1銘柄
[QUARTERLY_HISTORY] 8行 UPSERT
[producer] 財務データ更新完了。Fair Value再計算は自動スクリーニング側へ委譲します。
[producer] summary OK=1 SKIP=0 ERROR=0
===== 2026-08-18T18:11:13 END status=success rc=0 =====


===== 2026-08-18T18:21:10 START C:\Users\sasit\AppData\Local\Programs\Python\Python310\pythonw.exe D:\kabu\main\1-スクリーニング自動化プログラム\main\株探ファンダ.py 4415 --force-refresh =====
[INFO] fetching finance data: https://kabutan.jp/stock/finance?code=4415
[PROG] 4415 label=連 26.04-06 key_q=None key_f=None cum_op=None full_op=None status=予想データ欠損 progress=None%
[OK] 4415 done. Score:1, Alpha:C
[REACTION] past_earnings_dates 再構成: 1/1銘柄
[QUARTERLY_HISTORY] 8行 UPSERT
[producer] 財務データ更新完了。Fair Value再計算は自動スクリーニング側へ委譲します。
[producer] summary OK=1 SKIP=0 ERROR=0
===== 2026-08-18T18:21:13 END status=success rc=0 =====


===== 2026-08-18T18:31:34 START C:\Users\sasit\AppData\Local\Programs\Python\Python310\pythonw.exe D:\kabu\main\1-スクリーニング自動化プログラム\main\株探ファンダ.py 4415 --force-refresh =====
[INFO] fetching finance data: https://kabutan.jp/stock/finance?code=4415
[PROG] 4415 label=連 26.04-06 key_q=None key_f=None cum_op=None full_op=None status=予想データ欠損 progress=None%
[OK] 4415 done. Score:1, Alpha:C
[REACTION] past_earnings_dates 再構成: 1/1銘柄
[QUARTERLY_HISTORY] 8行 UPSERT
[producer] 財務データ更新完了。Fair Value再計算は自動スクリーニング側へ委譲します。
[producer] summary OK=1 SKIP=0 ERROR=0
===== 2026-08-18T18:31:36 END status=success rc=0 =====


===== 2026-08-18T20:01:05 START C:\Users\sasit\AppData\Local\Programs\Python\Python310\pythonw.exe D:\kabu\main\1-スクリーニング自動化プログラム\main\株探ファンダ.py 3856 --force-refresh =====
[INFO] fetching finance data: https://kabutan.jp/stock/finance?code=3856
[PROG] 3856 label=25.07-09 key_q=None key_f=None cum_op=None full_op=None status=予想データ欠損 progress=None%
[OK] 3856 done. Score:0, Alpha:C
[REACTION] past_earnings_dates 再構成: 1/1銘柄
[QUARTERLY_HISTORY] 8行 UPSERT
[producer] 財務データ更新完了。Fair Value再計算は自動スクリーニング側へ委譲します。
[producer] summary OK=1 SKIP=0 ERROR=0
===== 2026-08-18T20:01:08 END status=success rc=0 =====


===== 2026-08-18T23:31:08 START C:\Users\sasit\AppData\Local\Programs\Python\Python310\pythonw.exe D:\kabu\main\1-スクリーニング自動化プログラム\main\株探ファンダ.py 3856 --force-refresh =====
[INFO] fetching finance data: https://kabutan.jp/stock/finance?code=3856
[PROG] 3856 label=25.07-09 key_q=None key_f=None cum_op=None full_op=None status=予想データ欠損 progress=None%
[OK] 3856 done. Score:0, Alpha:C
[REACTION] past_earnings_dates 再構成: 1/1銘柄
[QUARTERLY_HISTORY] 8行 UPSERT
[producer] 財務データ更新完了。Fair Value再計算は自動スクリーニング側へ委譲します。
[producer] summary OK=1 SKIP=0 ERROR=0
===== 2026-08-18T23:31:11 END status=success rc=0 =====
