

===== 2026-08-18T15:31:28 START C:\Users\sasit\AppData\Local\Programs\Python\Python310\pythonw.exe D:\kabu\main\1-スクリーニング自動化プログラム\main\eod_finalize.py =====
C:\Users\sasit\AppData\Local\Programs\Python\Python310\lib\site-packages\librosa\util\files.py:10: UserWarning: pkg_resources is deprecated as an API. See https://setuptools.pypa.io/en/latest/pkg_resources.html. The pkg_resources package is slated for removal as early as 2025-11-30. Refrain from using this package or pin to Setuptools<81.
  from pkg_resources import resource_filename
[eod][START] ensure_runlog_schema
[eod][DONE]  ensure_runlog_schema: elapsed=0.0s
[eod][START] require_current_price_history_snapshot_precheck
[eod][DONE]  require_current_price_history_snapshot_precheck: elapsed=2.7s
[eod] yahoo_bulk_refresh skipped: current EOD snapshot already valid
[eod][START] refresh_full_history_for_insufficient
[                       0%                       ][**********************50%                       ]  2 of 4 completed[**********************50%                       ]  2 of 4 completed[*********************100%***********************]  4 of 4 completed
[refresh_full_history_for_insufficient] 実行開始...
[full-refresh] 12mo 取り直し対象: 4 件
[full-refresh] 4/4 (+31 rows)
[full-refresh] 追記 31 行 / 再取得 4 銘柄
[TIMER] refresh_full_history_for_insufficient: 9分53秒
[eod][DONE]  refresh_full_history_for_insufficient: elapsed=593.5s
[eod][START] require_current_price_history_snapshot
[eod][DONE]  require_current_price_history_snapshot: elapsed=2.5s
[eod][START] compute_right_up_persistent_eod
[compute_right_up_persistent_eod] 実行開始...
[右肩上がり] 持続トレンド版 3528 銘柄を更新 / 閾値=70
[TIMER] compute_right_up_persistent_eod: 37.35秒
[eod][DONE]  compute_right_up_persistent_eod: elapsed=37.4s
[eod][START] compute_right_up_early_triggers_eod
[compute_right_up_early_triggers_eod] 実行開始...
[右肩早期] データを一括計算中...
[右肩早期] 候補 286 件 / 総3569件  as_of=2026-08-18  閾値70  dt=2026-08-18 15:42:15
[TIMER] compute_right_up_early_triggers_eod: 21.77秒
[eod][DONE]  compute_right_up_early_triggers_eod: elapsed=21.8s
[eod][START] update_margin_metrics
[margin] 信用需給多角指標（浮動株比率・時系列増減・負荷スコア）を更新しました: 3591 銘柄
[eod][DONE]  update_margin_metrics: elapsed=6.0s
[eod][START] update_market_cap_all
[update_market_cap_all] 実行開始...
[mcap/all] 100/3581 応答 100 件
[mcap/all] 200/3581 応答 100 件
[mcap/all] 300/3581 応答 100 件
[mcap/all] 400/3581 応答 100 件
[mcap/all] 500/3581 応答 100 件
[mcap/all] 600/3581 応答 100 件
[mcap/all] 700/3581 応答 100 件
[mcap/all] 800/3581 応答 100 件
[mcap/all] 900/3581 応答 100 件
[mcap/all] 1000/3581 応答 100 件
[mcap/all] 1100/3581 応答 100 件
[mcap/all] 1200/3581 応答 100 件
[mcap/all] 1300/3581 応答 100 件
[mcap/all] 1400/3581 応答 100 件
[mcap/all] 1500/3581 応答 100 件
[mcap/all] 1600/3581 応答 100 件
[mcap/all] 1700/3581 応答 100 件
[mcap/all] 1800/3581 応答 100 件
[mcap/all] 1900/3581 応答 100 件
[mcap/all] 2000/3581 応答 100 件
[mcap/all] 2100/3581 応答 100 件
[mcap/all] 2200/3581 応答 100 件
[mcap/all] 2300/3581 応答 100 件
[mcap/all] 2400/3581 応答 100 件
[mcap/all] 2500/3581 応答 100 件
[mcap/all] 2600/3581 応答 100 件
[mcap/all] 2700/3581 応答 100 件
[mcap/all] 2800/3581 応答 100 件
[mcap/all] 2900/3581 応答 100 件
[mcap/all] 3000/3581 応答 100 件
[mcap/all] 3100/3581 応答 100 件
[mcap/all] 3200/3581 応答 0 件
[mcap/all] 3300/3581 応答 0 件
[mcap/all] 3400/3581 応答 0 件
[mcap/all] 3500/3581 応答 0 件
[mcap/all] 3581/3581 応答 0 件
[TIMER] update_market_cap_all: 9分47秒
[eod][ERROR] update_market_cap_all: elapsed=588.0s RuntimeError: market-cap Yahoo partial response: missing=['9533.T', '9534.T', '9535.T', '9536.T', '9539.T', '9543.T', '9551.T', '9552.T', '9553.T', '9554.T', '9556.T', '9557.T', '9558.T', '9560.T', '9561.T', '9562.T', '9563.T', '9564.T', '9565.T', '9601.T'] count=481
[eod][PENDING/ERROR] RuntimeError: market-cap Yahoo partial response: missing=['9533.T', '9534.T', '9535.T', '9536.T', '9539.T', '9543.T', '9551.T', '9552.T', '9553.T', '9554.T', '9556.T', '9557.T', '9558.T', '9560.T', '9561.T', '9562.T', '9563.T', '9564.T', '9565.T', '9601.T'] count=481
===== 2026-08-18T15:52:29 END status=partial rc=2 =====


===== 2026-08-18T16:02:11 START C:\Users\sasit\AppData\Local\Programs\Python\Python310\pythonw.exe D:\kabu\main\1-スクリーニング自動化プログラム\main\eod_finalize.py =====
C:\Users\sasit\AppData\Local\Programs\Python\Python310\lib\site-packages\librosa\util\files.py:10: UserWarning: pkg_resources is deprecated as an API. See https://setuptools.pypa.io/en/latest/pkg_resources.html. The pkg_resources package is slated for removal as early as 2025-11-30. Refrain from using this package or pin to Setuptools<81.
  from pkg_resources import resource_filename
[eod][START] ensure_runlog_schema
[eod][DONE]  ensure_runlog_schema: elapsed=0.0s
[eod][START] require_current_price_history_snapshot_precheck
[eod][DONE]  require_current_price_history_snapshot_precheck: elapsed=2.7s
[eod] yahoo_bulk_refresh skipped: current EOD snapshot already valid
[eod][START] refresh_full_history_for_insufficient
[SKIP daily] refresh_full_history_for_insufficient (already ok for 2026-08-18, build=693b3fe20e1e91ae)
[eod][DONE]  refresh_full_history_for_insufficient: elapsed=0.0s
[eod][START] require_current_price_history_snapshot
[eod][DONE]  require_current_price_history_snapshot: elapsed=2.5s
[eod][START] compute_right_up_persistent_eod
[SKIP daily] compute_right_up_persistent_eod (already ok for 2026-08-18, build=693b3fe20e1e91ae)
[eod][DONE]  compute_right_up_persistent_eod: elapsed=0.0s
[eod][START] compute_right_up_early_triggers_eod
[SKIP daily] compute_right_up_early_triggers_eod (already ok for 2026-08-18, build=693b3fe20e1e91ae)
[eod][DONE]  compute_right_up_early_triggers_eod: elapsed=0.0s
[eod][START] update_margin_metrics
[margin] 信用需給多角指標（浮動株比率・時系列増減・負荷スコア）を更新しました: 3591 銘柄
[eod][DONE]  update_margin_metrics: elapsed=5.9s
[eod][START] update_market_cap_all
[update_market_cap_all] 実行開始...
[mcap/all] 100/3581 応答 100 件
[mcap/all] 200/3581 応答 100 件
[mcap/all] 300/3581 応答 100 件
[mcap/all] 400/3581 応答 100 件
[mcap/all] 500/3581 応答 100 件
[mcap/all] 600/3581 応答 100 件
[mcap/all] 700/3581 応答 100 件
[mcap/all] 800/3581 応答 100 件
[mcap/all] 900/3581 応答 100 件
[mcap/all] 1000/3581 応答 100 件
[mcap/all] 1100/3581 応答 100 件
[mcap/all] 1200/3581 応答 100 件
[mcap/all] 1300/3581 応答 100 件
[mcap/all] 1400/3581 応答 100 件
[mcap/all] 1500/3581 応答 100 件
[mcap/all] 1600/3581 応答 100 件
[mcap/all] 1700/3581 応答 100 件
[mcap/all] 1800/3581 応答 100 件
[mcap/all] 1900/3581 応答 100 件
[mcap/all] 2000/3581 応答 100 件
[mcap/all] 2100/3581 応答 100 件
[mcap/all] 2200/3581 応答 100 件
[mcap/all] 2300/3581 応答 100 件
[mcap/all] 2400/3581 応答 100 件
[mcap/all] 2500/3581 応答 100 件
[mcap/all] 2600/3581 応答 100 件
[mcap/all] 2700/3581 応答 100 件
[mcap/all] 2800/3581 応答 100 件
[mcap/all] 2900/3581 応答 100 件
[mcap/all] 3000/3581 応答 0 件
[mcap/all] 3100/3581 応答 0 件
[mcap/all] 3200/3581 応答 0 件
[mcap/all] 3300/3581 応答 0 件
[mcap/all] 3400/3581 応答 0 件
[mcap/all] 3500/3581 応答 0 件
[mcap/all] 3581/3581 応答 0 件
[TIMER] update_market_cap_all: 9分46秒
[eod][ERROR] update_market_cap_all: elapsed=586.4s RuntimeError: market-cap Yahoo partial response: missing=['9010.T', '9017.T', '9020.T', '9021.T', '9022.T', '9024.T', '9025.T', '9028.T', '9029.T', '9031.T', '9033.T', '9034.T', '9036.T', '9037.T', '9039.T', '9041.T', '9042.T', '9044.T', '9045.T', '9046.T'] count=681
[eod][PENDING/ERROR] RuntimeError: market-cap Yahoo partial response: missing=['9010.T', '9017.T', '9020.T', '9021.T', '9022.T', '9024.T', '9025.T', '9028.T', '9029.T', '9031.T', '9033.T', '9034.T', '9036.T', '9037.T', '9039.T', '9041.T', '9042.T', '9044.T', '9045.T', '9046.T'] count=681
===== 2026-08-18T16:12:19 END status=partial rc=2 =====


===== 2026-08-18T16:21:35 START C:\Users\sasit\AppData\Local\Programs\Python\Python310\pythonw.exe D:\kabu\main\1-スクリーニング自動化プログラム\main\eod_finalize.py =====
C:\Users\sasit\AppData\Local\Programs\Python\Python310\lib\site-packages\librosa\util\files.py:10: UserWarning: pkg_resources is deprecated as an API. See https://setuptools.pypa.io/en/latest/pkg_resources.html. The pkg_resources package is slated for removal as early as 2025-11-30. Refrain from using this package or pin to Setuptools<81.
  from pkg_resources import resource_filename
[eod][START] ensure_runlog_schema
[eod][DONE]  ensure_runlog_schema: elapsed=0.0s
[eod][START] require_current_price_history_snapshot_precheck
[eod][DONE]  require_current_price_history_snapshot_precheck: elapsed=2.7s
[eod] yahoo_bulk_refresh skipped: current EOD snapshot already valid
[eod][START] refresh_full_history_for_insufficient
[SKIP daily] refresh_full_history_for_insufficient (already ok for 2026-08-18, build=693b3fe20e1e91ae)
[eod][DONE]  refresh_full_history_for_insufficient: elapsed=0.0s
[eod][START] require_current_price_history_snapshot
[eod][DONE]  require_current_price_history_snapshot: elapsed=2.5s
[eod][START] compute_right_up_persistent_eod
[SKIP daily] compute_right_up_persistent_eod (already ok for 2026-08-18, build=693b3fe20e1e91ae)
[eod][DONE]  compute_right_up_persistent_eod: elapsed=0.0s
[eod][START] compute_right_up_early_triggers_eod
[SKIP daily] compute_right_up_early_triggers_eod (already ok for 2026-08-18, build=693b3fe20e1e91ae)
[eod][DONE]  compute_right_up_early_triggers_eod: elapsed=0.0s
[eod][START] update_margin_metrics
[margin] 信用需給多角指標（浮動株比率・時系列増減・負荷スコア）を更新しました: 3591 銘柄
[eod][DONE]  update_margin_metrics: elapsed=5.9s
[eod][START] update_market_cap_all
[update_market_cap_all] 実行開始...
[mcap/all] 100/3581 応答 100 件
[mcap/all] 200/3581 応答 100 件
[mcap/all] 300/3581 応答 100 件
[mcap/all] 400/3581 応答 100 件
[mcap/all] 500/3581 応答 100 件
[mcap/all] 600/3581 応答 100 件
[mcap/all] 700/3581 応答 100 件
[mcap/all] 800/3581 応答 100 件
[mcap/all] 900/3581 応答 100 件
[mcap/all] 1000/3581 応答 100 件
[mcap/all] 1100/3581 応答 100 件
[mcap/all] 1200/3581 応答 100 件
[mcap/all] 1300/3581 応答 100 件
[mcap/all] 1400/3581 応答 100 件
[mcap/all] 1500/3581 応答 100 件
[mcap/all] 1600/3581 応答 100 件
[mcap/all] 1700/3581 応答 100 件
[mcap/all] 1800/3581 応答 100 件
[mcap/all] 1900/3581 応答 100 件
[mcap/all] 2000/3581 応答 100 件
[mcap/all] 2100/3581 応答 100 件
[mcap/all] 2200/3581 応答 100 件
[mcap/all] 2300/3581 応答 100 件
[mcap/all] 2400/3581 応答 100 件
[mcap/all] 2500/3581 応答 100 件
[mcap/all] 2600/3581 応答 100 件
[mcap/all] 2700/3581 応答 100 件
[mcap/all] 2800/3581 応答 100 件
[mcap/all] 2900/3581 応答 0 件
[mcap/all] 3000/3581 応答 0 件
[mcap/all] 3100/3581 応答 0 件
[mcap/all] 3200/3581 応答 0 件
[mcap/all] 3300/3581 応答 0 件
[mcap/all] 3400/3581 応答 0 件
[mcap/all] 3500/3581 応答 0 件
[mcap/all] 3581/3581 応答 0 件
[TIMER] update_market_cap_all: 9分47秒
[eod][ERROR] update_market_cap_all: elapsed=587.9s RuntimeError: market-cap Yahoo partial response: missing=['8570.T', '8572.T', '8584.T', '8585.T', '8591.T', '8593.T', '8595.T', '8596.T', '8600.T', '8601.T', '8604.T', '8609.T', '8613.T', '8614.T', '8616.T', '8617.T', '8622.T', '8624.T', '8628.T', '8630.T'] count=781
[eod][PENDING/ERROR] RuntimeError: market-cap Yahoo partial response: missing=['8570.T', '8572.T', '8584.T', '8585.T', '8591.T', '8593.T', '8595.T', '8596.T', '8600.T', '8601.T', '8604.T', '8609.T', '8613.T', '8614.T', '8616.T', '8617.T', '8622.T', '8624.T', '8628.T', '8630.T'] count=781
===== 2026-08-18T16:31:43 END status=partial rc=2 =====


===== 2026-08-18T16:41:47 START C:\Users\sasit\AppData\Local\Programs\Python\Python310\pythonw.exe D:\kabu\main\1-スクリーニング自動化プログラム\main\eod_finalize.py =====
C:\Users\sasit\AppData\Local\Programs\Python\Python310\lib\site-packages\librosa\util\files.py:10: UserWarning: pkg_resources is deprecated as an API. See https://setuptools.pypa.io/en/latest/pkg_resources.html. The pkg_resources package is slated for removal as early as 2025-11-30. Refrain from using this package or pin to Setuptools<81.
  from pkg_resources import resource_filename
[eod][START] ensure_runlog_schema
[eod][DONE]  ensure_runlog_schema: elapsed=0.0s
[eod][START] require_current_price_history_snapshot_precheck
[eod][DONE]  require_current_price_history_snapshot_precheck: elapsed=2.7s
[eod] yahoo_bulk_refresh skipped: current EOD snapshot already valid
[eod][START] refresh_full_history_for_insufficient
[SKIP daily] refresh_full_history_for_insufficient (already ok for 2026-08-18, build=693b3fe20e1e91ae)
[eod][DONE]  refresh_full_history_for_insufficient: elapsed=0.0s
[eod][START] require_current_price_history_snapshot
[eod][DONE]  require_current_price_history_snapshot: elapsed=2.6s
[eod][START] compute_right_up_persistent_eod
[SKIP daily] compute_right_up_persistent_eod (already ok for 2026-08-18, build=693b3fe20e1e91ae)
[eod][DONE]  compute_right_up_persistent_eod: elapsed=0.0s
[eod][START] compute_right_up_early_triggers_eod
[SKIP daily] compute_right_up_early_triggers_eod (already ok for 2026-08-18, build=693b3fe20e1e91ae)
[eod][DONE]  compute_right_up_early_triggers_eod: elapsed=0.0s
[eod][START] update_margin_metrics
[margin] 信用需給多角指標（浮動株比率・時系列増減・負荷スコア）を更新しました: 3591 銘柄
[eod][DONE]  update_margin_metrics: elapsed=6.1s
[eod][START] update_market_cap_all
[update_market_cap_all] 実行開始...
[mcap/all] 100/3581 応答 100 件
[mcap/all] 200/3581 応答 100 件
[mcap/all] 300/3581 応答 100 件
[mcap/all] 400/3581 応答 100 件
[mcap/all] 500/3581 応答 100 件
[mcap/all] 600/3581 応答 100 件
[mcap/all] 700/3581 応答 100 件
[mcap/all] 800/3581 応答 100 件
[mcap/all] 900/3581 応答 100 件
[mcap/all] 1000/3581 応答 100 件
[mcap/all] 1100/3581 応答 100 件
[mcap/all] 1200/3581 応答 100 件
[mcap/all] 1300/3581 応答 100 件
[mcap/all] 1400/3581 応答 100 件
[mcap/all] 1500/3581 応答 100 件
[mcap/all] 1600/3581 応答 100 件
[mcap/all] 1700/3581 応答 100 件
[mcap/all] 1800/3581 応答 100 件
[mcap/all] 1900/3581 応答 100 件
[mcap/all] 2000/3581 応答 100 件
[mcap/all] 2100/3581 応答 100 件
[mcap/all] 2200/3581 応答 100 件
[mcap/all] 2300/3581 応答 100 件
[mcap/all] 2400/3581 応答 100 件
[mcap/all] 2500/3581 応答 100 件
[mcap/all] 2600/3581 応答 100 件
[mcap/all] 2700/3581 応答 100 件
[mcap/all] 2800/3581 応答 100 件
[mcap/all] 2900/3581 応答 100 件
[mcap/all] 3000/3581 応答 100 件
[mcap/all] 3100/3581 応答 100 件
[mcap/all] 3200/3581 応答 100 件
[mcap/all] 3300/3581 応答 100 件
[mcap/all] 3400/3581 応答 100 件
[mcap/all] 3500/3581 応答 100 件
[mcap/all] 3581/3581 応答 81 件
[mcap] 合計更新 3581 件（全銘柄）
[TIMER] update_market_cap_all: 9分54秒
[eod][DONE]  update_market_cap_all: elapsed=594.3s
[eod][START] update_seasonal_progress_v3
[update_seasonal_progress_v3] 実行開始...
[seasonality] v13 更新=2289銘柄 Q内訳={1: 1592, 2: 453, 3: 242, 4: 2} 過去同Q件数中央値=1.0 履歴内訳={'1年参考': 2025, '2年以上': 264} actual_source={'tdnet_xbrl': 5377, 'quarter_sum': 2295}
[TIMER] update_seasonal_progress_v3: 4.35秒
[eod][DONE]  update_seasonal_progress_v3: elapsed=4.4s
[eod][START] derive_update
[eod][DONE]  derive_update: elapsed=20.8s
[eod][START] update_market_metrics
[MarketMetrics] RS・地合い・逆行フラグの計算とDB保存を開始します...
[MarketMetrics] TOPIX正式指数が未到達のため1306.T ETFリターンを代理使用
[MarketMetrics] Growth250正式指数が未到達のため2516.T ETFリターンを代理使用
[MarketMetrics] RS等のDB保存が完了しました: 3591 銘柄
[eod][DONE]  update_market_metrics: elapsed=13.2s
[eod][START] signal_detection
[シグナル] データを一括計算中...
[eod][DONE]  signal_detection: elapsed=26.1s
[eod][START] snapshot_shodou_baseline
[shodou-baseline] snapshotted 7 symbols
[eod][DONE]  snapshot_shodou_baseline: elapsed=0.0s
[eod][START] update_shodou_multipliers
[shodou-mults] updated 1946 symbols
[eod][DONE]  update_shodou_multipliers: elapsed=0.1s
[eod][START] apply_shodou_score
[shodou_score] テーマ強度を加味した初動スコア（95点設計）を更新しました。
[eod][DONE]  apply_shodou_score: elapsed=1.4s
[eod][START] update_since_dates
[eod][DONE]  update_since_dates: elapsed=1.8s
[eod][START] validate_prev_business_day
[validate_prev_business_day] 実行開始...
[validate-prev] pending=8625 → 同日再試行のためdaily marker未確定
[TIMER] validate_prev_business_day: 10.67秒
[eod][ERROR] validate_prev_business_day: elapsed=10.7s RuntimeError: daily phase returned False: validate_prev_business_day
[eod][validate-prev] pending: daily phase returned False: validate_prev_business_day
[eod][START] update_operating_income_and_ratio
[oper] TTM算出 rows=0 (groupby.apply不使用)
[oper] 予想優先で営業利益・営利対時価を更新しました rows=3228
[eod][DONE]  update_operating_income_and_ratio: elapsed=3.3s
[eod][START] sync_latest_prices
[sync-latest] latest_prices synced logical=4451
[eod][DONE]  sync_latest_prices: elapsed=12.8s
[eod] finalized 3591 securities for 2026-08-18
===== 2026-08-18T16:53:38 END status=success rc=0 =====


===== 2026-08-18T17:01:55 START C:\Users\sasit\AppData\Local\Programs\Python\Python310\pythonw.exe D:\kabu\main\1-スクリーニング自動化プログラム\main\eod_finalize.py =====
C:\Users\sasit\AppData\Local\Programs\Python\Python310\lib\site-packages\librosa\util\files.py:10: UserWarning: pkg_resources is deprecated as an API. See https://setuptools.pypa.io/en/latest/pkg_resources.html. The pkg_resources package is slated for removal as early as 2025-11-30. Refrain from using this package or pin to Setuptools<81.
  from pkg_resources import resource_filename
[eod][START] ensure_runlog_schema
[eod][DONE]  ensure_runlog_schema: elapsed=0.0s
[eod][START] require_current_price_history_snapshot_precheck
[eod][DONE]  require_current_price_history_snapshot_precheck: elapsed=2.7s
[eod] yahoo_bulk_refresh skipped: current EOD snapshot already valid
[eod][START] refresh_full_history_for_insufficient
[SKIP daily] refresh_full_history_for_insufficient (already ok for 2026-08-18, build=693b3fe20e1e91ae)
[eod][DONE]  refresh_full_history_for_insufficient: elapsed=0.0s
[eod][START] require_current_price_history_snapshot
[eod][DONE]  require_current_price_history_snapshot: elapsed=2.6s
[eod][START] compute_right_up_persistent_eod
[SKIP daily] compute_right_up_persistent_eod (already ok for 2026-08-18, build=693b3fe20e1e91ae)
[eod][DONE]  compute_right_up_persistent_eod: elapsed=0.0s
[eod][START] compute_right_up_early_triggers_eod
[SKIP daily] compute_right_up_early_triggers_eod (already ok for 2026-08-18, build=693b3fe20e1e91ae)
[eod][DONE]  compute_right_up_early_triggers_eod: elapsed=0.0s
[eod][START] update_margin_metrics
[margin] 信用需給多角指標（浮動株比率・時系列増減・負荷スコア）を更新しました: 3591 銘柄
[eod][DONE]  update_margin_metrics: elapsed=6.1s
[eod][START] update_market_cap_all
[SKIP daily] update_market_cap_all (already ok for 2026-08-18, build=693b3fe20e1e91ae)
[eod][DONE]  update_market_cap_all: elapsed=0.0s
[eod][START] update_seasonal_progress_v3
[SKIP daily] update_seasonal_progress_v3 (already ok for 2026-08-18, build=693b3fe20e1e91ae)
[eod][DONE]  update_seasonal_progress_v3: elapsed=0.0s
[eod][START] derive_update
[eod][DONE]  derive_update: elapsed=18.0s
[eod][START] update_market_metrics
[MarketMetrics] RS・地合い・逆行フラグの計算とDB保存を開始します...
[MarketMetrics] TOPIX正式指数が未到達のため1306.T ETFリターンを代理使用
[MarketMetrics] Growth250正式指数が未到達のため2516.T ETFリターンを代理使用
[MarketMetrics] RS等のDB保存が完了しました: 3591 銘柄
[eod][DONE]  update_market_metrics: elapsed=12.5s
[eod][START] signal_detection
[シグナル] データを一括計算中...
[eod][DONE]  signal_detection: elapsed=25.6s
[eod][START] snapshot_shodou_baseline
[shodou-baseline] no new baseline
[eod][DONE]  snapshot_shodou_baseline: elapsed=0.0s
[eod][START] update_shodou_multipliers
[shodou-mults] updated 1946 symbols
[eod][DONE]  update_shodou_multipliers: elapsed=0.1s
[eod][START] apply_shodou_score
[shodou_score] テーマ強度を加味した初動スコア（95点設計）を更新しました。
[eod][DONE]  apply_shodou_score: elapsed=1.3s
[eod][START] update_since_dates
[eod][DONE]  update_since_dates: elapsed=1.9s
[eod][START] validate_prev_business_day
[validate_prev_business_day] 実行開始...
[validate-prev] pending=8625 → 同日再試行のためdaily marker未確定
[TIMER] validate_prev_business_day: 0.93秒
[eod][ERROR] validate_prev_business_day: elapsed=0.9s RuntimeError: daily phase returned False: validate_prev_business_day
[eod][validate-prev] pending: daily phase returned False: validate_prev_business_day
[eod][START] update_operating_income_and_ratio
[oper] TTM算出 rows=0 (groupby.apply不使用)
[oper] 予想優先で営業利益・営利対時価を更新しました rows=3228
[eod][DONE]  update_operating_income_and_ratio: elapsed=3.3s
[eod][START] sync_latest_prices
[sync-latest] latest_prices synced logical=4451
[eod][DONE]  sync_latest_prices: elapsed=12.1s
[eod] finalized 3591 securities for 2026-08-18
===== 2026-08-18T17:03:32 END status=success rc=0 =====


===== 2026-08-18T17:11:36 START C:\Users\sasit\AppData\Local\Programs\Python\Python310\pythonw.exe D:\kabu\main\1-スクリーニング自動化プログラム\main\eod_finalize.py =====
C:\Users\sasit\AppData\Local\Programs\Python\Python310\lib\site-packages\librosa\util\files.py:10: UserWarning: pkg_resources is deprecated as an API. See https://setuptools.pypa.io/en/latest/pkg_resources.html. The pkg_resources package is slated for removal as early as 2025-11-30. Refrain from using this package or pin to Setuptools<81.
  from pkg_resources import resource_filename
[eod][START] ensure_runlog_schema
[eod][DONE]  ensure_runlog_schema: elapsed=0.0s
[eod][START] require_current_price_history_snapshot_precheck
[eod][DONE]  require_current_price_history_snapshot_precheck: elapsed=3.6s
[eod] yahoo_bulk_refresh skipped: current EOD snapshot already valid
[eod][START] refresh_full_history_for_insufficient
[SKIP daily] refresh_full_history_for_insufficient (already ok for 2026-08-18, build=693b3fe20e1e91ae)
[eod][DONE]  refresh_full_history_for_insufficient: elapsed=0.0s
[eod][START] require_current_price_history_snapshot
[eod][DONE]  require_current_price_history_snapshot: elapsed=3.9s
[eod][START] compute_right_up_persistent_eod
[SKIP daily] compute_right_up_persistent_eod (already ok for 2026-08-18, build=693b3fe20e1e91ae)
[eod][DONE]  compute_right_up_persistent_eod: elapsed=0.0s
[eod][START] compute_right_up_early_triggers_eod
[SKIP daily] compute_right_up_early_triggers_eod (already ok for 2026-08-18, build=693b3fe20e1e91ae)
[eod][DONE]  compute_right_up_early_triggers_eod: elapsed=0.0s
[eod][START] update_margin_metrics
[margin] 信用需給多角指標（浮動株比率・時系列増減・負荷スコア）を更新しました: 3591 銘柄
[eod][DONE]  update_margin_metrics: elapsed=8.0s
[eod][START] update_market_cap_all
[SKIP daily] update_market_cap_all (already ok for 2026-08-18, build=693b3fe20e1e91ae)
[eod][DONE]  update_market_cap_all: elapsed=0.0s
[eod][START] update_seasonal_progress_v3
[SKIP daily] update_seasonal_progress_v3 (already ok for 2026-08-18, build=693b3fe20e1e91ae)
[eod][DONE]  update_seasonal_progress_v3: elapsed=0.0s
[eod][START] derive_update
[eod][DONE]  derive_update: elapsed=26.1s
[eod][START] update_market_metrics
[MarketMetrics] RS・地合い・逆行フラグの計算とDB保存を開始します...
[MarketMetrics] TOPIX正式指数が未到達のため1306.T ETFリターンを代理使用
[MarketMetrics] Growth250正式指数が未到達のため2516.T ETFリターンを代理使用
[MarketMetrics] RS等のDB保存が完了しました: 3591 銘柄
[eod][DONE]  update_market_metrics: elapsed=12.9s
[eod][START] signal_detection
[シグナル] データを一括計算中...
[eod][DONE]  signal_detection: elapsed=26.0s
[eod][START] snapshot_shodou_baseline
[shodou-baseline] no new baseline
[eod][DONE]  snapshot_shodou_baseline: elapsed=0.0s
[eod][START] update_shodou_multipliers
[shodou-mults] updated 1946 symbols
[eod][DONE]  update_shodou_multipliers: elapsed=0.1s
[eod][START] apply_shodou_score
[shodou_score] テーマ強度を加味した初動スコア（95点設計）を更新しました。
[eod][DONE]  apply_shodou_score: elapsed=1.3s
[eod][START] update_since_dates
[eod][DONE]  update_since_dates: elapsed=2.0s
[eod][START] validate_prev_business_day
[validate_prev_business_day] 実行開始...
[validate-prev] pending=8625 → 同日再試行のためdaily marker未確定
[TIMER] validate_prev_business_day: 0.94秒
[eod][ERROR] validate_prev_business_day: elapsed=0.9s RuntimeError: daily phase returned False: validate_prev_business_day
[eod][validate-prev] pending: daily phase returned False: validate_prev_business_day
[eod][START] update_operating_income_and_ratio
[oper] TTM算出 rows=0 (groupby.apply不使用)
[oper] 予想優先で営業利益・営利対時価を更新しました rows=3228
[eod][DONE]  update_operating_income_and_ratio: elapsed=3.3s
[eod][START] sync_latest_prices
[sync-latest] latest_prices synced logical=4451
[eod][DONE]  sync_latest_prices: elapsed=12.2s
[eod] finalized 3591 securities for 2026-08-18
===== 2026-08-18T17:13:29 END status=success rc=0 =====


===== 2026-08-18T17:21:36 START C:\Users\sasit\AppData\Local\Programs\Python\Python310\pythonw.exe D:\kabu\main\1-スクリーニング自動化プログラム\main\eod_finalize.py =====
C:\Users\sasit\AppData\Local\Programs\Python\Python310\lib\site-packages\librosa\util\files.py:10: UserWarning: pkg_resources is deprecated as an API. See https://setuptools.pypa.io/en/latest/pkg_resources.html. The pkg_resources package is slated for removal as early as 2025-11-30. Refrain from using this package or pin to Setuptools<81.
  from pkg_resources import resource_filename
[eod][START] ensure_runlog_schema
[eod][DONE]  ensure_runlog_schema: elapsed=0.0s
[eod][START] require_current_price_history_snapshot_precheck
[eod][DONE]  require_current_price_history_snapshot_precheck: elapsed=2.7s
[eod] yahoo_bulk_refresh skipped: current EOD snapshot already valid
[eod][START] refresh_full_history_for_insufficient
[SKIP daily] refresh_full_history_for_insufficient (already ok for 2026-08-18, build=693b3fe20e1e91ae)
[eod][DONE]  refresh_full_history_for_insufficient: elapsed=0.0s
[eod][START] require_current_price_history_snapshot
[eod][DONE]  require_current_price_history_snapshot: elapsed=2.6s
[eod][START] compute_right_up_persistent_eod
[SKIP daily] compute_right_up_persistent_eod (already ok for 2026-08-18, build=693b3fe20e1e91ae)
[eod][DONE]  compute_right_up_persistent_eod: elapsed=0.0s
[eod][START] compute_right_up_early_triggers_eod
[SKIP daily] compute_right_up_early_triggers_eod (already ok for 2026-08-18, build=693b3fe20e1e91ae)
[eod][DONE]  compute_right_up_early_triggers_eod: elapsed=0.0s
[eod][START] update_margin_metrics
[margin] 信用需給多角指標（浮動株比率・時系列増減・負荷スコア）を更新しました: 3591 銘柄
[eod][DONE]  update_margin_metrics: elapsed=6.0s
[eod][START] update_market_cap_all
[SKIP daily] update_market_cap_all (already ok for 2026-08-18, build=693b3fe20e1e91ae)
[eod][DONE]  update_market_cap_all: elapsed=0.0s
[eod][START] update_seasonal_progress_v3
[SKIP daily] update_seasonal_progress_v3 (already ok for 2026-08-18, build=693b3fe20e1e91ae)
[eod][DONE]  update_seasonal_progress_v3: elapsed=0.0s
[eod][START] derive_update
[eod][DONE]  derive_update: elapsed=18.3s
[eod][START] update_market_metrics
[MarketMetrics] RS・地合い・逆行フラグの計算とDB保存を開始します...
[MarketMetrics] TOPIX正式指数が未到達のため1306.T ETFリターンを代理使用
[MarketMetrics] Growth250正式指数が未到達のため2516.T ETFリターンを代理使用
[MarketMetrics] RS等のDB保存が完了しました: 3591 銘柄
[eod][DONE]  update_market_metrics: elapsed=12.5s
[eod][START] signal_detection
[シグナル] データを一括計算中...
[eod][DONE]  signal_detection: elapsed=26.7s
[eod][START] snapshot_shodou_baseline
[shodou-baseline] no new baseline
[eod][DONE]  snapshot_shodou_baseline: elapsed=0.0s
[eod][START] update_shodou_multipliers
[shodou-mults] updated 1946 symbols
[eod][DONE]  update_shodou_multipliers: elapsed=0.1s
[eod][START] apply_shodou_score
[shodou_score] テーマ強度を加味した初動スコア（95点設計）を更新しました。
[eod][DONE]  apply_shodou_score: elapsed=1.3s
[eod][START] update_since_dates
[eod][DONE]  update_since_dates: elapsed=1.9s
[eod][START] validate_prev_business_day
[validate_prev_business_day] 実行開始...
[validate-prev] pending=8625 → 同日再試行のためdaily marker未確定
[TIMER] validate_prev_business_day: 0.95秒
[eod][ERROR] validate_prev_business_day: elapsed=1.0s RuntimeError: daily phase returned False: validate_prev_business_day
[eod][validate-prev] pending: daily phase returned False: validate_prev_business_day
[eod][START] update_operating_income_and_ratio
[oper] TTM算出 rows=0 (groupby.apply不使用)
[oper] 予想優先で営業利益・営利対時価を更新しました rows=3228
[eod][DONE]  update_operating_income_and_ratio: elapsed=3.4s
[eod][START] sync_latest_prices
[sync-latest] latest_prices synced logical=4451
[eod][DONE]  sync_latest_prices: elapsed=12.3s
[eod] finalized 3591 securities for 2026-08-18
===== 2026-08-18T17:23:15 END status=success rc=0 =====


===== 2026-08-18T17:31:41 START C:\Users\sasit\AppData\Local\Programs\Python\Python310\pythonw.exe D:\kabu\main\1-スクリーニング自動化プログラム\main\eod_finalize.py =====
C:\Users\sasit\AppData\Local\Programs\Python\Python310\lib\site-packages\librosa\util\files.py:10: UserWarning: pkg_resources is deprecated as an API. See https://setuptools.pypa.io/en/latest/pkg_resources.html. The pkg_resources package is slated for removal as early as 2025-11-30. Refrain from using this package or pin to Setuptools<81.
  from pkg_resources import resource_filename
[eod][START] ensure_runlog_schema
[eod][DONE]  ensure_runlog_schema: elapsed=0.0s
[eod][START] require_current_price_history_snapshot_precheck
[eod][DONE]  require_current_price_history_snapshot_precheck: elapsed=2.8s
[eod] yahoo_bulk_refresh skipped: current EOD snapshot already valid
[eod][START] refresh_full_history_for_insufficient
[SKIP daily] refresh_full_history_for_insufficient (already ok for 2026-08-18, build=693b3fe20e1e91ae)
[eod][DONE]  refresh_full_history_for_insufficient: elapsed=0.0s
[eod][START] require_current_price_history_snapshot
[eod][DONE]  require_current_price_history_snapshot: elapsed=2.6s
[eod][START] compute_right_up_persistent_eod
[SKIP daily] compute_right_up_persistent_eod (already ok for 2026-08-18, build=693b3fe20e1e91ae)
[eod][DONE]  compute_right_up_persistent_eod: elapsed=0.0s
[eod][START] compute_right_up_early_triggers_eod
[SKIP daily] compute_right_up_early_triggers_eod (already ok for 2026-08-18, build=693b3fe20e1e91ae)
[eod][DONE]  compute_right_up_early_triggers_eod: elapsed=0.0s
[eod][START] update_margin_metrics
[margin] 信用需給多角指標（浮動株比率・時系列増減・負荷スコア）を更新しました: 3591 銘柄
[eod][DONE]  update_margin_metrics: elapsed=6.1s
[eod][START] update_market_cap_all
[SKIP daily] update_market_cap_all (already ok for 2026-08-18, build=693b3fe20e1e91ae)
[eod][DONE]  update_market_cap_all: elapsed=0.0s
[eod][START] update_seasonal_progress_v3
[SKIP daily] update_seasonal_progress_v3 (already ok for 2026-08-18, build=693b3fe20e1e91ae)
[eod][DONE]  update_seasonal_progress_v3: elapsed=0.0s
[eod][START] derive_update
[eod][DONE]  derive_update: elapsed=18.3s
[eod][START] update_market_metrics
[MarketMetrics] RS・地合い・逆行フラグの計算とDB保存を開始します...
[MarketMetrics] TOPIX正式指数が未到達のため1306.T ETFリターンを代理使用
[MarketMetrics] Growth250正式指数が未到達のため2516.T ETFリターンを代理使用
[MarketMetrics] RS等のDB保存が完了しました: 3591 銘柄
[eod][DONE]  update_market_metrics: elapsed=13.1s
[eod][START] signal_detection
[シグナル] データを一括計算中...
[eod][DONE]  signal_detection: elapsed=26.8s
[eod][START] snapshot_shodou_baseline
[shodou-baseline] no new baseline
[eod][DONE]  snapshot_shodou_baseline: elapsed=0.0s
[eod][START] update_shodou_multipliers
[shodou-mults] updated 1946 symbols
[eod][DONE]  update_shodou_multipliers: elapsed=0.1s
[eod][START] apply_shodou_score
[shodou_score] テーマ強度を加味した初動スコア（95点設計）を更新しました。
[eod][DONE]  apply_shodou_score: elapsed=1.3s
[eod][START] update_since_dates
[eod][DONE]  update_since_dates: elapsed=2.0s
[eod][START] validate_prev_business_day
[validate_prev_business_day] 実行開始...
[validate-prev] pending=8625 → 同日再試行のためdaily marker未確定
[TIMER] validate_prev_business_day: 0.99秒
[eod][ERROR] validate_prev_business_day: elapsed=1.0s RuntimeError: daily phase returned False: validate_prev_business_day
[eod][validate-prev] pending: daily phase returned False: validate_prev_business_day
[eod][START] update_operating_income_and_ratio
[oper] TTM算出 rows=0 (groupby.apply不使用)
[oper] 予想優先で営業利益・営利対時価を更新しました rows=3228
[eod][DONE]  update_operating_income_and_ratio: elapsed=5.8s
[eod][START] sync_latest_prices
[sync-latest] latest_prices synced logical=4451
[eod][DONE]  sync_latest_prices: elapsed=12.1s
[eod] finalized 3591 securities for 2026-08-18
===== 2026-08-18T17:33:22 END status=success rc=0 =====


===== 2026-08-18T17:41:35 START C:\Users\sasit\AppData\Local\Programs\Python\Python310\pythonw.exe D:\kabu\main\1-スクリーニング自動化プログラム\main\eod_finalize.py =====
C:\Users\sasit\AppData\Local\Programs\Python\Python310\lib\site-packages\librosa\util\files.py:10: UserWarning: pkg_resources is deprecated as an API. See https://setuptools.pypa.io/en/latest/pkg_resources.html. The pkg_resources package is slated for removal as early as 2025-11-30. Refrain from using this package or pin to Setuptools<81.
  from pkg_resources import resource_filename
[eod][START] ensure_runlog_schema
[eod][DONE]  ensure_runlog_schema: elapsed=0.0s
[eod][START] require_current_price_history_snapshot_precheck
[eod][DONE]  require_current_price_history_snapshot_precheck: elapsed=2.9s
[eod] yahoo_bulk_refresh skipped: current EOD snapshot already valid
[eod][START] refresh_full_history_for_insufficient
[SKIP daily] refresh_full_history_for_insufficient (already ok for 2026-08-18, build=693b3fe20e1e91ae)
[eod][DONE]  refresh_full_history_for_insufficient: elapsed=0.0s
[eod][START] require_current_price_history_snapshot
[eod][DONE]  require_current_price_history_snapshot: elapsed=2.6s
[eod][START] compute_right_up_persistent_eod
[SKIP daily] compute_right_up_persistent_eod (already ok for 2026-08-18, build=693b3fe20e1e91ae)
[eod][DONE]  compute_right_up_persistent_eod: elapsed=0.0s
[eod][START] compute_right_up_early_triggers_eod
[SKIP daily] compute_right_up_early_triggers_eod (already ok for 2026-08-18, build=693b3fe20e1e91ae)
[eod][DONE]  compute_right_up_early_triggers_eod: elapsed=0.0s
[eod][START] update_margin_metrics
[margin] 信用需給多角指標（浮動株比率・時系列増減・負荷スコア）を更新しました: 3591 銘柄
[eod][DONE]  update_margin_metrics: elapsed=6.2s
[eod][START] update_market_cap_all
[SKIP daily] update_market_cap_all (already ok for 2026-08-18, build=693b3fe20e1e91ae)
[eod][DONE]  update_market_cap_all: elapsed=0.0s
[eod][START] update_seasonal_progress_v3
[SKIP daily] update_seasonal_progress_v3 (already ok for 2026-08-18, build=693b3fe20e1e91ae)
[eod][DONE]  update_seasonal_progress_v3: elapsed=0.0s
[eod][START] derive_update
[eod][DONE]  derive_update: elapsed=18.8s
[eod][START] update_market_metrics
[MarketMetrics] RS・地合い・逆行フラグの計算とDB保存を開始します...
[MarketMetrics] TOPIX正式指数が未到達のため1306.T ETFリターンを代理使用
[MarketMetrics] Growth250正式指数が未到達のため2516.T ETFリターンを代理使用
[MarketMetrics] RS等のDB保存が完了しました: 3591 銘柄
[eod][DONE]  update_market_metrics: elapsed=13.0s
[eod][START] signal_detection
[シグナル] データを一括計算中...
[eod][DONE]  signal_detection: elapsed=26.1s
[eod][START] snapshot_shodou_baseline
[shodou-baseline] no new baseline
[eod][DONE]  snapshot_shodou_baseline: elapsed=0.0s
[eod][START] update_shodou_multipliers
[shodou-mults] updated 1946 symbols
[eod][DONE]  update_shodou_multipliers: elapsed=0.1s
[eod][START] apply_shodou_score
[shodou_score] テーマ強度を加味した初動スコア（95点設計）を更新しました。
[eod][DONE]  apply_shodou_score: elapsed=1.3s
[eod][START] update_since_dates
[eod][DONE]  update_since_dates: elapsed=2.0s
[eod][START] validate_prev_business_day
[validate_prev_business_day] 実行開始...
[validate-prev] pending=8625 → 同日再試行のためdaily marker未確定
[TIMER] validate_prev_business_day: 0.95秒
[eod][ERROR] validate_prev_business_day: elapsed=0.9s RuntimeError: daily phase returned False: validate_prev_business_day
[eod][validate-prev] pending: daily phase returned False: validate_prev_business_day
[eod][START] update_operating_income_and_ratio
[oper] TTM算出 rows=0 (groupby.apply不使用)
[oper] 予想優先で営業利益・営利対時価を更新しました rows=3228
[eod][DONE]  update_operating_income_and_ratio: elapsed=3.4s
[eod][START] sync_latest_prices
[sync-latest] latest_prices synced logical=4451
[eod][DONE]  sync_latest_prices: elapsed=12.4s
[eod] finalized 3591 securities for 2026-08-18
===== 2026-08-18T17:43:36 END status=success rc=0 =====


===== 2026-08-18T17:51:21 START C:\Users\sasit\AppData\Local\Programs\Python\Python310\pythonw.exe D:\kabu\main\1-スクリーニング自動化プログラム\main\eod_finalize.py =====
C:\Users\sasit\AppData\Local\Programs\Python\Python310\lib\site-packages\librosa\util\files.py:10: UserWarning: pkg_resources is deprecated as an API. See https://setuptools.pypa.io/en/latest/pkg_resources.html. The pkg_resources package is slated for removal as early as 2025-11-30. Refrain from using this package or pin to Setuptools<81.
  from pkg_resources import resource_filename
[eod][START] ensure_runlog_schema
[eod][DONE]  ensure_runlog_schema: elapsed=0.0s
[eod][START] require_current_price_history_snapshot_precheck
[eod][DONE]  require_current_price_history_snapshot_precheck: elapsed=2.7s
[eod] yahoo_bulk_refresh skipped: current EOD snapshot already valid
[eod][START] refresh_full_history_for_insufficient
[SKIP daily] refresh_full_history_for_insufficient (already ok for 2026-08-18, build=693b3fe20e1e91ae)
[eod][DONE]  refresh_full_history_for_insufficient: elapsed=0.0s
[eod][START] require_current_price_history_snapshot
[eod][DONE]  require_current_price_history_snapshot: elapsed=2.6s
[eod][START] compute_right_up_persistent_eod
[SKIP daily] compute_right_up_persistent_eod (already ok for 2026-08-18, build=693b3fe20e1e91ae)
[eod][DONE]  compute_right_up_persistent_eod: elapsed=0.0s
[eod][START] compute_right_up_early_triggers_eod
[SKIP daily] compute_right_up_early_triggers_eod (already ok for 2026-08-18, build=693b3fe20e1e91ae)
[eod][DONE]  compute_right_up_early_triggers_eod: elapsed=0.0s
[eod][START] update_margin_metrics
[margin] 信用需給多角指標（浮動株比率・時系列増減・負荷スコア）を更新しました: 3591 銘柄
[eod][DONE]  update_margin_metrics: elapsed=6.1s
[eod][START] update_market_cap_all
[SKIP daily] update_market_cap_all (already ok for 2026-08-18, build=693b3fe20e1e91ae)
[eod][DONE]  update_market_cap_all: elapsed=0.0s
[eod][START] update_seasonal_progress_v3
[SKIP daily] update_seasonal_progress_v3 (already ok for 2026-08-18, build=693b3fe20e1e91ae)
[eod][DONE]  update_seasonal_progress_v3: elapsed=0.0s
[eod][START] derive_update
[eod][DONE]  derive_update: elapsed=18.1s
[eod][START] update_market_metrics
[MarketMetrics] RS・地合い・逆行フラグの計算とDB保存を開始します...
[MarketMetrics] TOPIX正式指数が未到達のため1306.T ETFリターンを代理使用
[MarketMetrics] Growth250正式指数が未到達のため2516.T ETFリターンを代理使用
[MarketMetrics] RS等のDB保存が完了しました: 3591 銘柄
[eod][DONE]  update_market_metrics: elapsed=12.7s
[eod][START] signal_detection
[シグナル] データを一括計算中...
[eod][DONE]  signal_detection: elapsed=25.6s
[eod][START] snapshot_shodou_baseline
[shodou-baseline] no new baseline
[eod][DONE]  snapshot_shodou_baseline: elapsed=0.0s
[eod][START] update_shodou_multipliers
[shodou-mults] updated 1946 symbols
[eod][DONE]  update_shodou_multipliers: elapsed=0.1s
[eod][START] apply_shodou_score
[shodou_score] テーマ強度を加味した初動スコア（95点設計）を更新しました。
[eod][DONE]  apply_shodou_score: elapsed=1.3s
[eod][START] update_since_dates
[eod][DONE]  update_since_dates: elapsed=1.9s
[eod][START] validate_prev_business_day
[validate_prev_business_day] 実行開始...
[validate-prev] pending=8625 → 同日再試行のためdaily marker未確定
[TIMER] validate_prev_business_day: 0.93秒
[eod][ERROR] validate_prev_business_day: elapsed=0.9s RuntimeError: daily phase returned False: validate_prev_business_day
[eod][validate-prev] pending: daily phase returned False: validate_prev_business_day
[eod][START] update_operating_income_and_ratio
[oper] TTM算出 rows=0 (groupby.apply不使用)
[oper] 予想優先で営業利益・営利対時価を更新しました rows=3228
[eod][DONE]  update_operating_income_and_ratio: elapsed=3.2s
[eod][START] sync_latest_prices
[sync-latest] latest_prices synced logical=4451
[eod][DONE]  sync_latest_prices: elapsed=12.2s
[eod] finalized 3591 securities for 2026-08-18
===== 2026-08-18T17:52:58 END status=success rc=0 =====


===== 2026-08-18T18:03:39 START C:\Users\sasit\AppData\Local\Programs\Python\Python310\pythonw.exe D:\kabu\main\1-スクリーニング自動化プログラム\main\eod_finalize.py =====
C:\Users\sasit\AppData\Local\Programs\Python\Python310\lib\site-packages\librosa\util\files.py:10: UserWarning: pkg_resources is deprecated as an API. See https://setuptools.pypa.io/en/latest/pkg_resources.html. The pkg_resources package is slated for removal as early as 2025-11-30. Refrain from using this package or pin to Setuptools<81.
  from pkg_resources import resource_filename
[eod][START] ensure_runlog_schema
[eod][DONE]  ensure_runlog_schema: elapsed=0.0s
[eod][START] require_current_price_history_snapshot_precheck
[eod][DONE]  require_current_price_history_snapshot_precheck: elapsed=2.7s
[eod] yahoo_bulk_refresh skipped: current EOD snapshot already valid
[eod][START] refresh_full_history_for_insufficient
[SKIP daily] refresh_full_history_for_insufficient (already ok for 2026-08-18, build=693b3fe20e1e91ae)
[eod][DONE]  refresh_full_history_for_insufficient: elapsed=0.0s
[eod][START] require_current_price_history_snapshot
[eod][DONE]  require_current_price_history_snapshot: elapsed=2.7s
[eod][START] compute_right_up_persistent_eod
[SKIP daily] compute_right_up_persistent_eod (already ok for 2026-08-18, build=693b3fe20e1e91ae)
[eod][DONE]  compute_right_up_persistent_eod: elapsed=0.0s
[eod][START] compute_right_up_early_triggers_eod
[SKIP daily] compute_right_up_early_triggers_eod (already ok for 2026-08-18, build=693b3fe20e1e91ae)
[eod][DONE]  compute_right_up_early_triggers_eod: elapsed=0.0s
[eod][START] update_margin_metrics
[margin] 信用需給多角指標（浮動株比率・時系列増減・負荷スコア）を更新しました: 3591 銘柄
[eod][DONE]  update_margin_metrics: elapsed=6.3s
[eod][START] update_market_cap_all
[SKIP daily] update_market_cap_all (already ok for 2026-08-18, build=693b3fe20e1e91ae)
[eod][DONE]  update_market_cap_all: elapsed=0.0s
[eod][START] update_seasonal_progress_v3
[SKIP daily] update_seasonal_progress_v3 (already ok for 2026-08-18, build=693b3fe20e1e91ae)
[eod][DONE]  update_seasonal_progress_v3: elapsed=0.0s
[eod][START] derive_update
[eod][DONE]  derive_update: elapsed=18.9s
[eod][START] update_market_metrics
[MarketMetrics] RS・地合い・逆行フラグの計算とDB保存を開始します...
[MarketMetrics] TOPIX正式指数が未到達のため1306.T ETFリターンを代理使用
[MarketMetrics] Growth250正式指数が未到達のため2516.T ETFリターンを代理使用
[MarketMetrics] RS等のDB保存が完了しました: 3591 銘柄
[eod][DONE]  update_market_metrics: elapsed=12.6s
[eod][START] signal_detection
[シグナル] データを一括計算中...
[eod][DONE]  signal_detection: elapsed=26.2s
[eod][START] snapshot_shodou_baseline
[shodou-baseline] no new baseline
[eod][DONE]  snapshot_shodou_baseline: elapsed=0.0s
[eod][START] update_shodou_multipliers
[shodou-mults] updated 1946 symbols
[eod][DONE]  update_shodou_multipliers: elapsed=0.1s
[eod][START] apply_shodou_score
[shodou_score] テーマ強度を加味した初動スコア（95点設計）を更新しました。
[eod][DONE]  apply_shodou_score: elapsed=1.6s
[eod][START] update_since_dates
[eod][DONE]  update_since_dates: elapsed=2.1s
[eod][START] validate_prev_business_day
[validate_prev_business_day] 実行開始...
[validate-prev] pending=8625 → 同日再試行のためdaily marker未確定
[TIMER] validate_prev_business_day: 1.23秒
[eod][ERROR] validate_prev_business_day: elapsed=1.2s RuntimeError: daily phase returned False: validate_prev_business_day
[eod][validate-prev] pending: daily phase returned False: validate_prev_business_day
[eod][START] update_operating_income_and_ratio
[oper] TTM算出 rows=0 (groupby.apply不使用)
[oper] 予想優先で営業利益・営利対時価を更新しました rows=3228
[eod][DONE]  update_operating_income_and_ratio: elapsed=3.3s
[eod][START] sync_latest_prices
[sync-latest] latest_prices synced logical=4451
[eod][DONE]  sync_latest_prices: elapsed=11.7s
[eod] finalized 3591 securities for 2026-08-18
===== 2026-08-18T18:05:19 END status=success rc=0 =====


===== 2026-08-18T18:11:15 START C:\Users\sasit\AppData\Local\Programs\Python\Python310\pythonw.exe D:\kabu\main\1-スクリーニング自動化プログラム\main\eod_finalize.py =====
C:\Users\sasit\AppData\Local\Programs\Python\Python310\lib\site-packages\librosa\util\files.py:10: UserWarning: pkg_resources is deprecated as an API. See https://setuptools.pypa.io/en/latest/pkg_resources.html. The pkg_resources package is slated for removal as early as 2025-11-30. Refrain from using this package or pin to Setuptools<81.
  from pkg_resources import resource_filename
[eod][START] ensure_runlog_schema
[eod][DONE]  ensure_runlog_schema: elapsed=0.0s
[eod][START] require_current_price_history_snapshot_precheck
[eod][DONE]  require_current_price_history_snapshot_precheck: elapsed=2.7s
[eod] yahoo_bulk_refresh skipped: current EOD snapshot already valid
[eod][START] refresh_full_history_for_insufficient
[SKIP daily] refresh_full_history_for_insufficient (already ok for 2026-08-18, build=693b3fe20e1e91ae)
[eod][DONE]  refresh_full_history_for_insufficient: elapsed=0.0s
[eod][START] require_current_price_history_snapshot
[eod][DONE]  require_current_price_history_snapshot: elapsed=2.6s
[eod][START] compute_right_up_persistent_eod
[SKIP daily] compute_right_up_persistent_eod (already ok for 2026-08-18, build=693b3fe20e1e91ae)
[eod][DONE]  compute_right_up_persistent_eod: elapsed=0.0s
[eod][START] compute_right_up_early_triggers_eod
[SKIP daily] compute_right_up_early_triggers_eod (already ok for 2026-08-18, build=693b3fe20e1e91ae)
[eod][DONE]  compute_right_up_early_triggers_eod: elapsed=0.0s
[eod][START] update_margin_metrics
[margin] 信用需給多角指標（浮動株比率・時系列増減・負荷スコア）を更新しました: 3591 銘柄
[eod][DONE]  update_margin_metrics: elapsed=6.0s
[eod][START] update_market_cap_all
[SKIP daily] update_market_cap_all (already ok for 2026-08-18, build=693b3fe20e1e91ae)
[eod][DONE]  update_market_cap_all: elapsed=0.0s
[eod][START] update_seasonal_progress_v3
[SKIP daily] update_seasonal_progress_v3 (already ok for 2026-08-18, build=693b3fe20e1e91ae)
[eod][DONE]  update_seasonal_progress_v3: elapsed=0.0s
[eod][START] derive_update
[eod][DONE]  derive_update: elapsed=17.8s
[eod][START] update_market_metrics
[MarketMetrics] RS・地合い・逆行フラグの計算とDB保存を開始します...
[MarketMetrics] TOPIX正式指数が未到達のため1306.T ETFリターンを代理使用
[MarketMetrics] Growth250正式指数が未到達のため2516.T ETFリターンを代理使用
[MarketMetrics] RS等のDB保存が完了しました: 3591 銘柄
[eod][DONE]  update_market_metrics: elapsed=12.5s
[eod][START] signal_detection
[シグナル] データを一括計算中...
[eod][DONE]  signal_detection: elapsed=25.2s
[eod][START] snapshot_shodou_baseline
[shodou-baseline] no new baseline
[eod][DONE]  snapshot_shodou_baseline: elapsed=0.0s
[eod][START] update_shodou_multipliers
[shodou-mults] updated 1946 symbols
[eod][DONE]  update_shodou_multipliers: elapsed=0.1s
[eod][START] apply_shodou_score
[shodou_score] テーマ強度を加味した初動スコア（95点設計）を更新しました。
[eod][DONE]  apply_shodou_score: elapsed=1.3s
[eod][START] update_since_dates
[eod][DONE]  update_since_dates: elapsed=1.9s
[eod][START] validate_prev_business_day
[validate_prev_business_day] 実行開始...
[validate-prev] pending=8625 → 同日再試行のためdaily marker未確定
[TIMER] validate_prev_business_day: 0.93秒
[eod][ERROR] validate_prev_business_day: elapsed=0.9s RuntimeError: daily phase returned False: validate_prev_business_day
[eod][validate-prev] pending: daily phase returned False: validate_prev_business_day
[eod][START] update_operating_income_and_ratio
[oper] TTM算出 rows=0 (groupby.apply不使用)
[oper] 予想優先で営業利益・営利対時価を更新しました rows=3228
[eod][DONE]  update_operating_income_and_ratio: elapsed=3.2s
[eod][START] sync_latest_prices
[sync-latest] latest_prices synced logical=4451
[eod][DONE]  sync_latest_prices: elapsed=12.1s
[eod] finalized 3591 securities for 2026-08-18
===== 2026-08-18T18:12:49 END status=success rc=0 =====


===== 2026-08-18T18:21:15 START C:\Users\sasit\AppData\Local\Programs\Python\Python310\pythonw.exe D:\kabu\main\1-スクリーニング自動化プログラム\main\eod_finalize.py =====
C:\Users\sasit\AppData\Local\Programs\Python\Python310\lib\site-packages\librosa\util\files.py:10: UserWarning: pkg_resources is deprecated as an API. See https://setuptools.pypa.io/en/latest/pkg_resources.html. The pkg_resources package is slated for removal as early as 2025-11-30. Refrain from using this package or pin to Setuptools<81.
  from pkg_resources import resource_filename
[eod][START] ensure_runlog_schema
[eod][DONE]  ensure_runlog_schema: elapsed=0.0s
[eod][START] require_current_price_history_snapshot_precheck
[eod][DONE]  require_current_price_history_snapshot_precheck: elapsed=2.9s
[eod] yahoo_bulk_refresh skipped: current EOD snapshot already valid
[eod][START] refresh_full_history_for_insufficient
[SKIP daily] refresh_full_history_for_insufficient (already ok for 2026-08-18, build=693b3fe20e1e91ae)
[eod][DONE]  refresh_full_history_for_insufficient: elapsed=0.0s
[eod][START] require_current_price_history_snapshot
[eod][DONE]  require_current_price_history_snapshot: elapsed=2.5s
[eod][START] compute_right_up_persistent_eod
[SKIP daily] compute_right_up_persistent_eod (already ok for 2026-08-18, build=693b3fe20e1e91ae)
[eod][DONE]  compute_right_up_persistent_eod: elapsed=0.0s
[eod][START] compute_right_up_early_triggers_eod
[SKIP daily] compute_right_up_early_triggers_eod (already ok for 2026-08-18, build=693b3fe20e1e91ae)
[eod][DONE]  compute_right_up_early_triggers_eod: elapsed=0.0s
[eod][START] update_margin_metrics
[margin] 信用需給多角指標（浮動株比率・時系列増減・負荷スコア）を更新しました: 3591 銘柄
[eod][DONE]  update_margin_metrics: elapsed=4.9s
[eod][START] update_market_cap_all
[SKIP daily] update_market_cap_all (already ok for 2026-08-18, build=693b3fe20e1e91ae)
[eod][DONE]  update_market_cap_all: elapsed=0.0s
[eod][START] update_seasonal_progress_v3
[SKIP daily] update_seasonal_progress_v3 (already ok for 2026-08-18, build=693b3fe20e1e91ae)
[eod][DONE]  update_seasonal_progress_v3: elapsed=0.0s
[eod][START] derive_update
[eod][DONE]  derive_update: elapsed=17.4s
[eod][START] update_market_metrics
[MarketMetrics] RS・地合い・逆行フラグの計算とDB保存を開始します...
[MarketMetrics] TOPIX正式指数が未到達のため1306.T ETFリターンを代理使用
[MarketMetrics] Growth250正式指数が未到達のため2516.T ETFリターンを代理使用
[MarketMetrics] RS等のDB保存が完了しました: 3591 銘柄
[eod][DONE]  update_market_metrics: elapsed=12.1s
[eod][START] signal_detection
[シグナル] データを一括計算中...
[eod][DONE]  signal_detection: elapsed=24.9s
[eod][START] snapshot_shodou_baseline
[shodou-baseline] no new baseline
[eod][DONE]  snapshot_shodou_baseline: elapsed=0.0s
[eod][START] update_shodou_multipliers
[shodou-mults] updated 1946 symbols
[eod][DONE]  update_shodou_multipliers: elapsed=0.1s
[eod][START] apply_shodou_score
[shodou_score] テーマ強度を加味した初動スコア（95点設計）を更新しました。
[eod][DONE]  apply_shodou_score: elapsed=1.2s
[eod][START] update_since_dates
[eod][DONE]  update_since_dates: elapsed=1.8s
[eod][START] validate_prev_business_day
[validate_prev_business_day] 実行開始...
[validate-prev] pending=8625 → 同日再試行のためdaily marker未確定
[TIMER] validate_prev_business_day: 0.91秒
[eod][ERROR] validate_prev_business_day: elapsed=0.9s RuntimeError: daily phase returned False: validate_prev_business_day
[eod][validate-prev] pending: daily phase returned False: validate_prev_business_day
[eod][START] update_operating_income_and_ratio
[oper] TTM算出 rows=0 (groupby.apply不使用)
[oper] 予想優先で営業利益・営利対時価を更新しました rows=3228
[eod][DONE]  update_operating_income_and_ratio: elapsed=3.3s
[eod][START] sync_latest_prices
[sync-latest] latest_prices synced logical=4451
[eod][DONE]  sync_latest_prices: elapsed=11.5s
[eod] finalized 3591 securities for 2026-08-18
===== 2026-08-18T18:22:47 END status=success rc=0 =====


===== 2026-08-18T18:31:38 START C:\Users\sasit\AppData\Local\Programs\Python\Python310\pythonw.exe D:\kabu\main\1-スクリーニング自動化プログラム\main\eod_finalize.py =====
C:\Users\sasit\AppData\Local\Programs\Python\Python310\lib\site-packages\librosa\util\files.py:10: UserWarning: pkg_resources is deprecated as an API. See https://setuptools.pypa.io/en/latest/pkg_resources.html. The pkg_resources package is slated for removal as early as 2025-11-30. Refrain from using this package or pin to Setuptools<81.
  from pkg_resources import resource_filename
[eod][START] ensure_runlog_schema
[eod][DONE]  ensure_runlog_schema: elapsed=0.0s
[eod][START] require_current_price_history_snapshot_precheck
[eod][DONE]  require_current_price_history_snapshot_precheck: elapsed=2.8s
[eod] yahoo_bulk_refresh skipped: current EOD snapshot already valid
[eod][START] refresh_full_history_for_insufficient
[SKIP daily] refresh_full_history_for_insufficient (already ok for 2026-08-18, build=693b3fe20e1e91ae)
[eod][DONE]  refresh_full_history_for_insufficient: elapsed=0.0s
[eod][START] require_current_price_history_snapshot
[eod][DONE]  require_current_price_history_snapshot: elapsed=2.7s
[eod][START] compute_right_up_persistent_eod
[SKIP daily] compute_right_up_persistent_eod (already ok for 2026-08-18, build=693b3fe20e1e91ae)
[eod][DONE]  compute_right_up_persistent_eod: elapsed=0.0s
[eod][START] compute_right_up_early_triggers_eod
[SKIP daily] compute_right_up_early_triggers_eod (already ok for 2026-08-18, build=693b3fe20e1e91ae)
[eod][DONE]  compute_right_up_early_triggers_eod: elapsed=0.0s
[eod][START] update_margin_metrics
[margin] 信用需給多角指標（浮動株比率・時系列増減・負荷スコア）を更新しました: 3591 銘柄
[eod][DONE]  update_margin_metrics: elapsed=4.9s
[eod][START] update_market_cap_all
[SKIP daily] update_market_cap_all (already ok for 2026-08-18, build=693b3fe20e1e91ae)
[eod][DONE]  update_market_cap_all: elapsed=0.0s
[eod][START] update_seasonal_progress_v3
[SKIP daily] update_seasonal_progress_v3 (already ok for 2026-08-18, build=693b3fe20e1e91ae)
[eod][DONE]  update_seasonal_progress_v3: elapsed=0.0s
[eod][START] derive_update
[eod][DONE]  derive_update: elapsed=17.7s
[eod][START] update_market_metrics
[MarketMetrics] RS・地合い・逆行フラグの計算とDB保存を開始します...
[MarketMetrics] TOPIX正式指数が未到達のため1306.T ETFリターンを代理使用
[MarketMetrics] Growth250正式指数が未到達のため2516.T ETFリターンを代理使用
[MarketMetrics] RS等のDB保存が完了しました: 3591 銘柄
[eod][DONE]  update_market_metrics: elapsed=12.3s
[eod][START] signal_detection
[シグナル] データを一括計算中...
[eod][DONE]  signal_detection: elapsed=25.3s
[eod][START] snapshot_shodou_baseline
[shodou-baseline] no new baseline
[eod][DONE]  snapshot_shodou_baseline: elapsed=0.0s
[eod][START] update_shodou_multipliers
[shodou-mults] updated 1946 symbols
[eod][DONE]  update_shodou_multipliers: elapsed=0.1s
[eod][START] apply_shodou_score
[shodou_score] テーマ強度を加味した初動スコア（95点設計）を更新しました。
[eod][DONE]  apply_shodou_score: elapsed=1.3s
[eod][START] update_since_dates
[eod][DONE]  update_since_dates: elapsed=1.8s
[eod][START] validate_prev_business_day
[validate_prev_business_day] 実行開始...
[validate-prev] pending=8625 → 同日再試行のためdaily marker未確定
[TIMER] validate_prev_business_day: 0.92秒
[eod][ERROR] validate_prev_business_day: elapsed=0.9s RuntimeError: daily phase returned False: validate_prev_business_day
[eod][validate-prev] pending: daily phase returned False: validate_prev_business_day
[eod][START] update_operating_income_and_ratio
[oper] TTM算出 rows=0 (groupby.apply不使用)
[oper] 予想優先で営業利益・営利対時価を更新しました rows=3228
[eod][DONE]  update_operating_income_and_ratio: elapsed=3.4s
[eod][START] sync_latest_prices
[sync-latest] latest_prices synced logical=4451
[eod][DONE]  sync_latest_prices: elapsed=11.8s
[eod] finalized 3591 securities for 2026-08-18
===== 2026-08-18T18:33:13 END status=success rc=0 =====


===== 2026-08-18T18:41:11 START C:\Users\sasit\AppData\Local\Programs\Python\Python310\pythonw.exe D:\kabu\main\1-スクリーニング自動化プログラム\main\eod_finalize.py =====
C:\Users\sasit\AppData\Local\Programs\Python\Python310\lib\site-packages\librosa\util\files.py:10: UserWarning: pkg_resources is deprecated as an API. See https://setuptools.pypa.io/en/latest/pkg_resources.html. The pkg_resources package is slated for removal as early as 2025-11-30. Refrain from using this package or pin to Setuptools<81.
  from pkg_resources import resource_filename
[eod][START] ensure_runlog_schema
[eod][DONE]  ensure_runlog_schema: elapsed=0.0s
[eod][START] require_current_price_history_snapshot_precheck
[eod][DONE]  require_current_price_history_snapshot_precheck: elapsed=2.7s
[eod] yahoo_bulk_refresh skipped: current EOD snapshot already valid
[eod][START] refresh_full_history_for_insufficient
[SKIP daily] refresh_full_history_for_insufficient (already ok for 2026-08-18, build=693b3fe20e1e91ae)
[eod][DONE]  refresh_full_history_for_insufficient: elapsed=0.0s
[eod][START] require_current_price_history_snapshot
[eod][DONE]  require_current_price_history_snapshot: elapsed=2.5s
[eod][START] compute_right_up_persistent_eod
[SKIP daily] compute_right_up_persistent_eod (already ok for 2026-08-18, build=693b3fe20e1e91ae)
[eod][DONE]  compute_right_up_persistent_eod: elapsed=0.0s
[eod][START] compute_right_up_early_triggers_eod
[SKIP daily] compute_right_up_early_triggers_eod (already ok for 2026-08-18, build=693b3fe20e1e91ae)
[eod][DONE]  compute_right_up_early_triggers_eod: elapsed=0.0s
[eod][START] update_margin_metrics
[margin] 信用需給多角指標（浮動株比率・時系列増減・負荷スコア）を更新しました: 3591 銘柄
[eod][DONE]  update_margin_metrics: elapsed=4.8s
[eod][START] update_market_cap_all
[SKIP daily] update_market_cap_all (already ok for 2026-08-18, build=693b3fe20e1e91ae)
[eod][DONE]  update_market_cap_all: elapsed=0.0s
[eod][START] update_seasonal_progress_v3
[SKIP daily] update_seasonal_progress_v3 (already ok for 2026-08-18, build=693b3fe20e1e91ae)
[eod][DONE]  update_seasonal_progress_v3: elapsed=0.0s
[eod][START] derive_update
[eod][DONE]  derive_update: elapsed=17.5s
[eod][START] update_market_metrics
[MarketMetrics] RS・地合い・逆行フラグの計算とDB保存を開始します...
[MarketMetrics] TOPIX正式指数が未到達のため1306.T ETFリターンを代理使用
[MarketMetrics] Growth250正式指数が未到達のため2516.T ETFリターンを代理使用
[MarketMetrics] RS等のDB保存が完了しました: 3591 銘柄
[eod][DONE]  update_market_metrics: elapsed=12.2s
[eod][START] signal_detection
[シグナル] データを一括計算中...
[eod][DONE]  signal_detection: elapsed=25.6s
[eod][START] snapshot_shodou_baseline
[shodou-baseline] no new baseline
[eod][DONE]  snapshot_shodou_baseline: elapsed=0.0s
[eod][START] update_shodou_multipliers
[shodou-mults] updated 1946 symbols
[eod][DONE]  update_shodou_multipliers: elapsed=0.1s
[eod][START] apply_shodou_score
[shodou_score] テーマ強度を加味した初動スコア（95点設計）を更新しました。
[eod][DONE]  apply_shodou_score: elapsed=1.3s
[eod][START] update_since_dates
[eod][DONE]  update_since_dates: elapsed=1.8s
[eod][START] validate_prev_business_day
[validate_prev_business_day] 実行開始...
[validate-prev] pending=8625 → 同日再試行のためdaily marker未確定
[TIMER] validate_prev_business_day: 0.91秒
[eod][ERROR] validate_prev_business_day: elapsed=0.9s RuntimeError: daily phase returned False: validate_prev_business_day
[eod][validate-prev] pending: daily phase returned False: validate_prev_business_day
[eod][START] update_operating_income_and_ratio
[oper] TTM算出 rows=0 (groupby.apply不使用)
[oper] 予想優先で営業利益・営利対時価を更新しました rows=3228
[eod][DONE]  update_operating_income_and_ratio: elapsed=3.4s
[eod][START] sync_latest_prices
[sync-latest] latest_prices synced logical=4451
[eod][DONE]  sync_latest_prices: elapsed=11.8s
[eod] finalized 3591 securities for 2026-08-18
===== 2026-08-18T18:42:45 END status=success rc=0 =====


===== 2026-08-18T18:51:10 START C:\Users\sasit\AppData\Local\Programs\Python\Python310\pythonw.exe D:\kabu\main\1-スクリーニング自動化プログラム\main\eod_finalize.py =====
C:\Users\sasit\AppData\Local\Programs\Python\Python310\lib\site-packages\librosa\util\files.py:10: UserWarning: pkg_resources is deprecated as an API. See https://setuptools.pypa.io/en/latest/pkg_resources.html. The pkg_resources package is slated for removal as early as 2025-11-30. Refrain from using this package or pin to Setuptools<81.
  from pkg_resources import resource_filename
[eod][START] ensure_runlog_schema
[eod][DONE]  ensure_runlog_schema: elapsed=0.0s
[eod][START] require_current_price_history_snapshot_precheck
[eod][DONE]  require_current_price_history_snapshot_precheck: elapsed=2.7s
[eod] yahoo_bulk_refresh skipped: current EOD snapshot already valid
[eod][START] refresh_full_history_for_insufficient
[SKIP daily] refresh_full_history_for_insufficient (already ok for 2026-08-18, build=693b3fe20e1e91ae)
[eod][DONE]  refresh_full_history_for_insufficient: elapsed=0.0s
[eod][START] require_current_price_history_snapshot
[eod][DONE]  require_current_price_history_snapshot: elapsed=2.5s
[eod][START] compute_right_up_persistent_eod
[SKIP daily] compute_right_up_persistent_eod (already ok for 2026-08-18, build=693b3fe20e1e91ae)
[eod][DONE]  compute_right_up_persistent_eod: elapsed=0.0s
[eod][START] compute_right_up_early_triggers_eod
[SKIP daily] compute_right_up_early_triggers_eod (already ok for 2026-08-18, build=693b3fe20e1e91ae)
[eod][DONE]  compute_right_up_early_triggers_eod: elapsed=0.0s
[eod][START] update_margin_metrics
[margin] 信用需給多角指標（浮動株比率・時系列増減・負荷スコア）を更新しました: 3591 銘柄
[eod][DONE]  update_margin_metrics: elapsed=4.8s
[eod][START] update_market_cap_all
[SKIP daily] update_market_cap_all (already ok for 2026-08-18, build=693b3fe20e1e91ae)
[eod][DONE]  update_market_cap_all: elapsed=0.0s
[eod][START] update_seasonal_progress_v3
[SKIP daily] update_seasonal_progress_v3 (already ok for 2026-08-18, build=693b3fe20e1e91ae)
[eod][DONE]  update_seasonal_progress_v3: elapsed=0.0s
[eod][START] derive_update
[eod][DONE]  derive_update: elapsed=17.6s
[eod][START] update_market_metrics
[MarketMetrics] RS・地合い・逆行フラグの計算とDB保存を開始します...
[MarketMetrics] TOPIX正式指数が未到達のため1306.T ETFリターンを代理使用
[MarketMetrics] Growth250正式指数が未到達のため2516.T ETFリターンを代理使用
[MarketMetrics] RS等のDB保存が完了しました: 3591 銘柄
[eod][DONE]  update_market_metrics: elapsed=12.4s
[eod][START] signal_detection
[シグナル] データを一括計算中...
[eod][DONE]  signal_detection: elapsed=25.2s
[eod][START] snapshot_shodou_baseline
[shodou-baseline] no new baseline
[eod][DONE]  snapshot_shodou_baseline: elapsed=0.0s
[eod][START] update_shodou_multipliers
[shodou-mults] updated 1946 symbols
[eod][DONE]  update_shodou_multipliers: elapsed=0.1s
[eod][START] apply_shodou_score
[shodou_score] テーマ強度を加味した初動スコア（95点設計）を更新しました。
[eod][DONE]  apply_shodou_score: elapsed=1.3s
[eod][START] update_since_dates
[eod][DONE]  update_since_dates: elapsed=1.8s
[eod][START] validate_prev_business_day
[validate_prev_business_day] 実行開始...
[validate-prev] pending=8625 → 同日再試行のためdaily marker未確定
[TIMER] validate_prev_business_day: 0.91秒
[eod][ERROR] validate_prev_business_day: elapsed=0.9s RuntimeError: daily phase returned False: validate_prev_business_day
[eod][validate-prev] pending: daily phase returned False: validate_prev_business_day
[eod][START] update_operating_income_and_ratio
[oper] TTM算出 rows=0 (groupby.apply不使用)
[oper] 予想優先で営業利益・営利対時価を更新しました rows=3228
[eod][DONE]  update_operating_income_and_ratio: elapsed=3.4s
[eod][START] sync_latest_prices
[sync-latest] latest_prices synced logical=4451
[eod][DONE]  sync_latest_prices: elapsed=11.7s
[eod] finalized 3591 securities for 2026-08-18
===== 2026-08-18T18:52:44 END status=success rc=0 =====


===== 2026-08-18T19:01:09 START C:\Users\sasit\AppData\Local\Programs\Python\Python310\pythonw.exe D:\kabu\main\1-スクリーニング自動化プログラム\main\eod_finalize.py =====
C:\Users\sasit\AppData\Local\Programs\Python\Python310\lib\site-packages\librosa\util\files.py:10: UserWarning: pkg_resources is deprecated as an API. See https://setuptools.pypa.io/en/latest/pkg_resources.html. The pkg_resources package is slated for removal as early as 2025-11-30. Refrain from using this package or pin to Setuptools<81.
  from pkg_resources import resource_filename
[eod][START] ensure_runlog_schema
[eod][DONE]  ensure_runlog_schema: elapsed=0.0s
[eod][START] require_current_price_history_snapshot_precheck
[eod][DONE]  require_current_price_history_snapshot_precheck: elapsed=2.7s
[eod] yahoo_bulk_refresh skipped: current EOD snapshot already valid
[eod][START] refresh_full_history_for_insufficient
[SKIP daily] refresh_full_history_for_insufficient (already ok for 2026-08-18, build=693b3fe20e1e91ae)
[eod][DONE]  refresh_full_history_for_insufficient: elapsed=0.0s
[eod][START] require_current_price_history_snapshot
[eod][DONE]  require_current_price_history_snapshot: elapsed=2.5s
[eod][START] compute_right_up_persistent_eod
[SKIP daily] compute_right_up_persistent_eod (already ok for 2026-08-18, build=693b3fe20e1e91ae)
[eod][DONE]  compute_right_up_persistent_eod: elapsed=0.0s
[eod][START] compute_right_up_early_triggers_eod
[SKIP daily] compute_right_up_early_triggers_eod (already ok for 2026-08-18, build=693b3fe20e1e91ae)
[eod][DONE]  compute_right_up_early_triggers_eod: elapsed=0.0s
[eod][START] update_margin_metrics
[margin] 信用需給多角指標（浮動株比率・時系列増減・負荷スコア）を更新しました: 3591 銘柄
[eod][DONE]  update_margin_metrics: elapsed=4.8s
[eod][START] update_market_cap_all
[SKIP daily] update_market_cap_all (already ok for 2026-08-18, build=693b3fe20e1e91ae)
[eod][DONE]  update_market_cap_all: elapsed=0.0s
[eod][START] update_seasonal_progress_v3
[SKIP daily] update_seasonal_progress_v3 (already ok for 2026-08-18, build=693b3fe20e1e91ae)
[eod][DONE]  update_seasonal_progress_v3: elapsed=0.0s
[eod][START] derive_update
[eod][DONE]  derive_update: elapsed=17.5s
[eod][START] update_market_metrics
[MarketMetrics] RS・地合い・逆行フラグの計算とDB保存を開始します...
[MarketMetrics] TOPIX正式指数が未到達のため1306.T ETFリターンを代理使用
[MarketMetrics] Growth250正式指数が未到達のため2516.T ETFリターンを代理使用
[MarketMetrics] RS等のDB保存が完了しました: 3591 銘柄
[eod][DONE]  update_market_metrics: elapsed=12.1s
[eod][START] signal_detection
[シグナル] データを一括計算中...
[eod][DONE]  signal_detection: elapsed=25.1s
[eod][START] snapshot_shodou_baseline
[shodou-baseline] no new baseline
[eod][DONE]  snapshot_shodou_baseline: elapsed=0.0s
[eod][START] update_shodou_multipliers
[shodou-mults] updated 1946 symbols
[eod][DONE]  update_shodou_multipliers: elapsed=0.1s
[eod][START] apply_shodou_score
[shodou_score] テーマ強度を加味した初動スコア（95点設計）を更新しました。
[eod][DONE]  apply_shodou_score: elapsed=1.2s
[eod][START] update_since_dates
[eod][DONE]  update_since_dates: elapsed=1.8s
[eod][START] validate_prev_business_day
[validate_prev_business_day] 実行開始...
[validate-prev] pending=8625 → 同日再試行のためdaily marker未確定
[TIMER] validate_prev_business_day: 0.90秒
[eod][ERROR] validate_prev_business_day: elapsed=0.9s RuntimeError: daily phase returned False: validate_prev_business_day
[eod][validate-prev] pending: daily phase returned False: validate_prev_business_day
[eod][START] update_operating_income_and_ratio
[oper] TTM算出 rows=0 (groupby.apply不使用)
[oper] 予想優先で営業利益・営利対時価を更新しました rows=3228
[eod][DONE]  update_operating_income_and_ratio: elapsed=3.3s
[eod][START] sync_latest_prices
[sync-latest] latest_prices synced logical=4451
[eod][DONE]  sync_latest_prices: elapsed=11.8s
[eod] finalized 3591 securities for 2026-08-18
===== 2026-08-18T19:02:42 END status=success rc=0 =====


===== 2026-08-18T19:11:09 START C:\Users\sasit\AppData\Local\Programs\Python\Python310\pythonw.exe D:\kabu\main\1-スクリーニング自動化プログラム\main\eod_finalize.py =====
C:\Users\sasit\AppData\Local\Programs\Python\Python310\lib\site-packages\librosa\util\files.py:10: UserWarning: pkg_resources is deprecated as an API. See https://setuptools.pypa.io/en/latest/pkg_resources.html. The pkg_resources package is slated for removal as early as 2025-11-30. Refrain from using this package or pin to Setuptools<81.
  from pkg_resources import resource_filename
[eod][START] ensure_runlog_schema
[eod][DONE]  ensure_runlog_schema: elapsed=0.0s
[eod][START] require_current_price_history_snapshot_precheck
[eod][DONE]  require_current_price_history_snapshot_precheck: elapsed=2.7s
[eod] yahoo_bulk_refresh skipped: current EOD snapshot already valid
[eod][START] refresh_full_history_for_insufficient
[SKIP daily] refresh_full_history_for_insufficient (already ok for 2026-08-18, build=693b3fe20e1e91ae)
[eod][DONE]  refresh_full_history_for_insufficient: elapsed=0.0s
[eod][START] require_current_price_history_snapshot
[eod][DONE]  require_current_price_history_snapshot: elapsed=2.5s
[eod][START] compute_right_up_persistent_eod
[SKIP daily] compute_right_up_persistent_eod (already ok for 2026-08-18, build=693b3fe20e1e91ae)
[eod][DONE]  compute_right_up_persistent_eod: elapsed=0.0s
[eod][START] compute_right_up_early_triggers_eod
[SKIP daily] compute_right_up_early_triggers_eod (already ok for 2026-08-18, build=693b3fe20e1e91ae)
[eod][DONE]  compute_right_up_early_triggers_eod: elapsed=0.0s
[eod][START] update_margin_metrics
[margin] 信用需給多角指標（浮動株比率・時系列増減・負荷スコア）を更新しました: 3591 銘柄
[eod][DONE]  update_margin_metrics: elapsed=4.8s
[eod][START] update_market_cap_all
[SKIP daily] update_market_cap_all (already ok for 2026-08-18, build=693b3fe20e1e91ae)
[eod][DONE]  update_market_cap_all: elapsed=0.0s
[eod][START] update_seasonal_progress_v3
[SKIP daily] update_seasonal_progress_v3 (already ok for 2026-08-18, build=693b3fe20e1e91ae)
[eod][DONE]  update_seasonal_progress_v3: elapsed=0.0s
[eod][START] derive_update
[eod][DONE]  derive_update: elapsed=17.6s
[eod][START] update_market_metrics
[MarketMetrics] RS・地合い・逆行フラグの計算とDB保存を開始します...
[MarketMetrics] TOPIX正式指数が未到達のため1306.T ETFリターンを代理使用
[MarketMetrics] Growth250正式指数が未到達のため2516.T ETFリターンを代理使用
[MarketMetrics] RS等のDB保存が完了しました: 3591 銘柄
[eod][DONE]  update_market_metrics: elapsed=12.2s
[eod][START] signal_detection
[シグナル] データを一括計算中...
[eod][DONE]  signal_detection: elapsed=25.1s
[eod][START] snapshot_shodou_baseline
[shodou-baseline] no new baseline
[eod][DONE]  snapshot_shodou_baseline: elapsed=0.0s
[eod][START] update_shodou_multipliers
[shodou-mults] updated 1946 symbols
[eod][DONE]  update_shodou_multipliers: elapsed=0.1s
[eod][START] apply_shodou_score
[shodou_score] テーマ強度を加味した初動スコア（95点設計）を更新しました。
[eod][DONE]  apply_shodou_score: elapsed=1.2s
[eod][START] update_since_dates
[eod][DONE]  update_since_dates: elapsed=1.8s
[eod][START] validate_prev_business_day
[validate_prev_business_day] 実行開始...
[validate-prev] pending=8625 → 同日再試行のためdaily marker未確定
[TIMER] validate_prev_business_day: 0.91秒
[eod][ERROR] validate_prev_business_day: elapsed=0.9s RuntimeError: daily phase returned False: validate_prev_business_day
[eod][validate-prev] pending: daily phase returned False: validate_prev_business_day
[eod][START] update_operating_income_and_ratio
[oper] TTM算出 rows=0 (groupby.apply不使用)
[oper] 予想優先で営業利益・営利対時価を更新しました rows=3228
[eod][DONE]  update_operating_income_and_ratio: elapsed=3.4s
[eod][START] sync_latest_prices
[sync-latest] latest_prices synced logical=4451
[eod][DONE]  sync_latest_prices: elapsed=11.8s
[eod] finalized 3591 securities for 2026-08-18
===== 2026-08-18T19:12:43 END status=success rc=0 =====


===== 2026-08-18T20:01:10 START C:\Users\sasit\AppData\Local\Programs\Python\Python310\pythonw.exe D:\kabu\main\1-スクリーニング自動化プログラム\main\eod_finalize.py =====
C:\Users\sasit\AppData\Local\Programs\Python\Python310\lib\site-packages\librosa\util\files.py:10: UserWarning: pkg_resources is deprecated as an API. See https://setuptools.pypa.io/en/latest/pkg_resources.html. The pkg_resources package is slated for removal as early as 2025-11-30. Refrain from using this package or pin to Setuptools<81.
  from pkg_resources import resource_filename
[eod][START] ensure_runlog_schema
[eod][DONE]  ensure_runlog_schema: elapsed=0.0s
[eod][START] require_current_price_history_snapshot_precheck
[eod][DONE]  require_current_price_history_snapshot_precheck: elapsed=2.6s
[eod] yahoo_bulk_refresh skipped: current EOD snapshot already valid
[eod][START] refresh_full_history_for_insufficient
[SKIP daily] refresh_full_history_for_insufficient (already ok for 2026-08-18, build=693b3fe20e1e91ae)
[eod][DONE]  refresh_full_history_for_insufficient: elapsed=0.0s
[eod][START] require_current_price_history_snapshot
[eod][DONE]  require_current_price_history_snapshot: elapsed=2.5s
[eod][START] compute_right_up_persistent_eod
[SKIP daily] compute_right_up_persistent_eod (already ok for 2026-08-18, build=693b3fe20e1e91ae)
[eod][DONE]  compute_right_up_persistent_eod: elapsed=0.0s
[eod][START] compute_right_up_early_triggers_eod
[SKIP daily] compute_right_up_early_triggers_eod (already ok for 2026-08-18, build=693b3fe20e1e91ae)
[eod][DONE]  compute_right_up_early_triggers_eod: elapsed=0.0s
[eod][START] update_margin_metrics
[margin] 信用需給多角指標（浮動株比率・時系列増減・負荷スコア）を更新しました: 3591 銘柄
[eod][DONE]  update_margin_metrics: elapsed=4.7s
[eod][START] update_market_cap_all
[SKIP daily] update_market_cap_all (already ok for 2026-08-18, build=693b3fe20e1e91ae)
[eod][DONE]  update_market_cap_all: elapsed=0.0s
[eod][START] update_seasonal_progress_v3
[SKIP daily] update_seasonal_progress_v3 (already ok for 2026-08-18, build=693b3fe20e1e91ae)
[eod][DONE]  update_seasonal_progress_v3: elapsed=0.0s
[eod][START] derive_update
[eod][DONE]  derive_update: elapsed=17.3s
[eod][START] update_market_metrics
[MarketMetrics] RS・地合い・逆行フラグの計算とDB保存を開始します...
[MarketMetrics] TOPIX正式指数が未到達のため1306.T ETFリターンを代理使用
[MarketMetrics] Growth250正式指数が未到達のため2516.T ETFリターンを代理使用
[MarketMetrics] RS等のDB保存が完了しました: 3591 銘柄
[eod][DONE]  update_market_metrics: elapsed=11.9s
[eod][START] signal_detection
[シグナル] データを一括計算中...
[eod][DONE]  signal_detection: elapsed=24.5s
[eod][START] snapshot_shodou_baseline
[shodou-baseline] no new baseline
[eod][DONE]  snapshot_shodou_baseline: elapsed=0.0s
[eod][START] update_shodou_multipliers
[shodou-mults] updated 1946 symbols
[eod][DONE]  update_shodou_multipliers: elapsed=0.0s
[eod][START] apply_shodou_score
[shodou_score] テーマ強度を加味した初動スコア（95点設計）を更新しました。
[eod][DONE]  apply_shodou_score: elapsed=1.2s
[eod][START] update_since_dates
[eod][DONE]  update_since_dates: elapsed=1.7s
[eod][START] validate_prev_business_day
[validate_prev_business_day] 実行開始...
[validate-prev] pending=8625 → 同日再試行のためdaily marker未確定
[TIMER] validate_prev_business_day: 0.89秒
[eod][ERROR] validate_prev_business_day: elapsed=0.9s RuntimeError: daily phase returned False: validate_prev_business_day
[eod][validate-prev] pending: daily phase returned False: validate_prev_business_day
[eod][START] update_operating_income_and_ratio
[oper] TTM算出 rows=0 (groupby.apply不使用)
[oper] 予想優先で営業利益・営利対時価を更新しました rows=3228
[eod][DONE]  update_operating_income_and_ratio: elapsed=3.3s
[eod][START] sync_latest_prices
[sync-latest] latest_prices synced logical=4451
[eod][DONE]  sync_latest_prices: elapsed=11.5s
[eod] finalized 3591 securities for 2026-08-18
===== 2026-08-18T20:02:42 END status=success rc=0 =====


===== 2026-08-18T23:31:15 START C:\Users\sasit\AppData\Local\Programs\Python\Python310\pythonw.exe D:\kabu\main\1-スクリーニング自動化プログラム\main\eod_finalize.py =====
C:\Users\sasit\AppData\Local\Programs\Python\Python310\lib\site-packages\librosa\util\files.py:10: UserWarning: pkg_resources is deprecated as an API. See https://setuptools.pypa.io/en/latest/pkg_resources.html. The pkg_resources package is slated for removal as early as 2025-11-30. Refrain from using this package or pin to Setuptools<81.
  from pkg_resources import resource_filename
[eod][START] ensure_runlog_schema
[eod][DONE]  ensure_runlog_schema: elapsed=0.0s
[eod][START] require_current_price_history_snapshot_precheck
[eod][DONE]  require_current_price_history_snapshot_precheck: elapsed=2.7s
[eod] yahoo_bulk_refresh skipped: current EOD snapshot already valid
[eod][START] refresh_full_history_for_insufficient
[SKIP daily] refresh_full_history_for_insufficient (already ok for 2026-08-18, build=693b3fe20e1e91ae)
[eod][DONE]  refresh_full_history_for_insufficient: elapsed=0.0s
[eod][START] require_current_price_history_snapshot
[eod][DONE]  require_current_price_history_snapshot: elapsed=2.6s
[eod][START] compute_right_up_persistent_eod
[SKIP daily] compute_right_up_persistent_eod (already ok for 2026-08-18, build=693b3fe20e1e91ae)
[eod][DONE]  compute_right_up_persistent_eod: elapsed=0.0s
[eod][START] compute_right_up_early_triggers_eod
[SKIP daily] compute_right_up_early_triggers_eod (already ok for 2026-08-18, build=693b3fe20e1e91ae)
[eod][DONE]  compute_right_up_early_triggers_eod: elapsed=0.0s
[eod][START] update_margin_metrics
[margin] 信用需給多角指標（浮動株比率・時系列増減・負荷スコア）を更新しました: 3591 銘柄
[eod][DONE]  update_margin_metrics: elapsed=5.0s
[eod][START] update_market_cap_all
[SKIP daily] update_market_cap_all (already ok for 2026-08-18, build=693b3fe20e1e91ae)
[eod][DONE]  update_market_cap_all: elapsed=0.0s
[eod][START] update_seasonal_progress_v3
[SKIP daily] update_seasonal_progress_v3 (already ok for 2026-08-18, build=693b3fe20e1e91ae)
[eod][DONE]  update_seasonal_progress_v3: elapsed=0.0s
[eod][START] derive_update
[eod][DONE]  derive_update: elapsed=18.5s
[eod][START] update_market_metrics
[MarketMetrics] RS・地合い・逆行フラグの計算とDB保存を開始します...
[MarketMetrics] TOPIX正式指数が未到達のため1306.T ETFリターンを代理使用
[MarketMetrics] Growth250正式指数が未到達のため2516.T ETFリターンを代理使用
[MarketMetrics] RS等のDB保存が完了しました: 3591 銘柄
[eod][DONE]  update_market_metrics: elapsed=12.9s
[eod][START] signal_detection
[シグナル] データを一括計算中...
[eod][DONE]  signal_detection: elapsed=26.3s
[eod][START] snapshot_shodou_baseline
[shodou-baseline] no new baseline
[eod][DONE]  snapshot_shodou_baseline: elapsed=0.0s
[eod][START] update_shodou_multipliers
[shodou-mults] updated 1946 symbols
[eod][DONE]  update_shodou_multipliers: elapsed=0.1s
[eod][START] apply_shodou_score
[shodou_score] テーマ強度を加味した初動スコア（95点設計）を更新しました。
[eod][DONE]  apply_shodou_score: elapsed=1.3s
[eod][START] update_since_dates
[eod][DONE]  update_since_dates: elapsed=1.9s
[eod][START] validate_prev_business_day
[validate_prev_business_day] 実行開始...
[validate-prev] pending=8625 → 同日再試行のためdaily marker未確定
[TIMER] validate_prev_business_day: 0.93秒
[eod][ERROR] validate_prev_business_day: elapsed=0.9s RuntimeError: daily phase returned False: validate_prev_business_day
[eod][validate-prev] pending: daily phase returned False: validate_prev_business_day
[eod][START] update_operating_income_and_ratio
[oper] TTM算出 rows=0 (groupby.apply不使用)
[oper] 予想優先で営業利益・営利対時価を更新しました rows=3228
[eod][DONE]  update_operating_income_and_ratio: elapsed=3.4s
[eod][START] sync_latest_prices
[sync-latest] latest_prices synced logical=4451
[eod][DONE]  sync_latest_prices: elapsed=11.9s
[eod] finalized 3591 securities for 2026-08-18
===== 2026-08-18T23:32:51 END status=success rc=0 =====


===== 2026-08-18T23:51:04 START C:\Users\sasit\AppData\Local\Programs\Python\Python310\pythonw.exe D:\kabu\main\1-スクリーニング自動化プログラム\main\eod_finalize.py =====
C:\Users\sasit\AppData\Local\Programs\Python\Python310\lib\site-packages\librosa\util\files.py:10: UserWarning: pkg_resources is deprecated as an API. See https://setuptools.pypa.io/en/latest/pkg_resources.html. The pkg_resources package is slated for removal as early as 2025-11-30. Refrain from using this package or pin to Setuptools<81.
  from pkg_resources import resource_filename
[eod][START] ensure_runlog_schema
[eod][DONE]  ensure_runlog_schema: elapsed=0.0s
[eod][START] require_current_price_history_snapshot_precheck
[eod][DONE]  require_current_price_history_snapshot_precheck: elapsed=2.6s
[eod] yahoo_bulk_refresh skipped: current EOD snapshot already valid
[eod][START] refresh_full_history_for_insufficient
[SKIP daily] refresh_full_history_for_insufficient (already ok for 2026-08-18, build=693b3fe20e1e91ae)
[eod][DONE]  refresh_full_history_for_insufficient: elapsed=0.0s
[eod][START] require_current_price_history_snapshot
[eod][DONE]  require_current_price_history_snapshot: elapsed=2.5s
[eod][START] compute_right_up_persistent_eod
[SKIP daily] compute_right_up_persistent_eod (already ok for 2026-08-18, build=693b3fe20e1e91ae)
[eod][DONE]  compute_right_up_persistent_eod: elapsed=0.0s
[eod][START] compute_right_up_early_triggers_eod
[SKIP daily] compute_right_up_early_triggers_eod (already ok for 2026-08-18, build=693b3fe20e1e91ae)
[eod][DONE]  compute_right_up_early_triggers_eod: elapsed=0.0s
[eod][START] update_margin_metrics
[margin] 信用需給多角指標（浮動株比率・時系列増減・負荷スコア）を更新しました: 3591 銘柄
[eod][DONE]  update_margin_metrics: elapsed=4.7s
[eod][START] update_market_cap_all
[SKIP daily] update_market_cap_all (already ok for 2026-08-18, build=693b3fe20e1e91ae)
[eod][DONE]  update_market_cap_all: elapsed=0.0s
[eod][START] update_seasonal_progress_v3
[SKIP daily] update_seasonal_progress_v3 (already ok for 2026-08-18, build=693b3fe20e1e91ae)
[eod][DONE]  update_seasonal_progress_v3: elapsed=0.0s
[eod][START] derive_update
[eod][DONE]  derive_update: elapsed=17.6s
[eod][START] update_market_metrics
[MarketMetrics] RS・地合い・逆行フラグの計算とDB保存を開始します...
[MarketMetrics] TOPIX正式指数が未到達のため1306.T ETFリターンを代理使用
[MarketMetrics] Growth250正式指数が未到達のため2516.T ETFリターンを代理使用
[MarketMetrics] RS等のDB保存が完了しました: 3591 銘柄
[eod][DONE]  update_market_metrics: elapsed=12.1s
[eod][START] signal_detection
[シグナル] データを一括計算中...
[eod][DONE]  signal_detection: elapsed=24.9s
[eod][START] snapshot_shodou_baseline
[shodou-baseline] no new baseline
[eod][DONE]  snapshot_shodou_baseline: elapsed=0.0s
[eod][START] update_shodou_multipliers
[shodou-mults] updated 1946 symbols
[eod][DONE]  update_shodou_multipliers: elapsed=0.1s
[eod][START] apply_shodou_score
[shodou_score] テーマ強度を加味した初動スコア（95点設計）を更新しました。
[eod][DONE]  apply_shodou_score: elapsed=1.2s
[eod][START] update_since_dates
[eod][DONE]  update_since_dates: elapsed=1.7s
[eod][START] validate_prev_business_day
[validate_prev_business_day] 実行開始...
[validate-prev] pending=8625 → 同日再試行のためdaily marker未確定
[TIMER] validate_prev_business_day: 0.90秒
[eod][ERROR] validate_prev_business_day: elapsed=0.9s RuntimeError: daily phase returned False: validate_prev_business_day
[eod][validate-prev] pending: daily phase returned False: validate_prev_business_day
[eod][START] update_operating_income_and_ratio
[oper] TTM算出 rows=0 (groupby.apply不使用)
[oper] 予想優先で営業利益・営利対時価を更新しました rows=3228
[eod][DONE]  update_operating_income_and_ratio: elapsed=3.3s
[eod][START] sync_latest_prices
[sync-latest] latest_prices synced logical=4451
[eod][DONE]  sync_latest_prices: elapsed=11.6s
[eod] finalized 3591 securities for 2026-08-18
===== 2026-08-18T23:52:37 END status=success rc=0 =====
