

===== 2026-08-19T08:00:01 START C:\Users\sasit\AppData\Local\Programs\Python\Python310\pythonw.exe D:\kabu\main\1-スクリーニング自動化プログラム\main\fetch_all.py =====
=== fetch_all: TDnetデータ収集開始 ===
[backfill][DOC CACHE HIT] 3856 2026-08-18 10,804文字 過年度の有価証券報告書等の訂正報告書の提出及び過年度の決算短信の訂正に関するお知
[backfill][DOC CACHE HIT] 2796 2026-08-18 598文字 連結子会社からの配当金受領に関するお知らせ
[backfill][DOC CACHE HIT] 4415 2026-08-18 19,730文字 2026年12月期 第２四半期決算説明書き起こし
[backfill][DOC CACHE HIT] 471A 2026-08-18 485文字 （訂正）「2026年12月期第１四半期決算短信〔IFRS〕（連結）」の一部訂正に
[backfill][DOC CACHE HIT] 471A 2026-08-18 500文字 （訂正）「2026年12月期第２四半期（中間期）決算短信〔IFRS〕（連結）」の
[backfill][DOC CACHE HIT] 7707 2026-08-18 1,064文字 (訂正)「2026年６月期 決算短信〔日本基準〕（連結）」の一部訂正に関するお知
[backfill][DOC CACHE HIT] 7814 2026-08-18 17,220文字 2026年12月期　第２四半期（中間期）決算説明会資料
[backfill][DOC CACHE HIT] 3174 2026-08-18 1,914文字 2026年８月期通期連結・個別業績予想の修正に関するお知らせ
[backfill][DOC CACHE HIT] 6327 2026-08-18 11,715文字 2026年６月期 決算短信〔日本基準〕（連結）
[backfill][DOC CACHE HIT] 6327 2026-08-18 1,023文字 剰余金の配当に関するお知らせ
[backfill][DOC CACHE HIT] 1999 2026-08-18 21,424文字 2026年6月期　決算短信〔日本基準〕（連結）
[backfill][DOC CACHE HIT] 1999 2026-08-18 765文字 通期連結業績予想値と実績値との差異に関するお知らせ
[backfill][DOC CACHE HIT] 2160 2026-08-18 36,315文字 2026年12月期 第2四半期決算説明資料
[backfill][DOC CACHE HIT] 2735 2026-08-18 1,833文字 業績予想及び配当予想の修正に関するお知らせ
[backfill][DOC CACHE HIT] 3487 2026-08-18 46,065文字 2026年６月期 決算短信（REIT）
[backfill][DOC CACHE HIT] 3487 2026-08-18 54,901文字 2026年６月期 決算説明会資料
[backfill][DOC CACHE HIT] 4264 2026-08-18 7,102文字 業績目標コミットメント型ストック・オプション（有償ストック・オプション）の発行に
[backfill][DOC CACHE HIT] 4776 2026-08-18 501文字 （訂正）「2026年12月期 第２四半期決算補足資料」の一部訂正について
[backfill][DOC CACHE HIT] 598A 2026-08-18 35,052文字 「2026年6月期決算説明資料」に関する動画書き起こし
[backfill][DOC CACHE HIT] 6046 2026-08-18 1,294文字 2026年９月 期第３四半期 決算に関する質疑応答集
[backfill][DOC CACHE HIT] 6094 2026-08-18 2,329文字 2026年9月期 第3第四半期決算 質疑応答集
[backfill][DOC CACHE HIT] 7383 2026-08-18 2,633文字 [Q&A書き起こし]2027年３月期 第１四半期決算説明会
[backfill][DOC CACHE HIT] 7532 2026-08-18 39,379文字 2026年6月期決算短信〔日本基準〕（連結）
[backfill][DOC CACHE HIT] 7532 2026-08-18 1,771文字 2026年６月期剰余金の配当（増配）及び2027年６月期配当予想に関するお知らせ
[backfill][DOC CACHE HIT] 8798 2026-08-18 1,374文字 （訂正）「過年度の有価証券報告書等の訂正報告書の提出及び過年度の決算短信等の訂正
[backfill][DOC CACHE HIT] 8798 2026-08-18 742文字 （訂正）「2026年9月期第2四半期（2025年10月～2026年3月） 業績説
[backfill][DOC CACHE HIT] 9610 2026-08-18 11,407文字 2027年３月期第１四半期決算補足説明資料（動画）
[backfill][DOC CACHE HIT] 9887 2026-08-18 601文字 （訂正）「令和9年3月期第1四半期決算短信〔日本基準〕（連結）」の一部訂正に関す
[backfill][DOC CACHE HIT] 4826 2026-08-18 1,043文字 剰余金の配当に関するお知らせ
[backfill][DOC CACHE HIT] 6340 2026-08-18 25,533文字 2026年6月期　決算説明資料
[backfill][DOC CACHE HIT] 2083 2026-08-18 16,082文字 NEXT FUNDS 日本成長株アクティブ上場投信 決算短信
[backfill][DOC CACHE HIT] 2084 2026-08-18 19,835文字 NEXT FUNDS 日本高配当株アクティブ上場投信 決算短信
[backfill][DOC CACHE HIT] 6850 2026-08-18 8,579文字 2027年3月期 第1四半期 決算補足説明資料
[backfill][DOC CACHE HIT] 8084 2026-08-18 5,303文字 2027年３月期第1四半期　決算補足資料
[backfill][DOC CACHE HIT] 2681 2026-08-18 32,813文字 (訂正）「2027年３月期  第１四半期決算説明資料」の一部訂正について
[backfill][DOC CACHE HIT] 9941 2026-08-18 4,037文字 2026年９月期 ７月度　月次業績（売上高）速報
[backfill][DOC CACHE HIT] 4320 2026-08-18 3,984文字 （訂正）「2026年９月期第３四半期決算短信〔日本基準〕（連結）」の一部訂正につ
[backfill][DOC CACHE HIT] 8304 2026-08-18 1,262文字 2027年3月期 第1四半期 自己資本比率について
[backfill][DOC CACHE HIT] 8951 2026-08-18 31,497文字 2026年６月期（第50期）決算説明会資料
[backfill][DOC CACHE HIT] 3660 2026-08-18 5,402文字 2026年６月期通期 決算説明会における質疑応答
[backfill][XBRL TRY] 2083 https://www.release.tdnet.info/inbs/081220260818522160.zip
[backfill][XBRL TRY] 2083 https://www.release.tdnet.info/inbs/091220260818522160.zip
[backfill][XBRL TRY] 2083 https://www2.jpx.co.jp/disc/20830/081220260818522160.zip
[backfill][XBRL TRY] 2083 https://www2.jpx.co.jp/disc/20830/091220260818522160.zip
[backfill][XBRL TRY] 2084 https://www.release.tdnet.info/inbs/081220260818522182.zip
[backfill][XBRL TRY] 2084 https://www.release.tdnet.info/inbs/091220260818522182.zip
[backfill][XBRL TRY] 2084 https://www2.jpx.co.jp/disc/20840/081220260818522182.zip
[backfill][XBRL TRY] 2084 https://www2.jpx.co.jp/disc/20840/091220260818522182.zip
[forecast_history] 対象=8 initial=4 revision=2 achievement=0 unresolved=0
[OK] 決算:26件, 増資:11件, TOB:3件, 本文:40件, 予想初期:4件, 予想修正:2件, 達成履歴更新:0件 をDBに保存しました。
=== fetch_all: 完全成功 ===
===== 2026-08-19T08:00:34 END status=success rc=0 =====
