

===== 2026-08-19T08:02:17 START C:\Users\sasit\AppData\Local\Programs\Python\Python310\pythonw.exe D:\kabu\main\1-スクリーニング自動化プログラム\main\空売り無しリスト出しスクリプト.py =====
[karauri] 同日resume: 未完了=3587
[karauri][HTTP] targets=3587 workers=16 retries=1
[karauri][PROGRESS] 1/3587 rate=4.27/s elapsed=0.0m eta=14.0m
[karauri][PROGRESS] 25/3587 rate=22.22/s elapsed=0.0m eta=2.7m
[karauri][PROGRESS] 50/3587 rate=27.82/s elapsed=0.0m eta=2.1m
[karauri][PROGRESS] 75/3587 rate=27.58/s elapsed=0.0m eta=2.1m
[karauri][PROGRESS] 100/3587 rate=27.95/s elapsed=0.1m eta=2.1m
[karauri][PROGRESS] 125/3587 rate=28.47/s elapsed=0.1m eta=2.0m
[karauri][PROGRESS] 150/3587 rate=29.27/s elapsed=0.1m eta=2.0m
[karauri][PROGRESS] 175/3587 rate=29.24/s elapsed=0.1m eta=1.9m
[karauri][PROGRESS] 200/3587 rate=30.40/s elapsed=0.1m eta=1.9m
[karauri][COMMIT] 200/3587 ok=199 fail=1 no_short=15
[karauri][PROGRESS] 225/3587 rate=28.46/s elapsed=0.1m eta=2.0m
[karauri][PROGRESS] 250/3587 rate=29.14/s elapsed=0.1m eta=1.9m
[karauri][PROGRESS] 275/3587 rate=28.80/s elapsed=0.2m eta=1.9m
[karauri][PROGRESS] 300/3587 rate=29.23/s elapsed=0.2m eta=1.9m
[karauri][PROGRESS] 325/3587 rate=29.42/s elapsed=0.2m eta=1.8m
[karauri][PROGRESS] 350/3587 rate=29.24/s elapsed=0.2m eta=1.8m
[karauri][PROGRESS] 375/3587 rate=29.41/s elapsed=0.2m eta=1.8m
[karauri][PROGRESS] 400/3587 rate=29.56/s elapsed=0.2m eta=1.8m
[karauri][COMMIT] 400/3587 ok=399 fail=1 no_short=26
[karauri][PROGRESS] 425/3587 rate=28.97/s elapsed=0.2m eta=1.8m
[karauri][PROGRESS] 450/3587 rate=29.03/s elapsed=0.3m eta=1.8m
[karauri][PROGRESS] 475/3587 rate=29.34/s elapsed=0.3m eta=1.8m
[karauri][PROGRESS] 500/3587 rate=29.09/s elapsed=0.3m eta=1.8m
[karauri][PROGRESS] 525/3587 rate=29.04/s elapsed=0.3m eta=1.8m
[karauri][PROGRESS] 550/3587 rate=29.41/s elapsed=0.3m eta=1.7m
[karauri][PROGRESS] 575/3587 rate=29.49/s elapsed=0.3m eta=1.7m
[karauri][PROGRESS] 600/3587 rate=29.72/s elapsed=0.3m eta=1.7m
[karauri][COMMIT] 600/3587 ok=599 fail=1 no_short=38
[karauri][PROGRESS] 625/3587 rate=29.50/s elapsed=0.4m eta=1.7m
[karauri][PROGRESS] 650/3587 rate=29.40/s elapsed=0.4m eta=1.7m
[karauri][PROGRESS] 675/3587 rate=30.00/s elapsed=0.4m eta=1.6m
[karauri][PROGRESS] 700/3587 rate=30.07/s elapsed=0.4m eta=1.6m
[karauri][PROGRESS] 725/3587 rate=30.33/s elapsed=0.4m eta=1.6m
[karauri][PROGRESS] 750/3587 rate=30.44/s elapsed=0.4m eta=1.6m
[karauri][PROGRESS] 775/3587 rate=30.58/s elapsed=0.4m eta=1.5m
[karauri][PROGRESS] 800/3587 rate=30.81/s elapsed=0.4m eta=1.5m
[karauri][COMMIT] 800/3587 ok=798 fail=2 no_short=57
[karauri][PROGRESS] 825/3587 rate=30.66/s elapsed=0.4m eta=1.5m
[karauri][PROGRESS] 850/3587 rate=30.39/s elapsed=0.5m eta=1.5m
[karauri][PROGRESS] 875/3587 rate=30.69/s elapsed=0.5m eta=1.5m
[karauri][PROGRESS] 900/3587 rate=30.61/s elapsed=0.5m eta=1.5m
[karauri][PROGRESS] 925/3587 rate=30.75/s elapsed=0.5m eta=1.4m
[karauri][PROGRESS] 950/3587 rate=31.01/s elapsed=0.5m eta=1.4m
[karauri][PROGRESS] 975/3587 rate=30.95/s elapsed=0.5m eta=1.4m
[karauri][PROGRESS] 1000/3587 rate=31.14/s elapsed=0.5m eta=1.4m
[karauri][COMMIT] 1000/3587 ok=998 fail=2 no_short=73
[karauri][PROGRESS] 1025/3587 rate=30.99/s elapsed=0.6m eta=1.4m
[karauri][PROGRESS] 1050/3587 rate=30.90/s elapsed=0.6m eta=1.4m
[karauri][PROGRESS] 1075/3587 rate=31.05/s elapsed=0.6m eta=1.3m
[karauri][PROGRESS] 1100/3587 rate=31.19/s elapsed=0.6m eta=1.3m
[karauri][PROGRESS] 1125/3587 rate=31.30/s elapsed=0.6m eta=1.3m
[karauri][PROGRESS] 1150/3587 rate=31.36/s elapsed=0.6m eta=1.3m
[karauri][PROGRESS] 1175/3587 rate=31.44/s elapsed=0.6m eta=1.3m
[karauri][PROGRESS] 1200/3587 rate=31.44/s elapsed=0.6m eta=1.3m
[karauri][COMMIT] 1200/3587 ok=1198 fail=2 no_short=94
[karauri][PROGRESS] 1225/3587 rate=31.36/s elapsed=0.7m eta=1.3m
[karauri][PROGRESS] 1250/3587 rate=31.37/s elapsed=0.7m eta=1.2m
[karauri][PROGRESS] 1275/3587 rate=31.53/s elapsed=0.7m eta=1.2m
[karauri][PROGRESS] 1300/3587 rate=31.50/s elapsed=0.7m eta=1.2m
[karauri][PROGRESS] 1325/3587 rate=31.69/s elapsed=0.7m eta=1.2m
[karauri][PROGRESS] 1350/3587 rate=31.74/s elapsed=0.7m eta=1.2m
[karauri][PROGRESS] 1375/3587 rate=31.88/s elapsed=0.7m eta=1.2m
[karauri][PROGRESS] 1400/3587 rate=32.02/s elapsed=0.7m eta=1.1m
[karauri][COMMIT] 1400/3587 ok=1397 fail=3 no_short=116
[karauri][PROGRESS] 1425/3587 rate=31.90/s elapsed=0.7m eta=1.1m
[karauri][PROGRESS] 1450/3587 rate=32.04/s elapsed=0.8m eta=1.1m
[karauri][PROGRESS] 1475/3587 rate=32.23/s elapsed=0.8m eta=1.1m
[karauri][PROGRESS] 1500/3587 rate=32.31/s elapsed=0.8m eta=1.1m
[karauri][PROGRESS] 1525/3587 rate=32.46/s elapsed=0.8m eta=1.1m
[karauri][PROGRESS] 1550/3587 rate=32.43/s elapsed=0.8m eta=1.0m
[karauri][PROGRESS] 1575/3587 rate=32.53/s elapsed=0.8m eta=1.0m
[karauri][PROGRESS] 1600/3587 rate=32.67/s elapsed=0.8m eta=1.0m
[karauri][COMMIT] 1600/3587 ok=1597 fail=3 no_short=145
[karauri][PROGRESS] 1625/3587 rate=32.52/s elapsed=0.8m eta=1.0m
[karauri][PROGRESS] 1650/3587 rate=32.65/s elapsed=0.8m eta=1.0m
[karauri][PROGRESS] 1675/3587 rate=32.53/s elapsed=0.9m eta=1.0m
[karauri][PROGRESS] 1700/3587 rate=32.53/s elapsed=0.9m eta=1.0m
[karauri][PROGRESS] 1725/3587 rate=32.60/s elapsed=0.9m eta=1.0m
[karauri][PROGRESS] 1750/3587 rate=32.58/s elapsed=0.9m eta=0.9m
[karauri][PROGRESS] 1775/3587 rate=32.67/s elapsed=0.9m eta=0.9m
[karauri][PROGRESS] 1800/3587 rate=32.75/s elapsed=0.9m eta=0.9m
[karauri][COMMIT] 1800/3587 ok=1797 fail=3 no_short=176
[karauri][PROGRESS] 1825/3587 rate=32.63/s elapsed=0.9m eta=0.9m
[karauri][PROGRESS] 1850/3587 rate=32.81/s elapsed=0.9m eta=0.9m
[karauri][PROGRESS] 1875/3587 rate=32.82/s elapsed=1.0m eta=0.9m
[karauri][PROGRESS] 1900/3587 rate=32.89/s elapsed=1.0m eta=0.9m
[karauri][PROGRESS] 1925/3587 rate=32.93/s elapsed=1.0m eta=0.8m
[karauri][PROGRESS] 1950/3587 rate=33.11/s elapsed=1.0m eta=0.8m
[karauri][PROGRESS] 1975/3587 rate=33.25/s elapsed=1.0m eta=0.8m
[karauri][PROGRESS] 2000/3587 rate=33.30/s elapsed=1.0m eta=0.8m
[karauri][COMMIT] 2000/3587 ok=1997 fail=3 no_short=214
[karauri][PROGRESS] 2025/3587 rate=33.21/s elapsed=1.0m eta=0.8m
[karauri][PROGRESS] 2050/3587 rate=33.36/s elapsed=1.0m eta=0.8m
[karauri][PROGRESS] 2075/3587 rate=33.33/s elapsed=1.0m eta=0.8m
[karauri][PROGRESS] 2100/3587 rate=33.44/s elapsed=1.0m eta=0.7m
[karauri][PROGRESS] 2125/3587 rate=33.45/s elapsed=1.1m eta=0.7m
[karauri][PROGRESS] 2150/3587 rate=33.42/s elapsed=1.1m eta=0.7m
[karauri][PROGRESS] 2175/3587 rate=33.45/s elapsed=1.1m eta=0.7m
[karauri][PROGRESS] 2200/3587 rate=33.59/s elapsed=1.1m eta=0.7m
[karauri][COMMIT] 2200/3587 ok=2197 fail=3 no_short=244
[karauri][PROGRESS] 2225/3587 rate=33.52/s elapsed=1.1m eta=0.7m
[karauri][PROGRESS] 2250/3587 rate=33.61/s elapsed=1.1m eta=0.7m
[karauri][PROGRESS] 2275/3587 rate=33.70/s elapsed=1.1m eta=0.6m
[karauri][PROGRESS] 2300/3587 rate=33.69/s elapsed=1.1m eta=0.6m
[karauri][PROGRESS] 2325/3587 rate=33.71/s elapsed=1.1m eta=0.6m
[karauri][PROGRESS] 2350/3587 rate=33.74/s elapsed=1.2m eta=0.6m
[karauri][PROGRESS] 2375/3587 rate=33.73/s elapsed=1.2m eta=0.6m
[karauri][PROGRESS] 2400/3587 rate=33.78/s elapsed=1.2m eta=0.6m
[karauri][COMMIT] 2400/3587 ok=2397 fail=3 no_short=279
[karauri][PROGRESS] 2425/3587 rate=33.75/s elapsed=1.2m eta=0.6m
[karauri][PROGRESS] 2450/3587 rate=33.73/s elapsed=1.2m eta=0.6m
[karauri][PROGRESS] 2475/3587 rate=33.75/s elapsed=1.2m eta=0.5m
[karauri][PROGRESS] 2500/3587 rate=33.73/s elapsed=1.2m eta=0.5m
[karauri][PROGRESS] 2525/3587 rate=33.77/s elapsed=1.2m eta=0.5m
[karauri][PROGRESS] 2550/3587 rate=33.76/s elapsed=1.3m eta=0.5m
[karauri][PROGRESS] 2575/3587 rate=33.81/s elapsed=1.3m eta=0.5m
[karauri][PROGRESS] 2600/3587 rate=33.90/s elapsed=1.3m eta=0.5m
[karauri][COMMIT] 2600/3587 ok=2597 fail=3 no_short=305
[karauri][PROGRESS] 2625/3587 rate=33.78/s elapsed=1.3m eta=0.5m
[karauri][PROGRESS] 2650/3587 rate=33.77/s elapsed=1.3m eta=0.5m
[karauri][PROGRESS] 2675/3587 rate=33.84/s elapsed=1.3m eta=0.4m
[karauri][PROGRESS] 2700/3587 rate=33.91/s elapsed=1.3m eta=0.4m
[karauri][PROGRESS] 2725/3587 rate=33.84/s elapsed=1.3m eta=0.4m
[karauri][PROGRESS] 2750/3587 rate=33.84/s elapsed=1.4m eta=0.4m
[karauri][PROGRESS] 2775/3587 rate=33.85/s elapsed=1.4m eta=0.4m
[karauri][PROGRESS] 2800/3587 rate=33.88/s elapsed=1.4m eta=0.4m
[karauri][COMMIT] 2800/3587 ok=2795 fail=5 no_short=328
[karauri][PROGRESS] 2825/3587 rate=33.77/s elapsed=1.4m eta=0.4m
[karauri][PROGRESS] 2850/3587 rate=33.75/s elapsed=1.4m eta=0.4m
[karauri][PROGRESS] 2875/3587 rate=33.72/s elapsed=1.4m eta=0.4m
[karauri][PROGRESS] 2900/3587 rate=33.74/s elapsed=1.4m eta=0.3m
[karauri][PROGRESS] 2925/3587 rate=33.78/s elapsed=1.4m eta=0.3m
[karauri][PROGRESS] 2950/3587 rate=33.77/s elapsed=1.5m eta=0.3m
[karauri][PROGRESS] 2975/3587 rate=33.74/s elapsed=1.5m eta=0.3m
[karauri][PROGRESS] 3000/3587 rate=33.77/s elapsed=1.5m eta=0.3m
[karauri][COMMIT] 3000/3587 ok=2995 fail=5 no_short=347
[karauri][PROGRESS] 3025/3587 rate=33.63/s elapsed=1.5m eta=0.3m
[karauri] retry 1/1 wait=0.4s: transient HTTP 500
[karauri][PROGRESS] 3050/3587 rate=33.64/s elapsed=1.5m eta=0.3m
[karauri][PROGRESS] 3075/3587 rate=33.56/s elapsed=1.5m eta=0.3m
[karauri][PROGRESS] 3100/3587 rate=33.58/s elapsed=1.5m eta=0.2m
[karauri][PROGRESS] 3125/3587 rate=33.56/s elapsed=1.6m eta=0.2m
[karauri][PROGRESS] 3150/3587 rate=33.49/s elapsed=1.6m eta=0.2m
[karauri][PROGRESS] 3175/3587 rate=33.50/s elapsed=1.6m eta=0.2m
[karauri][PROGRESS] 3200/3587 rate=33.41/s elapsed=1.6m eta=0.2m
[karauri][COMMIT] 3200/3587 ok=3195 fail=5 no_short=360
[karauri][PROGRESS] 3225/3587 rate=33.30/s elapsed=1.6m eta=0.2m
[karauri][PROGRESS] 3250/3587 rate=33.30/s elapsed=1.6m eta=0.2m
[karauri][PROGRESS] 3275/3587 rate=33.27/s elapsed=1.6m eta=0.2m
[karauri][PROGRESS] 3300/3587 rate=33.28/s elapsed=1.7m eta=0.1m
[karauri][PROGRESS] 3325/3587 rate=33.28/s elapsed=1.7m eta=0.1m
[karauri][PROGRESS] 3350/3587 rate=33.24/s elapsed=1.7m eta=0.1m
[karauri][PROGRESS] 3375/3587 rate=33.18/s elapsed=1.7m eta=0.1m
[karauri][PROGRESS] 3400/3587 rate=33.15/s elapsed=1.7m eta=0.1m
[karauri][COMMIT] 3400/3587 ok=3393 fail=7 no_short=375
[karauri][PROGRESS] 3425/3587 rate=33.06/s elapsed=1.7m eta=0.1m
[karauri][PROGRESS] 3450/3587 rate=32.91/s elapsed=1.7m eta=0.1m
[karauri][PROGRESS] 3475/3587 rate=32.94/s elapsed=1.8m eta=0.1m
[karauri][PROGRESS] 3500/3587 rate=32.88/s elapsed=1.8m eta=0.0m
[karauri][PROGRESS] 3525/3587 rate=32.87/s elapsed=1.8m eta=0.0m
[karauri][PROGRESS] 3550/3587 rate=32.82/s elapsed=1.8m eta=0.0m
[karauri] retry 1/1 wait=0.4s: transient HTTP 500
[karauri][PROGRESS] 3575/3587 rate=32.78/s elapsed=1.8m eta=0.0m
[karauri][PROGRESS] 3587/3587 rate=32.58/s elapsed=1.8m eta=0.0m
[karauri][COMMIT] 3587/3587 ok=3578 fail=9 no_short=390
[karauri] 今回 ok=3578 fail=9 no_short=390
[karauri][PARTIAL] 未完了=9 sample=['556A', '558A', '559A', '581A', '584A', '589A', '590A', '593A', '598A']
===== 2026-08-19T08:04:08 END status=partial rc=2 =====
