

===== 2026-08-19T08:00:34 START C:\Users\sasit\AppData\Local\Programs\Python\Python310\pythonw.exe D:\kabu\main\1-スクリーニング自動化プログラム\main\株探ファンダ.py 3174,3660,3856,4320,4415,4776,6046,6094,6327,7383,7532,7707,7814,8084,8304,8798,9887 --force-refresh =====
[INFO] fetching finance data: https://kabutan.jp/stock/finance?code=7814
[INFO] fetching finance data: https://kabutan.jp/stock/finance?code=8084
[INFO] fetching finance data: https://kabutan.jp/stock/finance?code=4415
[INFO] fetching finance data: https://kabutan.jp/stock/finance?code=3856
[INFO] fetching finance data: https://kabutan.jp/stock/finance?code=4776
[INFO] fetching finance data: https://kabutan.jp/stock/finance?code=7707
[INFO] fetching finance data: https://kabutan.jp/stock/finance?code=9887
[OK] 8084 done. Score:5, Alpha:A+
[OK] 7814 done. Score:-3, Alpha:D-
[INFO] fetching finance data: https://kabutan.jp/stock/finance?code=6327
[INFO] fetching finance data: https://kabutan.jp/stock/finance?code=8798
[PROG] 3856 label=25.07-09 key_q=None key_f=None cum_op=None full_op=None status=予想データ欠損 progress=None%
[OK] 3856 done. Score:0, Alpha:C
[OK] 7707 done. Score:0, Alpha:C
[OK] 9887 done. Score:-1, Alpha:D-
[PROG] 4415 label=連 26.04-06 key_q=None key_f=None cum_op=None full_op=None status=予想データ欠損 progress=None%
[OK] 4415 done. Score:1, Alpha:C
[OK] 4776 done. Score:2, Alpha:B
[INFO] fetching finance data: https://kabutan.jp/stock/finance?code=3660
[INFO] fetching finance data: https://kabutan.jp/stock/finance?code=6094
[INFO] fetching finance data: https://kabutan.jp/stock/finance?code=7383
[INFO] fetching finance data: https://kabutan.jp/stock/finance?code=8304
[INFO] fetching finance data: https://kabutan.jp/stock/finance?code=7532
[OK] 7532 done. Score:-2, Alpha:D-
[INFO] fetching finance data: https://kabutan.jp/stock/finance?code=3174
[OK] 3660 done. Score:1, Alpha:C
[OK] 6094 done. Score:6, Alpha:A+
[OK] 7383 done. Score:6, Alpha:A+
[OK] 6327 done. Score:4, Alpha:B
[PROG] 8304 label=26.04-06 key_q=None key_f=None cum_op=None full_op=None status=予想データ欠損 progress=None%
[OK] 8304 done. Score:1, Alpha:C
[OK] 8798 done. Score:6, Alpha:A+
[INFO] fetching finance data: https://kabutan.jp/stock/finance?code=4320
[INFO] fetching finance data: https://kabutan.jp/stock/finance?code=6046
[PROG] 6046 label=連 26.04-06 key_q=2026.09 key_f=2026.09 cum_op=-21.0 full_op=2.0 status=予想データ欠損 progress=None%
[OK] 6046 done. Score:5, Alpha:A+
[OK] 4320 done. Score:-1, Alpha:D-
[PROG] 3174 label=連 26.03-05 key_q=2026.08 key_f=2026.08 cum_op=-256.0 full_op=-268.0 status=予想データ欠損 progress=None%
[OK] 3174 done. Score:4, Alpha:B
[REACTION] past_earnings_dates 再構成: 17/17銘柄
[QUARTERLY_HISTORY] 136行 UPSERT
[producer] 財務データ更新完了。Fair Value再計算は自動スクリーニング側へ委譲します。
[producer] summary OK=17 SKIP=0 ERROR=0
===== 2026-08-19T08:00:40 END status=success rc=0 =====
